Warning[w6]: Type conflict for external/entry "strcpy", in module SimpleDS18B20 against external/entry in module ?strcpy; prototyped function vs K&R function
  /* In module SimpleDS18B20: */
  /* K&R Function, args 0, attr 0 */
  int (__xdata_reentrant strcpy)();
  /* In module ?strcpy: */
  /* Function, args 2, attr 0 */
  char * (__xdata_reentrant strcpy)(char *,
                                    char const *);
Warning[w52]: More than one definition for the byte at address 0x6b in common segment INTVEC. It is defined in module "hal_uart" as well as in module "hal_key"
################################################################################
#                                                                              #
#      IAR Universal Linker V5.4.1.30                                          #
#                                                                              #
#           Link time     =  13/Mar/2014  15:59:30                             #
#           Target CPU    =  x51                                               #
#           List file     =  E:\TexasInstruments\BLE-CC254x-1.4.0\Projects\ble #
#                            \SimpleBLEPeripheralzeke\CC2541DB\CC2541\List\Sim #
#                            pleBLEPeripheral.map                              #
#           Output file 1 =  E:\TexasInstruments\BLE-CC254x-1.4.0\Projects\ble #
#                            \SimpleBLEPeripheralzeke\CC2541DB\CC2541\Exe\Simp #
#                            leBLEPeripheral.hex                               #
#                            Format: intel-extended                            #
#           Output file 2 =  E:\TexasInstruments\BLE-CC254x-1.4.0\Projects\ble #
#                            \SimpleBLEPeripheralzeke\CC2541DB\CC2541\Exe\Simp #
#                            leBLEPeripheral.d51                               #
#                            Format: debug                                     #
#                            UBROF version 10.0.6                              #
#                            Using library modules for C-SPY (-rt)             #
#           Command line  =  "-IC:\Program Files\IAR Systems\Embedded Workbenc #
#                            h 6.4\8051\CONFIG\"                               #
#                            -D_NR_OF_BANKS=0x07 -D_CODEBANK_END=0xFFFF        #
#                            -D_CODEBANK_START=0x8000 -D?CBANK_MASK=0xFF       #
#                            -D?CBANK=0x9F                                     #
#                            E:\TexasInstruments\BLE-CC254x-1.4.0\Projects\ble #
#                            \Libraries\CC2541DB\bin\CC2541_BLE_peri.lib       #
#                            E:\TexasInstruments\BLE-CC254x-1.4.0\Projects\ble #
#                            \Libraries\Common\bin\CC254x_BLE_HCI_TL_None.lib  #
#                            E:\TexasInstruments\BLE-CC254x-1.4.0\Projects\ble #
#                            \SimpleBLEPeripheralzeke\CC2541DB\CC2541\Obj\OSAL #
#                            .r51                                              #
#                            E:\TexasInstruments\BLE-CC254x-1.4.0\Projects\ble #
#                            \SimpleBLEPeripheralzeke\CC2541DB\CC2541\Obj\OSAL #
#                            _ClockBLE.r51                                     #
#                            E:\TexasInstruments\BLE-CC254x-1.4.0\Projects\ble #
#                            \SimpleBLEPeripheralzeke\CC2541DB\CC2541\Obj\OSAL #
#                            _Memory.r51                                       #
#                            E:\TexasInstruments\BLE-CC254x-1.4.0\Projects\ble #
#                            \SimpleBLEPeripheralzeke\CC2541DB\CC2541\Obj\OSAL #
#                            _PwrMgr.r51                                       #
#                            E:\TexasInstruments\BLE-CC254x-1.4.0\Projects\ble #
#                            \SimpleBLEPeripheralzeke\CC2541DB\CC2541\Obj\OSAL #
#                            _SimpleBLEPeripheral.r51                          #
#                            E:\TexasInstruments\BLE-CC254x-1.4.0\Projects\ble #
#                            \SimpleBLEPeripheralzeke\CC2541DB\CC2541\Obj\OSAL #
#                            _Timers.r51                                       #
#                            E:\TexasInstruments\BLE-CC254x-1.4.0\Projects\ble #
#                            \SimpleBLEPeripheralzeke\CC2541DB\CC2541\Obj\OnBo #
#                            ard.r51                                           #
#                            E:\TexasInstruments\BLE-CC254x-1.4.0\Projects\ble #
#                            \SimpleBLEPeripheralzeke\CC2541DB\CC2541\Obj\Simp #
#                            leBLEPeripheral_Main.r51                          #
#                            E:\TexasInstruments\BLE-CC254x-1.4.0\Projects\ble #
#                            \SimpleBLEPeripheralzeke\CC2541DB\CC2541\Obj\Simp #
#                            leBLESPIFlash.r51                                 #
#                            E:\TexasInstruments\BLE-CC254x-1.4.0\Projects\ble #
#                            \SimpleBLEPeripheralzeke\CC2541DB\CC2541\Obj\Simp #
#                            leBLESerialUart.r51                               #
#                            E:\TexasInstruments\BLE-CC254x-1.4.0\Projects\ble #
#                            \SimpleBLEPeripheralzeke\CC2541DB\CC2541\Obj\Simp #
#                            leDS18B20.r51                                     #
#                            E:\TexasInstruments\BLE-CC254x-1.4.0\Projects\ble #
#                            \SimpleBLEPeripheralzeke\CC2541DB\CC2541\Obj\Simp #
#                            leEepromUtils.r51                                 #
#                            E:\TexasInstruments\BLE-CC254x-1.4.0\Projects\ble #
#                            \SimpleBLEPeripheralzeke\CC2541DB\CC2541\Obj\Simp #
#                            leRTCInterrupt.r51                                #
#                            E:\TexasInstruments\BLE-CC254x-1.4.0\Projects\ble #
#                            \SimpleBLEPeripheralzeke\CC2541DB\CC2541\Obj\Simp #
#                            leTemperature.r51                                 #
#                            E:\TexasInstruments\BLE-CC254x-1.4.0\Projects\ble #
#                            \SimpleBLEPeripheralzeke\CC2541DB\CC2541\Obj\Simp #
#                            lepasscode.r51                                    #
#                            E:\TexasInstruments\BLE-CC254x-1.4.0\Projects\ble #
#                            \SimpleBLEPeripheralzeke\CC2541DB\CC2541\Obj\batt #
#                            service.r51                                       #
#                            E:\TexasInstruments\BLE-CC254x-1.4.0\Projects\ble #
#                            \SimpleBLEPeripheralzeke\CC2541DB\CC2541\Obj\devi #
#                            nfoservice.r51                                    #
#                            E:\TexasInstruments\BLE-CC254x-1.4.0\Projects\ble #
#                            \SimpleBLEPeripheralzeke\CC2541DB\CC2541\Obj\gap. #
#                            r51                                               #
#                            E:\TexasInstruments\BLE-CC254x-1.4.0\Projects\ble #
#                            \SimpleBLEPeripheralzeke\CC2541DB\CC2541\Obj\gapb #
#                            ondmgr.r51                                        #
#                            E:\TexasInstruments\BLE-CC254x-1.4.0\Projects\ble #
#                            \SimpleBLEPeripheralzeke\CC2541DB\CC2541\Obj\gatt #
#                            _uuid.r51                                         #
#                            E:\TexasInstruments\BLE-CC254x-1.4.0\Projects\ble #
#                            \SimpleBLEPeripheralzeke\CC2541DB\CC2541\Obj\hal_ #
#                            adc.r51                                           #
#                            E:\TexasInstruments\BLE-CC254x-1.4.0\Projects\ble #
#                            \SimpleBLEPeripheralzeke\CC2541DB\CC2541\Obj\hal_ #
#                            aes.r51                                           #
#                            E:\TexasInstruments\BLE-CC254x-1.4.0\Projects\ble #
#                            \SimpleBLEPeripheralzeke\CC2541DB\CC2541\Obj\hal_ #
#                            at24c32.r51                                       #
#                            E:\TexasInstruments\BLE-CC254x-1.4.0\Projects\ble #
#                            \SimpleBLEPeripheralzeke\CC2541DB\CC2541\Obj\hal_ #
#                            crc.r51                                           #
#                            E:\TexasInstruments\BLE-CC254x-1.4.0\Projects\ble #
#                            \SimpleBLEPeripheralzeke\CC2541DB\CC2541\Obj\hal_ #
#                            dma.r51                                           #
#                            E:\TexasInstruments\BLE-CC254x-1.4.0\Projects\ble #
#                            \SimpleBLEPeripheralzeke\CC2541DB\CC2541\Obj\hal_ #
#                            drivers.r51                                       #
#                            E:\TexasInstruments\BLE-CC254x-1.4.0\Projects\ble #
#                            \SimpleBLEPeripheralzeke\CC2541DB\CC2541\Obj\hal_ #
#                            ds1307.r51                                        #
#                            E:\TexasInstruments\BLE-CC254x-1.4.0\Projects\ble #
#                            \SimpleBLEPeripheralzeke\CC2541DB\CC2541\Obj\hal_ #
#                            eeprom.r51                                        #
#                            E:\TexasInstruments\BLE-CC254x-1.4.0\Projects\ble #
#                            \SimpleBLEPeripheralzeke\CC2541DB\CC2541\Obj\hal_ #
#                            flash.r51                                         #
#                            E:\TexasInstruments\BLE-CC254x-1.4.0\Projects\ble #
#                            \SimpleBLEPeripheralzeke\CC2541DB\CC2541\Obj\hal_ #
#                            i2c.r51                                           #
#                            E:\TexasInstruments\BLE-CC254x-1.4.0\Projects\ble #
#                            \SimpleBLEPeripheralzeke\CC2541DB\CC2541\Obj\hal_ #
#                            key.r51                                           #
#                            E:\TexasInstruments\BLE-CC254x-1.4.0\Projects\ble #
#                            \SimpleBLEPeripheralzeke\CC2541DB\CC2541\Obj\hal_ #
#                            lcd.r51                                           #
#                            E:\TexasInstruments\BLE-CC254x-1.4.0\Projects\ble #
#                            \SimpleBLEPeripheralzeke\CC2541DB\CC2541\Obj\hal_ #
#                            led.r51                                           #
#                            E:\TexasInstruments\BLE-CC254x-1.4.0\Projects\ble #
#                            \SimpleBLEPeripheralzeke\CC2541DB\CC2541\Obj\hal_ #
#                            sensor.r51                                        #
#                            E:\TexasInstruments\BLE-CC254x-1.4.0\Projects\ble #
#                            \SimpleBLEPeripheralzeke\CC2541DB\CC2541\Obj\hal_ #
#                            sleep.r51                                         #
#                            E:\TexasInstruments\BLE-CC254x-1.4.0\Projects\ble #
#                            \SimpleBLEPeripheralzeke\CC2541DB\CC2541\Obj\hal_ #
#                            startup.r51                                       #
#                            E:\TexasInstruments\BLE-CC254x-1.4.0\Projects\ble #
#                            \SimpleBLEPeripheralzeke\CC2541DB\CC2541\Obj\hal_ #
#                            timer.r51                                         #
#                            E:\TexasInstruments\BLE-CC254x-1.4.0\Projects\ble #
#                            \SimpleBLEPeripheralzeke\CC2541DB\CC2541\Obj\hal_ #
#                            uart.r51                                          #
#                            E:\TexasInstruments\BLE-CC254x-1.4.0\Projects\ble #
#                            \SimpleBLEPeripheralzeke\CC2541DB\CC2541\Obj\npi. #
#                            r51                                               #
#                            E:\TexasInstruments\BLE-CC254x-1.4.0\Projects\ble #
#                            \SimpleBLEPeripheralzeke\CC2541DB\CC2541\Obj\osal #
#                            _bufmgr.r51                                       #
#                            E:\TexasInstruments\BLE-CC254x-1.4.0\Projects\ble #
#                            \SimpleBLEPeripheralzeke\CC2541DB\CC2541\Obj\osal #
#                            _cbtimer.r51                                      #
#                            E:\TexasInstruments\BLE-CC254x-1.4.0\Projects\ble #
#                            \SimpleBLEPeripheralzeke\CC2541DB\CC2541\Obj\osal #
#                            _snv.r51                                          #
#                            E:\TexasInstruments\BLE-CC254x-1.4.0\Projects\ble #
#                            \SimpleBLEPeripheralzeke\CC2541DB\CC2541\Obj\peri #
#                            pheral.r51                                        #
#                            E:\TexasInstruments\BLE-CC254x-1.4.0\Projects\ble #
#                            \SimpleBLEPeripheralzeke\CC2541DB\CC2541\Obj\simp #
#                            leBLEPeripheral.r51                               #
#                            E:\TexasInstruments\BLE-CC254x-1.4.0\Projects\ble #
#                            \SimpleBLEPeripheralzeke\CC2541DB\CC2541\Obj\simp #
#                            leGATTprofile.r51                                 #
#                            -o                                                #
#                            E:\TexasInstruments\BLE-CC254x-1.4.0\Projects\ble #
#                            \SimpleBLEPeripheralzeke\CC2541DB\CC2541\Exe\Simp #
#                            leBLEPeripheral.d51                               #
#                            -l                                                #
#                            E:\TexasInstruments\BLE-CC254x-1.4.0\Projects\ble #
#                            \SimpleBLEPeripheralzeke\CC2541DB\CC2541\List\Sim #
#                            pleBLEPeripheral.map                              #
#                            -xeso -f                                          #
#                            E:\TexasInstruments\BLE-CC254x-1.4.0\Projects\ble #
#                            \SimpleBLEPeripheralzeke\CC2541DB\..\..\common\cc #
#                            2540\ti_51ew_cc2540b.xcl                          #
#                            (-D_IDATA_END=0xFF -D_PDATA_START=0x1E00          #
#                            -D_PDATA_END=0x1EFF -D_IXDATA_START=0x0001        #
#                            -D_IXDATA_END=0x1EFF                              #
#                            -D_XDATA_START=_IXDATA_START                      #
#                            -D_XDATA_END=_IXDATA_END -D_CODE_START=0x0000     #
#                            -D_CODE_END=0x7FFF -D_FIRST_BANK_ADDR=0x10000     #
#                            -D_NEAR_CODE_END=_CODE_END -D?REGISTER_BANK=0     #
#                            -D_REGISTER_BANK_START=0 -D?PBANK_NUMBER=0x1E     #
#                            -D_BREG_START=0x00 -D?VB=0x20                     #
#                            -D_FAR_DATA_NR_OF_BANKS=0x0E                      #
#                            -D_FAR_DATA_START=0x010001                        #
#                            -D_FAR_DATA_END=0xFFFFFF                          #
#                            -D_FAR_CODE_START=_CODE_START                     #
#                            -D_FAR_CODE_END=_CODE_END                         #
#                            -Z(BIT)BREG=_BREG_START -Z(BIT)BIT_N=0-7F         #
#                            -Z(DATA)REGISTERS+8=_REGISTER_BANK_START          #
#                            -Z(DATA)BDATA_Z,BDATA_N,BDATA_I=20-2F             #
#                            -Z(DATA)VREG+_NR_OF_VIRTUAL_REGISTERS=08-7F       #
#                            -Z(DATA)PSP,XSP=08-7F -Z(DATA)DOVERLAY=08-7F      #
#                            -Z(DATA)DATA_I,DATA_Z,DATA_N=08-7F                #
#                            -U(IDATA)0-7F=(DATA)0-7F                          #
#                            -Z(IDATA)IDATA_I,IDATA_Z,IDATA_N=08-_IDATA_END    #
#                            -Z(IDATA)ISTACK+_IDATA_STACK_SIZE#08-_IDATA_END   #
#                            -Z(IDATA)IOVERLAY=08-FF                           #
#                            -Z(CODE)INTVEC=_CODE_START                        #
#                            -Z(CODE)CSTART=_CODE_START-_CODE_END              #
#                            -Z(CODE)BIT_ID,BDATA_ID,DATA_ID,IDATA_ID,IXDATA_I #
#                            D,PDATA_ID,XDATA_ID=_CODE_START-_CODE_END         #
#                            -Z(CODE)HUGE_ID=_FAR_CODE_START-_FAR_CODE_END     #
#                            -D_SLEEP_CODE_SPACE_START=(_CODE_END-7)           #
#                            -D_SLEEP_CODE_SPACE_END=(_CODE_END)               #
#                            -Z(CODE)SLEEP_CODE=_SLEEP_CODE_SPACE_START-_SLEEP #
#                            _CODE_SPACE_END                                   #
#                            -Z(CODE)BANK_RELAYS,RCODE,DIFUNCT,CODE_N,NEAR_COD #
#                            E=_CODE_START-_CODE_END                           #
#                            -P(CODE)CODE_C=_CODE_START-_CODE_END              #
#                            -P(CONST)XDATA_ROM_C=0x8000-0xFFFF                #
#                            -P(CODE)XDATA_ROM_C_FLASH=0x18000-0x1FFFF         #
#                            -QXDATA_ROM_C=XDATA_ROM_C_FLASH                   #
#                            -P(CODE)BANKED_CODE=_CODE_START-_CODE_END,[(_CODE #
#                            BANK_START+_FIRST_BANK_ADDR)-(_CODEBANK_END+_FIRS #
#                            T_BANK_ADDR)]*_NR_OF_BANKS+10000                  #
#                            -P(CODE)FAR_CODE_C,FAR_CODE_N,FAR_CODE=[_FAR_CODE #
#                            _START-_FAR_CODE_END]/10000                       #
#                            -P(CODE)HUGE_CODE_C=_FAR_CODE_START-_FAR_CODE_END #
#                            -Z(CODE)CHECKSUM#_CODE_END                        #
#                            -Z(XDATA)EXT_STACK+_EXTENDED_STACK_SIZE=_EXTENDED #
#                            _STACK_START                                      #
#                            -Z(XDATA)PSTACK+_PDATA_STACK_SIZE=_PDATA_START-_P #
#                            DATA_END                                          #
#                            -Z(XDATA)XSTACK+_XDATA_STACK_SIZE=_XDATA_START-_X #
#                            DATA_END                                          #
#                            -Z(XDATA)PDATA_Z,PDATA_I=_PDATA_START-_PDATA_END  #
#                            -P(XDATA)PDATA_N=_PDATA_START-_PDATA_END          #
#                            -Z(XDATA)IXDATA_Z,IXDATA_I=_IXDATA_START-_IXDATA_ #
#                            END                                               #
#                            -P(XDATA)IXDATA_N=_IXDATA_START-_IXDATA_END       #
#                            -Z(XDATA)XDATA_Z,XDATA_I=_XDATA_START-_XDATA_END  #
#                            -P(XDATA)XDATA_N=_XDATA_START-_XDATA_END          #
#                            -Z(XDATA)XDATA_HEAP+_XDATA_HEAP_SIZE=_XDATA_START #
#                            -_XDATA_END                                       #
#                            -Z(XDATA)FAR_Z=[_FAR_DATA_START-_FAR_DATA_END]/10 #
#                            000                                               #
#                            -Z(XDATA)FAR_I=[_FAR_DATA_START-_FAR_DATA_END]/10 #
#                            000                                               #
#                            -Z(CODE)FAR_ID=[_FAR_CODE_START-_FAR_CODE_END]/10 #
#                            000                                               #
#                            -Z(XDATA)FAR_HEAP+_FAR_HEAP_SIZE=[_FAR_DATA_START #
#                            -_FAR_DATA_END]/10000                             #
#                            -P(XDATA)FAR_N=[_FAR_DATA_START-_FAR_DATA_END]*_F #
#                            AR_DATA_NR_OF_BANKS+10000                         #
#                            -P(CONST)FAR_ROM_C=[_FAR_DATA_START-_FAR_DATA_END #
#                            ]*_FAR_DATA_NR_OF_BANKS+10000                     #
#                            -Z(XDATA)HUGE_Z,HUGE_I=_FAR_DATA_START-_FAR_DATA_ #
#                            END                                               #
#                            -P(XDATA)HUGE_N=_FAR_DATA_START-_FAR_DATA_END     #
#                            -Z(XDATA)HUGE_HEAP+_HUGE_HEAP_SIZE=_FAR_DATA_STAR #
#                            T-_FAR_DATA_END                                   #
#                            -Z(CONST)HUGE_ROM_C=_FAR_DATA_START-_FAR_DATA_END #
#                            -cx51 -D_BLENV_ADDRESS_SPACE_START=0x7E800        #
#                            -D_BLENV_ADDRESS_SPACE_END=0x7F7FF                #
#                            -Z(CODE)BLENV_ADDRESS_SPACE=_BLENV_ADDRESS_SPACE_ #
#                            START-_BLENV_ADDRESS_SPACE_END                    #
#                            -D_BANK0_START=0x00000 -D_BANK0_END=0x07FFF       #
#                            -D_BANK1_START=0x18000 -D_BANK1_END=0x1FFFF       #
#                            -D_BANK2_START=0x28000 -D_BANK2_END=0x2FFFF       #
#                            -D_BANK3_START=0x38000 -D_BANK3_END=0x3FFFF       #
#                            -D_BANK4_START=0x48000 -D_BANK4_END=0x4FFFF       #
#                            -D_BANK5_START=0x58000 -D_BANK5_END=0x5FFFF       #
#                            -D_BANK6_START=0x68000 -D_BANK6_END=0x6FFFF       #
#                            -D_BANK7_START=0x78000                            #
#                            -D_BANK7_END=(_BLENV_ADDRESS_SPACE_START-1)       #
#                            -P(CODE)BANK0=_BANK0_START-_BANK0_END             #
#                            -P(CODE)BANK1=_BANK1_START-_BANK1_END             #
#                            -P(CODE)BANK2=_BANK2_START-_BANK2_END             #
#                            -P(CODE)BANK3=_BANK3_START-_BANK3_END             #
#                            -P(CODE)BANK4=_BANK4_START-_BANK4_END             #
#                            -P(CODE)BANK5=_BANK5_START-_BANK5_END             #
#                            -P(CODE)BANK6=_BANK6_START-_BANK6_END             #
#                            -P(CODE)BANK7=_BANK7_START-_BANK7_END             #
#                            -M(CODE)[(_CODEBANK_START+_FIRST_BANK_ADDR)-(_COD #
#                            EBANK_END+_FIRST_BANK_ADDR)]*_NR_OF_BANKS+0x10000 #
#                            =0x8000                                           #
#                            -ww69=i                                           #
#                            -D_FLASH_LOCK_BITS_START=((_NR_OF_BANKS*_FIRST_BA #
#                            NK_ADDR)+0xFFF0)                                  #
#                            -D_FLASH_LOCK_BITS_END=((_NR_OF_BANKS*_FIRST_BANK #
#                            _ADDR)+0xFFFF)                                    #
#                            -Z(CODE)FLASH_LOCK_BITS=_FLASH_LOCK_BITS_START-_F #
#                            LASH_LOCK_BITS_END                                #
#                            -U(CODE)0x0000=(CODE)_FLASH_LOCK_BITS_START-_FLAS #
#                            H_LOCK_BITS_END)                                  #
#                            -D_NR_OF_VIRTUAL_REGISTERS=10 -D?PBANK=0x93       #
#                            -e?BCALL_FF=?BCALL -e?BRET_FF=?BRET               #
#                            -e?BDISPATCH_FF=?BDISPATCH                        #
#                            -e_large_write=_formatted_write                   #
#                            -e_large_read=_formatted_read -rt                 #
#                            -Ointel-extended=E:\TexasInstruments\BLE-CC254x-1 #
#                            .4.0\Projects\ble\SimpleBLEPeripheralzeke\CC2541D #
#                            B\CC2541\Exe\SimpleBLEPeripheral.hex              #
#                            -s __program_start                                #
#                            "C:\Program Files\IAR Systems\Embedded Workbench  #
#                            6.4\8051\LIB\CLIB\cl-pli-blxd-1e16x01.r51"        #
#                            -D_IDATA_STACK_SIZE=0xC8                          #
#                            -D_EXTENDED_STACK_START=0x00                      #
#                            -D_EXTENDED_STACK_SIZE=0x00                       #
#                            -D_PDATA_STACK_SIZE=0x00                          #
#                            -D_XDATA_STACK_SIZE=0x280                         #
#                            -D_XDATA_HEAP_SIZE=0xFF -D_FAR_HEAP_SIZE=0xFFF    #
#                            -D_HUGE_HEAP_SIZE=0xFFF -D_FAR22_HEAP_SIZE=0xFF   #
#                                                                              #
#                           Copyright (C) 1987-2012 IAR Systems AB.            #
################################################################################





                ****************************************
                *                                      *
                *           CROSS REFERENCE            *
                *                                      *
                ****************************************

       Program entry at : CODE      0000011D  Relocatable, from module : CSTARTUP




                ****************************************
                *                                      *
                *            RUNTIME MODEL             *
                *                                      *
                ****************************************

  __SystemLibrary          = CLib
  __calling_convention     = xdata_reentrant
  __code_model             = banked
  __core                   = plain
  __data_model             = large
  __dptr_size              = 16
  __extended_stack         = disabled
  __location_for_constants = data
  __number_of_dptrs        = 1
  __rt_version             = 1

                ****************************************
                *                                      *
                *    AUTOMATIC SYMBOL REDIRECTIONS     *
                *                                      *
                ****************************************

                  There are no automatic symbol redirections.

                ****************************************
                *                                      *
                *              ENTRY LIST              *
                *                                      *
                ****************************************

Module  Entry                                          Address
------  -----                                          -------
?FILLER_BYTES
?ABS_ENTRY_MOD
        _FAR22_HEAP_SIZE                               CODE 000000FF
        _HUGE_HEAP_SIZE                                CODE 00000FFF
        _FAR_HEAP_SIZE                                 CODE 00000FFF
        _XDATA_HEAP_SIZE                               CODE 000000FF
        _XDATA_STACK_SIZE                              CODE 00000280
        _PDATA_STACK_SIZE                              CODE 00000000
        _EXTENDED_STACK_SIZE                           CODE 00000000
        _EXTENDED_STACK_START                          CODE 00000000
        _IDATA_STACK_SIZE                              CODE 000000C8
        ?PBANK                                         CODE 00000093
        _NR_OF_VIRTUAL_REGISTERS                       CODE 00000010
        _FLASH_LOCK_BITS_END                           CODE 0003FFFF
        _FLASH_LOCK_BITS_START                         CODE 0003FFF0
        _BANK7_END                                     CODE 0003E7FF
        _BANK7_START                                   CODE 00038000
        _BANK6_END                                     CODE 00037FFF
        _BANK6_START                                   CODE 00030000
        _BANK5_END                                     CODE 0002FFFF
        _BANK5_START                                   CODE 00028000
        _BANK4_END                                     CODE 00027FFF
        _BANK4_START                                   CODE 00020000
        _BANK3_END                                     CODE 0001FFFF
        _BANK3_START                                   CODE 00018000
        _BANK2_END                                     CODE 00017FFF
        _BANK2_START                                   CODE 00010000
        _BANK1_END                                     CODE 0000FFFF
        _BANK1_START                                   CODE 00008000
        _BANK0_END                                     CODE 00007FFF
        _BANK0_START                                   CODE 00000000
        _BLENV_ADDRESS_SPACE_END                       CODE 0003F7FF
        _BLENV_ADDRESS_SPACE_START                     CODE 0003E800
        _SLEEP_CODE_SPACE_END                          CODE 00007FFF
        _SLEEP_CODE_SPACE_START                        CODE 00007FF8
        _FAR_CODE_END                                  CODE 00007FFF
        _FAR_CODE_START                                CODE 00000000
        _FAR_DATA_END                                  CODE 00FFFFFF
        _FAR_DATA_START                                CODE 00010001
        _FAR_DATA_NR_OF_BANKS                          CODE 0000000E
        ?VB                                            CODE 00000020
        _BREG_START                                    CODE 00000000
        ?PBANK_NUMBER                                  CODE 0000001E
        _REGISTER_BANK_START                           CODE 00000000
        ?REGISTER_BANK                                 CODE 00000000
        _NEAR_CODE_END                                 CODE 00007FFF
        _FIRST_BANK_ADDR                               CODE 00010000
        _CODE_END                                      CODE 00007FFF
        _CODE_START                                    CODE 00000000
        _XDATA_END                                     CODE 00001EFF
        _XDATA_START                                   CODE 00000001
        _IXDATA_END                                    CODE 00001EFF
        _IXDATA_START                                  CODE 00000001
        _PDATA_END                                     CODE 00001EFF
        _PDATA_START                                   CODE 00001E00
        _IDATA_END                                     CODE 000000FF
        ?CBANK                                         CODE 0000009F
        ?CBANK_MASK                                    CODE 000000FF
        _CODEBANK_START                                CODE 00008000
        _CODEBANK_END                                  CODE 0000FFFF
        _NR_OF_BANKS                                   CODE 00000007
att_server ( E:\TexasInstruments\BLE-CC254x-1.4.0\Projects\ble\Libraries\CC2541DB\bin\CC2541_BLE_peri.lib )
        ATT_ErrorRsp                                   CODE 0001B4AF
        ATT_ExchangeMTURsp                             CODE 0001B4C6
        ATT_FindInfoRsp                                CODE 0001B4F7
        ATT_FindByTypeValueRsp                         CODE 0001B532
        ATT_ReadByTypeRsp                              CODE 0001B55C
        ATT_ReadRsp                                    CODE 0001B586
        ATT_ReadBlobRsp                                CODE 0001B59D
        ATT_ReadMultiRsp                               CODE 0001B5B4
        ATT_ReadByGrpTypeRsp                           CODE 0001B5CB
        ATT_WriteRsp                                   CODE 0001B5F4
        ATT_PrepareWriteRsp                            CODE 0001B607
        ATT_ExecuteWriteRsp                            CODE 0001B61D
        ATT_HandleValueNoti                            CODE 0001B630
        ATT_HandleValueInd                             CODE 0001B657
        ATT_ErrorRsp::?relay                           CODE 00000478
        ATT_ExchangeMTURsp::?relay                     CODE 0000047E
        ATT_FindInfoRsp::?relay                        CODE 00000484
        ATT_FindByTypeValueRsp::?relay                 CODE 0000048A
        ATT_ReadByTypeRsp::?relay                      CODE 00000490
        ATT_ReadRsp::?relay                            CODE 00000496
        ATT_ReadBlobRsp::?relay                        CODE 0000049C
        ATT_ReadMultiRsp::?relay                       CODE 000004A2
        ATT_ReadByGrpTypeRsp::?relay                   CODE 000004A8
        ATT_WriteRsp::?relay                           CODE 000004AE
        ATT_PrepareWriteRsp::?relay                    CODE 000004B4
        ATT_ExecuteWriteRsp::?relay                    CODE 000004BA
        ATT_HandleValueNoti::?relay                    CODE 000004C0
        ATT_HandleValueInd::?relay                     CODE 000004C6
att_util ( E:\TexasInstruments\BLE-CC254x-1.4.0\Projects\ble\Libraries\CC2541DB\bin\CC2541_BLE_peri.lib )
        btBaseUUID                                     CONST 00008337
        ATT_ParsePacket                                CODE 000135BB
        ATT_BuildErrorRsp                              CODE 000136BF
        ATT_ParseExchangeMTUReq                        CODE 000136F7
        ATT_BuildExchangeMTURsp                        CODE 0001371A
        ATT_ParseFindInfoReq                           CODE 00013725
        ATT_BuildFindInfoRsp                           CODE 00013748
        ATT_ParseFindByTypeValueReq                    CODE 00013857
        ATT_BuildFindByTypeValueRsp                    CODE 0001392C
        ATT_ParseReadByTypeReq                         CODE 000139A7
        ATT_BuildReadByTypeRsp                         CODE 00013A2F
        ATT_ParseReadReq                               CODE 00013A6A
        ATT_BuildReadRsp                               CODE 00013AA1
        ATT_ParseWriteReq                              CODE 00013B2F
        ATT_ParseReadBlobReq                           CODE 00013C08
        ATT_BuildReadBlobRsp                           CODE 00013C68
        ATT_ParseReadMultiReq                          CODE 00013C73
        ATT_BuildReadMultiRsp                          CODE 00013CF2
        ATT_BuildReadByGrpTypeRsp                      CODE 00013CF5
        ATT_ParsePrepareWriteReq                       CODE 00013CF8
        ATT_BuildPrepareWriteRsp                       CODE 00013D87
        ATT_ParseExecuteWriteReq                       CODE 00013D8A
        ATT_BuildHandleValueInd                        CODE 00013DBA
        attSendMsg                                     CODE 00013DE4
        ATT_CompareUUID                                CODE 00013ED2
        ATT_ConvertUUIDto128                           CODE 00013F84
        ATT_ParsePacket::?relay                        CODE 000004CC
        ATT_BuildErrorRsp::?relay                      CODE 000004D2
        ATT_ParseExchangeMTUReq::?relay                CODE 000004D8
        ATT_BuildExchangeMTURsp::?relay                CODE 000004DE
        ATT_ParseFindInfoReq::?relay                   CODE 000004E4
        ATT_BuildFindInfoRsp::?relay                   CODE 000004EA
        ATT_ParseFindByTypeValueReq::?relay            CODE 000004F0
        ATT_BuildFindByTypeValueRsp::?relay            CODE 000004F6
        ATT_ParseReadByTypeReq::?relay                 CODE 000004FC
        ATT_BuildReadByTypeRsp::?relay                 CODE 00000502
        ATT_ParseReadReq::?relay                       CODE 00000508
        ATT_BuildReadRsp::?relay                       CODE 0000050E
        ATT_ParseWriteReq::?relay                      CODE 00000514
        ATT_ParseReadBlobReq::?relay                   CODE 0000051A
        ATT_BuildReadBlobRsp::?relay                   CODE 00000520
        ATT_ParseReadMultiReq::?relay                  CODE 00000526
        ATT_BuildReadMultiRsp::?relay                  CODE 0000052C
        ATT_BuildReadByGrpTypeRsp::?relay              CODE 00000532
        ATT_ParsePrepareWriteReq::?relay               CODE 00000538
        ATT_BuildPrepareWriteRsp::?relay               CODE 0000053E
        ATT_ParseExecuteWriteReq::?relay               CODE 00000544
        ATT_BuildHandleValueInd::?relay                CODE 0000054A
        attSendMsg::?relay                             CODE 00000550
        ATT_CompareUUID::?relay                        CODE 00000556
        ATT_ConvertUUIDto128::?relay                   CODE 0000055C
gap_configmgr ( E:\TexasInstruments\BLE-CC254x-1.4.0\Projects\ble\Libraries\CC2541DB\bin\CC2541_BLE_peri.lib )
        gapAppTaskID                                   XDATA 00000D59
        gapProfileRole                                 XDATA 00000281
        gapDeviceAddrMode                              XDATA 00000282
        gapPrivateAddrChangeTimeout                    XDATA 00000283
        gapAutoAdvPrivateAddrChange                    XDATA 00000285
        GAP_SetParamValue                              CODE 00016CC2
        GAP_GetParamValue                              CODE 00016CEA
        GAP_ParamsInit                                 CODE 00016D18
        GAP_SecParamsInit                              CODE 00016D4F
        gapReadBD_ADDRStatus                           CODE 00016DAD
        gapReadBufSizeCmdStatus                        CODE 00016DF8
        gapProcessNewAddr                              CODE 00016E43
        gapAddAddrAdj                                  CODE 00016E83
        gapDetermineAddrType                           CODE 00016EC9
        gapProcessRandomAddrComplete                   CODE 00016EF7
        gapGetSRK                                      CODE 00016FB4
        gapGetSignCounter                              CODE 00016FBE
        gapIncSignCounter                              CODE 00016FCB
        gapUpdateConnSignCounter                       CODE 00016FFE
        gapGetDevAddressMode                           CODE 000170CA
        gapGetDevAddress                               CODE 000170D6
        gapGetIRK                                      CODE 000170EE
        __Constant_ea60                                CONST 00008496
        GAP_SetParamValue::?relay                      CODE 00000562
        GAP_GetParamValue::?relay                      CODE 00000568
        GAP_ParamsInit::?relay                         CODE 0000056E
        GAP_SecParamsInit::?relay                      CODE 00000574
        gapReadBD_ADDRStatus::?relay                   CODE 0000057A
        gapReadBufSizeCmdStatus::?relay                CODE 00000580
        gapProcessNewAddr::?relay                      CODE 00000586
        gapAddAddrAdj::?relay                          CODE 0000058C
        gapDetermineAddrType::?relay                   CODE 00000592
        gapProcessRandomAddrComplete::?relay           CODE 00000598
        gapGetSRK::?relay                              CODE 0000059E
        gapGetSignCounter::?relay                      CODE 000005A4
        gapIncSignCounter::?relay                      CODE 000005AA
        gapUpdateConnSignCounter::?relay               CODE 000005B0
        gapGetDevAddressMode::?relay                   CODE 000005B6
        gapGetDevAddress::?relay                       CODE 000005BC
        gapGetIRK::?relay                              CODE 000005C2
        gapSendDeviceInitDoneEvent                     CODE 000170F8
        gapSendDeviceInitDoneEvent::?relay             CODE 000005C8
gap_devmgr ( E:\TexasInstruments\BLE-CC254x-1.4.0\Projects\ble\Libraries\CC2541DB\bin\CC2541_BLE_peri.lib )
        pGapAdvertState                                XDATA 0000029C
        GAP_ResolvePrivateAddr                         CODE 0001C06B
        gapIsAdvertising                               CODE 0001C079
        gapValidADType                                 CODE 0001C091
        gapFindADType                                  CODE 0001C0A9
        GAP_ResolvePrivateAddr::?relay                 CODE 000005CE
        gapIsAdvertising::?relay                       CODE 000005D4
        gapValidADType::?relay                         CODE 000005DA
        gapFindADType::?relay                          CODE 000005E0
gap_linkmgr ( E:\TexasInstruments\BLE-CC254x-1.4.0\Projects\ble\Libraries\CC2541DB\bin\CC2541_BLE_peri.lib )
        pEstLink                                       XDATA 0000029E
        pAuthLink                                      XDATA 000002A0
        pfnCentralConnCBs                              XDATA 000002A2
        GAP_TerminateLinkReq                           CODE 0000CD71
        GAP_Signable                                   CODE 0000CE1D
        GAP_Authenticate                               CODE 0000CE98
        GAP_TerminateAuth                              CODE 0000CFB9
        GAP_PasscodeUpdate                             CODE 0000CFF5
        GAP_Bond                                       CODE 0000D09E
        gapProcessConnectionCompleteEvt                CODE 0000D185
        gapProcessConnUpdateCompleteEvt                CODE 0000D2E9
        gapProcessDisconnectCompleteEvt                CODE 0000D340
        sendEstLinkEvent                               CODE 0000D3C1
        gapSendLinkUpdateEvent                         CODE 0000D4FE
        gapFreeEstLink                                 CODE 0000D80C
        gapSendBondCompleteEvent                       CODE 0000D82A
        gapSendPairingReqEvent                         CODE 0000D8AD
        gapPasskeyNeededCB                             CODE 0000D981
        gapPairingCompleteCB                           CODE 0000DA49
        GAP_TerminateLinkReq::?relay                   CODE 000005E6
        GAP_Signable::?relay                           CODE 000005EC
        GAP_Authenticate::?relay                       CODE 000005F2
        GAP_TerminateAuth::?relay                      CODE 000005F8
        GAP_PasscodeUpdate::?relay                     CODE 000005FE
        GAP_Bond::?relay                               CODE 00000604
        gapProcessConnectionCompleteEvt::?relay        CODE 0000060A
        gapProcessConnUpdateCompleteEvt::?relay        CODE 00000610
        gapProcessDisconnectCompleteEvt::?relay        CODE 00000616
        sendEstLinkEvent::?relay                       CODE 0000061C
        gapSendLinkUpdateEvent::?relay                 CODE 00000628
        gapFreeEstLink::?relay                         CODE 00000640
        gapSendBondCompleteEvent::?relay               CODE 00000646
        gapSendPairingReqEvent::?relay                 CODE 0000064C
        gapPasskeyNeededCB::?relay                     CODE 00000652
        gapPairingCompleteCB::?relay                   CODE 00000658
        sendTerminateEvent                             CODE 0000D4B1
        disconnectNext                                 CODE 0000D584
        sendAuthEvent                                  CODE 0000D5B6
        gapFreeAuthLink                                CODE 0000D7CA
        sendTerminateEvent::?relay                     CODE 00000622
        disconnectNext::?relay                         CODE 0000062E
        sendAuthEvent::?relay                          CODE 00000634
        gapFreeAuthLink::?relay                        CODE 0000063A
gap_peridevmgr ( E:\TexasInstruments\BLE-CC254x-1.4.0\Projects\ble\Libraries\CC2541DB\bin\CC2541_BLE_peri.lib )
        GAP_MakeDiscoverable                           CODE 00016078
        GAP_UpdateAdvertisingData                      CODE 0001614B
        GAP_EndDiscoverable                            CODE 000161F4
        GAP_PeriDevMgrInit                             CODE 00016247
        gapSetAdvParams                                CODE 00016383
        gapSetAdvParamsStatus                          CODE 0001646F
        gapWriteAdvEnableStatus                        CODE 0001649E
        gapWriteAdvDataStatus                          CODE 000165B1
        __Constant_3e8                                 CONST 00008486
        GAP_MakeDiscoverable::?relay                   CODE 0000065E
        GAP_UpdateAdvertisingData::?relay              CODE 00000664
        GAP_EndDiscoverable::?relay                    CODE 0000066A
        GAP_PeriDevMgrInit::?relay                     CODE 00000670
        gapSetAdvParams::?relay                        CODE 0000067C
        gapSetAdvParamsStatus::?relay                  CODE 00000682
        gapWriteAdvEnableStatus::?relay                CODE 00000688
        gapWriteAdvDataStatus::?relay                  CODE 0000068E
        gapPeriProcessHCICmdCompleteEvt                CODE 000162F7
        gapProcessAdvertisingEvt                       CODE 000165F9
        gapSendMakeDiscEvent                           CODE 000166CE
        gapFreeAdvertState                             CODE 0001670A
        isLimitedDiscoverableMode                      CODE 00016726
        gapPeriProcessHCICmdCompleteEvt::?relay        CODE 00000676
        gapProcessAdvertisingEvt::?relay               CODE 00000694
        gapSendMakeDiscEvent::?relay                   CODE 0000069A
        gapFreeAdvertState::?relay                     CODE 000006A0
        isLimitedDiscoverableMode::?relay              CODE 000006A6
gap_perilinkmgr ( E:\TexasInstruments\BLE-CC254x-1.4.0\Projects\ble\Libraries\CC2541DB\bin\CC2541_BLE_peri.lib )
        GAP_SendSlaveSecurityRequest                   CODE 0001C346
        GAP_SendSlaveSecurityRequest::?relay           CODE 000006AC
gap_task ( E:\TexasInstruments\BLE-CC254x-1.4.0\Projects\ble\Libraries\CC2541DB\bin\CC2541_BLE_peri.lib )
        gapTaskID                                      XDATA 000002AC
        gapUnwantedTaskID                              XDATA 00000DAF
        pfnPeripheralCBs                               XDATA 000002AD
        GAP_RegisterForHCIMsgs                         CODE 000194E1
        GAP_Init                                       CODE 000194F7
        GAP_ProcessEvent                               CODE 0001951D
        GAP_NumActiveConnections                       CODE 00019639
        gapRegisterPeripheral                          CODE 00019870
        GAP_RegisterForHCIMsgs::?relay                 CODE 000006B2
        GAP_Init::?relay                               CODE 000006B8
        GAP_ProcessEvent::?relay                       CODE 000006BE
        GAP_NumActiveConnections::?relay               CODE 000006C4
        gapRegisterPeripheral::?relay                  CODE 000006D6
        gapProcessOSALMsg                              CODE 00019643
        gapProcessHCICmdCompleteEvt                    CODE 00019778
        gapProcessOSALMsg::?relay                      CODE 000006CA
        gapProcessHCICmdCompleteEvt::?relay            CODE 000006D0
gapgattserver ( E:\TexasInstruments\BLE-CC254x-1.4.0\Projects\ble\Libraries\CC2541DB\bin\CC2541_BLE_peri.lib )
        gapServiceCBs                                  CONST 00008463
        GGS_SetParameter                               CODE 0001679B
        GGS_AddService                                 CODE 000168CB
        GGS_SetParameter::?relay                       CODE 000006DC
        GGS_AddService::?relay                         CODE 000006E2
        ggs_SetAttrWPermit                             CODE 000168FE
        ggs_ReadAttrCB                                 CODE 00016948
        ggs_WriteAttrCB                                CODE 00016B0F
        ggs_SetAttrWPermit::?relay                     CODE 000006E8
        ggs_ReadAttrCB::?relay                         CODE 000006EE
        ggs_WriteAttrCB::?relay                        CODE 000006F4
gatt_server ( E:\TexasInstruments\BLE-CC254x-1.4.0\Projects\ble\Libraries\CC2541DB\bin\CC2541_BLE_peri.lib )
        serverInfoTbl                                  XDATA 000002D2
        reqTaskId                                      XDATA 00000E15
        GATT_InitServer                                CODE 0000AE4A
        GATT_RegisterService                           CODE 0000AEB4
        GATT_RegisterForReq                            CODE 0000B013
        GATT_VerifyReadPermissions                     CODE 0000B023
        GATT_VerifyWritePermissions                    CODE 0000B050
        GATT_ServiceChangedInd                         CODE 0000B0A7
        GATT_FindHandleUUID                            CODE 0000B150
        GATT_FindHandle                                CODE 0000B257
        GATT_FindNextAttr                              CODE 0000B321
        GATT_ServiceNumAttrs                           CODE 0000B481
        GATT_Indication                                CODE 0000B4C4
        GATT_Notification                              CODE 0000B569
        GATT_InitServer::?relay                        CODE 000006FA
        GATT_RegisterService::?relay                   CODE 00000700
        GATT_RegisterForReq::?relay                    CODE 00000706
        GATT_VerifyReadPermissions::?relay             CODE 0000070C
        GATT_VerifyWritePermissions::?relay            CODE 00000712
        GATT_ServiceChangedInd::?relay                 CODE 00000718
        GATT_FindHandleUUID::?relay                    CODE 0000071E
        GATT_FindHandle::?relay                        CODE 00000724
        GATT_FindNextAttr::?relay                      CODE 0000072A
        GATT_ServiceNumAttrs::?relay                   CODE 00000730
        GATT_Indication::?relay                        CODE 00000736
        GATT_Notification::?relay                      CODE 0000073C
        gattServiceLastHandle                          CODE 0000B5B6
        gattServerProcessMsgCB                         CODE 0000B5DC
        gattProcessExchangeMTUReq                      CODE 0000B7EA
        gattProcessFindInfoReq                         CODE 0000B7EF
        gattProcessFindByTypeValueReq                  CODE 0000B9F4
        gattProcessReadByTypeReq                       CODE 0000BA41
        gattProcessReadReq                             CODE 0000BAB4
        gattProcessReadMultiReq                        CODE 0000BAE7
        gattProcessReadByGrpTypeReq                    CODE 0000BB89
        gattProcessWriteReq                            CODE 0000BC32
        gattProcessExecuteWriteReq                     CODE 0000BC6A
        gattGetServerStatus                            CODE 0000BC6D
        gattFindServerInfo                             CODE 0000BCB5
        gattServerHandleTimerCB                        CODE 0000BCF5
        gattServerHandleConnStatusCB                   CODE 0000BD4C
        gattServiceLastHandle::?relay                  CODE 00000742
        gattServerProcessMsgCB::?relay                 CODE 00000748
        gattProcessExchangeMTUReq::?relay              CODE 0000074E
        gattProcessFindInfoReq::?relay                 CODE 00000754
        gattProcessFindByTypeValueReq::?relay          CODE 0000075A
        gattProcessReadByTypeReq::?relay               CODE 00000760
        gattProcessReadReq::?relay                     CODE 00000766
        gattProcessReadMultiReq::?relay                CODE 0000076C
        gattProcessReadByGrpTypeReq::?relay            CODE 00000772
        gattProcessWriteReq::?relay                    CODE 00000778
        gattProcessExecuteWriteReq::?relay             CODE 0000077E
        gattGetServerStatus::?relay                    CODE 00000784
        gattFindServerInfo::?relay                     CODE 0000078A
        gattServerHandleTimerCB::?relay                CODE 00000790
        gattServerHandleConnStatusCB::?relay           CODE 00000796
gatt_task ( E:\TexasInstruments\BLE-CC254x-1.4.0\Projects\ble\Libraries\CC2541DB\bin\CC2541_BLE_peri.lib )
        gattTaskID                                     XDATA 000002DC
        gattRegisterServer                             CODE 0001A1AD
        GATT_AppCompletedMsg                           CODE 0001A1C5
        GATT_Init                                      CODE 0001A20D
        GATT_ProcessEvent                              CODE 0001A223
        gattNotifyEvent                                CODE 0001A37E
        gattStartTimer                                 CODE 0001A40B
        gattStopTimer                                  CODE 0001A456
        gattRegisterServer::?relay                     CODE 0000079C
        GATT_AppCompletedMsg::?relay                   CODE 000007A2
        GATT_Init::?relay                              CODE 000007A8
        GATT_ProcessEvent::?relay                      CODE 000007AE
        gattNotifyEvent::?relay                        CODE 000007BA
        gattStartTimer::?relay                         CODE 000007C0
        gattStopTimer::?relay                          CODE 000007C6
        gattProcessRxData                              CODE 0001A26A
        gattProcessRxData::?relay                      CODE 000007B4
gattservapp ( E:\TexasInstruments\BLE-CC254x-1.4.0\Projects\ble\Libraries\CC2541DB\bin\CC2541_BLE_peri.lib )
        GATTServApp_TaskID                             XDATA 000002E1
        appTaskID                                      XDATA 00000E18
        gattServiceCBs                                 CONST 00008457
        GATTServApp_RegisterForMsg                     CODE 00002B94
        GATTServApp_Init                               CODE 00002BA0
        GATTServApp_ProcessEvent                       CODE 00002BDB
        GATTServApp_RegisterService                    CODE 00002C20
        GATTServApp_FindAttr                           CODE 00002D66
        GATTServApp_AddService                         CODE 00002DCB
        GATTServApp_ReadAttr                           CODE 00003C13
        GATTServApp_WriteAttr                          CODE 000040D4
        GATTServApp_UpdateCharCfg                      CODE 00004169
        GATTServApp_SendServiceChangedInd              CODE 000041BA
        GATTServApp_InitCharCfg                        CODE 000041E1
        GATTServApp_ReadCharCfg                        CODE 00004233
        GATTServApp_WriteCharCfg                       CODE 00004251
        GATTServApp_ProcessCCCWriteReq                 CODE 000042AB
        GATTServApp_ProcessCharCfg                     CODE 00004394
        GATTServApp_SendCCCUpdatedEvent                CODE 0000458E
        GATTServApp_RegisterForMsg::?relay             CODE 000007CC
        GATTServApp_Init::?relay                       CODE 000007D2
        GATTServApp_ProcessEvent::?relay               CODE 000007D8
        GATTServApp_RegisterService::?relay            CODE 000007DE
        GATTServApp_FindAttr::?relay                   CODE 000007EA
        GATTServApp_AddService::?relay                 CODE 000007F0
        GATTServApp_ReadAttr::?relay                   CODE 00000844
        GATTServApp_WriteAttr::?relay                  CODE 0000084A
        GATTServApp_UpdateCharCfg::?relay              CODE 00000850
        GATTServApp_SendServiceChangedInd::?relay      CODE 00000856
        GATTServApp_InitCharCfg::?relay                CODE 0000085C
        GATTServApp_ReadCharCfg::?relay                CODE 00000862
        GATTServApp_WriteCharCfg::?relay               CODE 00000868
        GATTServApp_ProcessCCCWriteReq::?relay         CODE 0000086E
        GATTServApp_ProcessCharCfg::?relay             CODE 00000874
        GATTServApp_SendCCCUpdatedEvent::?relay        CODE 00000880
        gattServApp_SetNumPrepareWrites                CODE 00002CE0
        gattServApp_FindServiceCBs                     CODE 00002DF7
        gattServApp_ProcessMsg                         CODE 00002E30
        gattServApp_ProcessFindByTypeValueReq          CODE 0000306E
        gattServApp_ProcessReadByTypeReq               CODE 00003252
        gattServApp_ProcessReadMultiReq                CODE 00003438
        gattServApp_ProcessReadByGrpTypeReq            CODE 0000357B
        gattServApp_ProcessWriteReq                    CODE 000037C9
        gattServApp_ProcessPrepareWriteReq             CODE 000038DB
        gattServApp_ProcessExecuteWriteReq             CODE 00003A26
        gattServApp_FindPrepareWriteQ                  CODE 00003B36
        gattServApp_FindCharCfgItem                    CODE 00003B53
        gattServApp_FindAuthorizeAttrCB                CODE 00003B8E
        gattServApp_WriteAttrCB                        CODE 00003BB0
        gattServApp_HandleConnStatusCB                 CODE 0000450A
        gattServApp_SetNumPrepareWrites::?relay        CODE 000007E4
        gattServApp_FindServiceCBs::?relay             CODE 000007F6
        gattServApp_ProcessMsg::?relay                 CODE 000007FC
        gattServApp_ProcessFindByTypeValueReq::?relay  CODE 00000802
        gattServApp_ProcessReadByTypeReq::?relay       CODE 00000808
        gattServApp_ProcessReadMultiReq::?relay        CODE 0000080E
        gattServApp_ProcessReadByGrpTypeReq::?relay    CODE 00000814
        gattServApp_ProcessWriteReq::?relay            CODE 0000081A
        gattServApp_ProcessPrepareWriteReq::?relay     CODE 00000820
        gattServApp_ProcessExecuteWriteReq::?relay     CODE 00000826
        gattServApp_FindPrepareWriteQ::?relay          CODE 0000082C
        gattServApp_FindCharCfgItem::?relay            CODE 00000832
        gattServApp_FindAuthorizeAttrCB::?relay        CODE 00000838
        gattServApp_WriteAttrCB::?relay                CODE 0000083E
        gattServApp_HandleConnStatusCB::?relay         CODE 0000087A
hci ( E:\TexasInstruments\BLE-CC254x-1.4.0\Projects\ble\Libraries\CC2541DB\bin\CC2541_BLE_peri.lib )
        hciPTMenabled                                  XDATA 0000031F
        ctrlToHostEnable                               XDATA 00000320
        numHostBufs                                    XDATA 00000321
        hciCtrlCmdToken                                XDATA 00000323
        HCI_bm_alloc                                   CODE 00017619
        HCI_SendDataPkt                                CODE 00017623
        HCI_DisconnectCmd                              CODE 00017666
        HCI_HostNumCompletedPktCmd                     CODE 00017681
        HCI_ReadBDADDRCmd                              CODE 00017711
        HCI_ReadRssiCmd                                CODE 00017739
        HCI_LE_ReadBufSizeCmd                          CODE 00017776
        HCI_LE_SetRandomAddressCmd                     CODE 000177AD
        HCI_LE_SetAdvParamCmd                          CODE 000177D6
        HCI_LE_SetAdvDataCmd                           CODE 0001784B
        HCI_LE_SetScanRspDataCmd                       CODE 00017860
        HCI_LE_SetAdvEnableCmd                         CODE 00017875
        HCI_LE_ClearWhiteListCmd                       CODE 000178A6
        HCI_LE_AddWhiteListCmd                         CODE 000178BA
        HCI_LE_RandCmd                                 CODE 000178DF
        HCI_LE_LtkReqReplyCmd                          CODE 00017919
        HCI_LE_LtkReqNegReplyCmd                       CODE 00017945
        LL_RandCback                                   CODE 000179C8
        LL_EXT_SetRxGainCback                          CODE 00017A11
        LL_EXT_SetTxPowerCback                         CODE 00017A3B
        LL_EXT_ExtendRfRangeCback                      CODE 00017A66
        HCI_bm_alloc::?relay                           CODE 00000886
        HCI_SendDataPkt::?relay                        CODE 0000088C
        HCI_DisconnectCmd::?relay                      CODE 00000892
        HCI_HostNumCompletedPktCmd::?relay             CODE 00000898
        HCI_ReadBDADDRCmd::?relay                      CODE 0000089E
        HCI_ReadRssiCmd::?relay                        CODE 000008A4
        HCI_LE_ReadBufSizeCmd::?relay                  CODE 000008AA
        HCI_LE_SetRandomAddressCmd::?relay             CODE 000008B0
        HCI_LE_SetAdvParamCmd::?relay                  CODE 000008B6
        HCI_LE_SetAdvDataCmd::?relay                   CODE 000008BC
        HCI_LE_SetScanRspDataCmd::?relay               CODE 000008C2
        HCI_LE_SetAdvEnableCmd::?relay                 CODE 000008C8
        HCI_LE_ClearWhiteListCmd::?relay               CODE 000008CE
        HCI_LE_AddWhiteListCmd::?relay                 CODE 000008D4
        HCI_LE_RandCmd::?relay                         CODE 000008DA
        HCI_LE_LtkReqReplyCmd::?relay                  CODE 000008E0
        HCI_LE_LtkReqNegReplyCmd::?relay               CODE 000008E6
        LL_RandCback::?relay                           CODE 000008EC
        LL_EXT_SetRxGainCback::?relay                  CODE 000008F2
        LL_EXT_SetTxPowerCback::?relay                 CODE 000008F8
        LL_EXT_ExtendRfRangeCback::?relay              CODE 000008FE
hci_data ( E:\TexasInstruments\BLE-CC254x-1.4.0\Projects\ble\Libraries\CC2541DB\bin\CC2541_BLE_peri.lib )
        LL_RxDataCompleteCback                         CODE 00007EC1
        LL_RxDataCompleteCback::?relay                 CODE 00000904
hci_event ( E:\TexasInstruments\BLE-CC254x-1.4.0\Projects\ble\Libraries\CC2541DB\bin\CC2541_BLE_peri.lib )
        bleEvtMask                                     XDATA 00000324
        pHciEvtMask                                    XDATA 00000325
        hciInitEventMasks                              CODE 000128E8
        HCI_NumOfCompletedPacketsEvent                 CODE 00012916
        HCI_CommandCompleteEvent                       CODE 00012A64
        HCI_VendorSpecifcCommandCompleteEvent          CODE 00012B44
        HCI_CommandStatusEvent                         CODE 00012B63
        HCI_SendCommandStatusEvent                     CODE 00012BE0
        HCI_SendCommandCompleteEvent                   CODE 00012C23
        HCI_SendControllerToHostEvent                  CODE 00012D79
        LL_ConnectionCompleteCback                     CODE 00012E3A
        LL_DisconnectCback                             CODE 000130C1
        LL_ConnParamUpdateCback                        CODE 00013162
        LL_ReadRemoteVersionInfoCback                  CODE 00013258
        LL_EncLtkReqCback                              CODE 00013355
        LL_EncChangeCback                              CODE 000134AF
        LL_EncKeyRefreshCback                          CODE 0001353A
        hciInitEventMasks::?relay                      CODE 0000090A
        HCI_NumOfCompletedPacketsEvent::?relay         CODE 00000910
        HCI_CommandCompleteEvent::?relay               CODE 00000916
        HCI_VendorSpecifcCommandCompleteEvent::?relay  CODE 0000091C
        HCI_CommandStatusEvent::?relay                 CODE 00000922
        HCI_SendCommandStatusEvent::?relay             CODE 00000928
        HCI_SendCommandCompleteEvent::?relay           CODE 0000092E
        HCI_SendControllerToHostEvent::?relay          CODE 00000934
        LL_ConnectionCompleteCback::?relay             CODE 0000093A
        LL_DisconnectCback::?relay                     CODE 00000940
        LL_ConnParamUpdateCback::?relay                CODE 00000946
        LL_ReadRemoteVersionInfoCback::?relay          CODE 0000094C
        LL_EncLtkReqCback::?relay                      CODE 00000952
        LL_EncChangeCback::?relay                      CODE 00000958
        LL_EncKeyRefreshCback::?relay                  CODE 0000095E
l2cap_if ( E:\TexasInstruments\BLE-CC254x-1.4.0\Projects\ble\Libraries\CC2541DB\bin\CC2541_BLE_peri.lib )
        L2CAP_RegisterApp                              CODE 0001BCE1
        L2CAP_SendData                                 CODE 0001BD4A
        L2CAP_CmdReject                                CODE 0001BD9E
        L2CAP_ConnParamUpdateReq                       CODE 0001BDC5
        L2CAP_HostNumCompletedPkts                     CODE 0001BDF6
        L2CAP_RegisterApp::?relay                      CODE 00000964
        L2CAP_SendData::?relay                         CODE 0000096A
        L2CAP_CmdReject::?relay                        CODE 00000970
        L2CAP_ConnParamUpdateReq::?relay               CODE 00000976
        L2CAP_HostNumCompletedPkts::?relay             CODE 0000097C
l2cap_task ( E:\TexasInstruments\BLE-CC254x-1.4.0\Projects\ble\Libraries\CC2541DB\bin\CC2541_BLE_peri.lib )
        l2capTaskID                                    XDATA 0000032E
        l2capFixedChannels                             XDATA 0000032F
        l2capChannels                                  XDATA 0000033B
        L2CAP_Init                                     CODE 00017A8E
        L2CAP_ProcessEvent                             CODE 00017AFB
        L2CAP_Init::?relay                             CODE 00000982
        L2CAP_ProcessEvent::?relay                     CODE 00000988
        l2capProcessRxData                             CODE 00017B42
        l2capProcessSignal                             CODE 00017C5A
        l2capProcessRsp                                CODE 00017D56
        l2capProcessReq                                CODE 00017E39
        l2capProcessRxData::?relay                     CODE 0000098E
        l2capProcessSignal::?relay                     CODE 00000994
        l2capProcessRsp::?relay                        CODE 0000099A
        l2capProcessReq::?relay                        CODE 000009A0
l2cap_util ( E:\TexasInstruments\BLE-CC254x-1.4.0\Projects\ble\Libraries\CC2541DB\bin\CC2541_BLE_peri.lib )
        l2capParseSignalHdr                            CODE 00013FF5
        l2capSendReq                                   CODE 00014037
        l2capSendCmd                                   CODE 00014109
        l2capEncapSendData                             CODE 000141E2
        l2capParsePacket                               CODE 000142DC
        L2CAP_BuildCmdReject                           CODE 000143BE
        l2capParseCmdReject                            CODE 00014427
        l2capBuildParamUpdateReq                       CODE 000144DD
        L2CAP_ParseParamUpdateReq                      CODE 00014551
        l2capParseParamUpdateRsp                       CODE 000145BD
        l2capNotifyData                                CODE 000145E6
        l2capNotifySignal                              CODE 00014660
        l2capAllocChannel                              CODE 000146F9
        l2capFreeChannel                               CODE 0001475E
        l2capFindLocalId                               CODE 00014773
        l2capStopTimer                                 CODE 000147B9
        l2capHandleRxError                             CODE 00014837
        L2CAP_bm_alloc                                 CODE 0001483A
        l2capParseSignalHdr::?relay                    CODE 000009A6
        l2capSendReq::?relay                           CODE 000009AC
        l2capSendCmd::?relay                           CODE 000009B2
        l2capEncapSendData::?relay                     CODE 000009B8
        l2capParsePacket::?relay                       CODE 000009BE
        L2CAP_BuildCmdReject::?relay                   CODE 000009C4
        l2capParseCmdReject::?relay                    CODE 000009CA
        l2capBuildParamUpdateReq::?relay               CODE 000009D0
        L2CAP_ParseParamUpdateReq::?relay              CODE 000009D6
        l2capParseParamUpdateRsp::?relay               CODE 000009DC
        l2capNotifyData::?relay                        CODE 000009E2
        l2capNotifySignal::?relay                      CODE 000009E8
        l2capAllocChannel::?relay                      CODE 000009EE
        l2capFreeChannel::?relay                       CODE 000009F4
        l2capFindLocalId::?relay                       CODE 000009FA
        l2capStopTimer::?relay                         CODE 00000A00
        l2capHandleRxError::?relay                     CODE 00000A0C
        L2CAP_bm_alloc::?relay                         CODE 00000A12
        l2capHandleTimerCB                             CODE 000147D2
        l2capHandleTimerCB::?relay                     CODE 00000A06
linkdb ( E:\TexasInstruments\BLE-CC254x-1.4.0\Projects\ble\Libraries\CC2541DB\bin\CC2541_BLE_peri.lib )
        linkDB_Init                                    CODE 00019EB4
        linkDB_Register                                CODE 00019EDC
        linkDB_Add                                     CODE 00019F1A
        linkDB_Remove                                  CODE 00019FD8
        linkDB_Find                                    CODE 0001A03F
        linkDB_FindFirst                               CODE 0001A05B
        linkDB_State                                   CODE 0001A083
        linkDB_NumActive                               CODE 0001A0B3
        linkDB_Authen                                  CODE 0001A0C2
        linkDB_PerformFunc                             CODE 0001A13F
        linkDB_Init::?relay                            CODE 00000A18
        linkDB_Register::?relay                        CODE 00000A1E
        linkDB_Add::?relay                             CODE 00000A24
        linkDB_Remove::?relay                          CODE 00000A2A
        linkDB_Find::?relay                            CODE 00000A30
        linkDB_FindFirst::?relay                       CODE 00000A36
        linkDB_State::?relay                           CODE 00000A3C
        linkDB_NumActive::?relay                       CODE 00000A42
        linkDB_Authen::?relay                          CODE 00000A48
        linkDB_PerformFunc::?relay                     CODE 00000A4E
        reportStatusChange                             CODE 0001A165
        reportStatusChange::?relay                     CODE 00000A54
ll ( E:\TexasInstruments\BLE-CC254x-1.4.0\Projects\ble\Libraries\CC2541DB\bin\CC2541_BLE_peri.lib )
        PMUX                                           DATA 000000AE
        WDCTL                                          DATA 000000C9
        RFD                                            DATA 000000D9
        RFST                                           DATA 000000E1
        APCFG                                          DATA 000000F2
        ownPublicAddr                                  XDATA 0000038F
        ownRandomAddr                                  XDATA 00000395
        ownSavedPublicAddr                             XDATA 0000039B
        LL_TaskID                                      XDATA 000003A1
        llState                                        XDATA 000003A2
        taskEndCause                                   XDATA 000003A3
        postRfOperations                               XDATA 000003A4
        rssiCorrection                                 XDATA 000003A6
        clkDivOnHalt                                   XDATA 000003A7
        nvInUse                                        XDATA 000003A8
        rfCounters                                     XDATA 000003A9
        deviceFeatureSet                               XDATA 000003B5
        maxTxPwrForDTM                                 XDATA 000003BE
        verInfo                                        XDATA 000003BF
        dtmInfo                                        XDATA 000003C4
        buildInfo                                      XDATA 000003CC
        llConns                                        XDATA 000003CE
        peerInfo                                       XDATA 000004D5
        chanMapUpdate                                  XDATA 000004DC
        onePktPerEvt                                   XDATA 000004E1
        numTxDataBufs                                  XDATA 000004E2
        numComplPkts                                   XDATA 000004E3
        numComplPktsLimit                              XDATA 000004E4
        numComplPktsFlush                              XDATA 000004E5
        fastTxRespTime                                 XDATA 000004E6
        slOverride                                     XDATA 000004E7
        advInfo                                        XDATA 000004E8
        dcdcData                                       XDATA 0000053D
        extendRfRange                                  XDATA 0000053F
        rxFifoFlowCtrl                                 XDATA 00000540
        haltDuringRf                                   XDATA 00000541
        sleepDelay                                     XDATA 00000542
        taskEndCauses                                  XDATA 00000E3A
        taskErrorEndCauses                             XDATA 00000E48
        trngCounter                                    XDATA 00000544
        myPC                                           IDATA 00000029
        LL_Init                                        CODE 0000BE39
        LL_ProcessEvent                                CODE 0000C017
        LL_TX_bm_alloc                                 CODE 0000C249
        LL_RX_bm_alloc                                 CODE 0000C285
        LL_Reset                                       CODE 0000C2B2
        LL_ReadBDADDR                                  CODE 0000C39C
        LL_SetRandomAddress                            CODE 0000C3E7
        LL_ClearWhiteList                              CODE 0000C432
        LL_AddWhiteListDevice                          CODE 0000C444
        LL_Encrypt                                     CODE 0000C484
        LL_Rand                                        CODE 0000C4B9
        LL_PseudoRand                                  CODE 0000C507
        LL_CtrlToHostFlowControl                       CODE 0000C536
        LL_ReadRssi                                    CODE 0000C559
        LL_Disconnect                                  CODE 0000C5A6
        LL_TxData                                      CODE 0000C62B
        LL_SetAdvParam                                 CODE 0000C845
        LL_SetAdvData                                  CODE 0000CA84
        LL_SetAdvControl                               CODE 0000CAC5
        LL_SetScanRspData                              CODE 0000CC67
        LL_EncLtkReply                                 CODE 0000CCA8
        LL_EncLtkNegReply                              CODE 0000CD1B
        LL_Init::?relay                                CODE 00000A5A
        LL_ProcessEvent::?relay                        CODE 00000A60
        LL_TX_bm_alloc::?relay                         CODE 00000A66
        LL_RX_bm_alloc::?relay                         CODE 00000A6C
        LL_Reset::?relay                               CODE 00000A72
        LL_ReadBDADDR::?relay                          CODE 00000A78
        LL_SetRandomAddress::?relay                    CODE 00000A7E
        LL_ClearWhiteList::?relay                      CODE 00000A84
        LL_AddWhiteListDevice::?relay                  CODE 00000A8A
        LL_Encrypt::?relay                             CODE 00000A90
        LL_Rand::?relay                                CODE 00000A96
        LL_PseudoRand::?relay                          CODE 00000A9C
        LL_CtrlToHostFlowControl::?relay               CODE 00000AA2
        LL_ReadRssi::?relay                            CODE 00000AA8
        LL_Disconnect::?relay                          CODE 00000AAE
        LL_TxData::?relay                              CODE 00000AB4
        LL_SetAdvParam::?relay                         CODE 00000ABA
        LL_SetAdvData::?relay                          CODE 00000AC0
        LL_SetAdvControl::?relay                       CODE 00000AC6
        LL_SetScanRspData::?relay                      CODE 00000ACC
        LL_EncLtkReply::?relay                         CODE 00000AD2
        LL_EncLtkNegReply::?relay                      CODE 00000AD8
ll_advEndCauses ( E:\TexasInstruments\BLE-CC254x-1.4.0\Projects\ble\Libraries\CC2541DB\bin\CC2541_BLE_peri.lib )
        llDirectedAdvEvt_TaskEndOk                     CODE 00011BD3
        llAdvEvt_TaskConnect                           CODE 00011CD1
        llUndirectedAdvEvt_TaskEndOk                   CODE 0001236A
        llDiscoverableAdvEvt_TaskEndOk                 CODE 0001258B
        llNonConnAdvEvt_TaskEndOk                      CODE 00012756
        llAdvEvt_TaskAbort                             CODE 000128BE
        llDirectedAdvEvt_TaskEndOk::?relay             CODE 00000ADE
        llAdvEvt_TaskConnect::?relay                   CODE 00000AE4
        llUndirectedAdvEvt_TaskEndOk::?relay           CODE 00000AEA
        llDiscoverableAdvEvt_TaskEndOk::?relay         CODE 00000AF0
        llNonConnAdvEvt_TaskEndOk::?relay              CODE 00000AF6
        llAdvEvt_TaskAbort::?relay                     CODE 00000AFC
ll_common ( E:\TexasInstruments\BLE-CC254x-1.4.0\Projects\ble\Libraries\CC2541DB\bin\CC2541_BLE_peri.lib )
        IP0                                            DATA 000000A9
        T1STAT                                         DATA 000000AF
        IP1                                            DATA 000000B9
        T1CC0L                                         DATA 000000DA
        T1CC0H                                         DATA 000000DB
        T1CNTL                                         DATA 000000E2
        T1CNTH                                         DATA 000000E3
        T1CTL                                          DATA 000000E4
        T1CCTL0                                        DATA 000000E5
        llRfInit                                       CODE 000045F5
        llSetFreqTune                                  CODE 000046A4
        llClearSetInts                                 CODE 000046D1
        llProcessPostRfOps                             CODE 00004717
        llFindTxPowerSettings                          CODE 00004857
        llExtendRfRange                                CODE 000049ED
        llCheckWhiteListUsage                          CODE 00004A67
        llSetupAdv                                     CODE 00004A82
        llSetupDirectedAdvEvt                          CODE 00004AFD
        llSetupUndirectedAdvEvt                        CODE 00004C57
        llSetupNonConnectableAdvEvt                    CODE 00004DB7
        llSetupScannableAdvEvt                         CODE 00004EBD
        llStartAdvSetup                                CODE 0000501E
        llStartSlaveSetup                              CODE 00005037
        llSetupEncRsp                                  CODE 00005095
        llGetNextDataChan                              CODE 00001B90
        llSetNextDataChan                              CODE 00001C4E
        llEventInRange                                 CODE 00001DCE
        llEventDelta                                   CODE 00001E0D
        llProcessRxData                                CODE 00001E15
        llProcessTxData                                CODE 00001FC2
        llSetupStartEncReq                             CODE 00005183
        llSetupStartEncRsp                             CODE 000051B6
        llSetupPauseEncRsp                             CODE 00005226
        llSetupRejectInd                               CODE 000052A0
        llSetupFeatureSetRsp                           CODE 000052EA
        llSetupVersionIndReq                           CODE 000053B4
        llSetupTermInd                                 CODE 00005489
        llSetupUnknownRsp                              CODE 00005568
        llEnqueueCtrlPkt                               CODE 000055F3
[...]
                    | + function block  :  00000000 00000002
  07              SbpHalUARTInit
                  | Stack used (prev) :  000012F0 000000AD
                  | + function block  :  0000003A 00000004
  06            SbpHalUART_Init
                | Stack used (prev) :  0000132A 000000B1
                | + function block  :  00000000 00000004
  06            RegisterForKeys
                | Stack used (prev) :  000012F0 000000AB
                | + function block  :  00000000 00000002
  06            osal_set_event
                | Stack used (prev) :  00000000 00000000
                | + function block  :  00000017 00000000
                |  Already listed
  07              GATTServApp_RegisterService
                  | Stack used (prev) :  00001302 000000AB
                  | + function block  :  00000032 00000000
                  |  Already listed
  06            GATTServApp_AddService
                | Stack used (prev) :  00001334 000000AB
                | + function block  :  0000001C 00000000
  07              GATTServApp_RegisterService
                  | Stack used (prev) :  00001302 000000AB
                  | + function block  :  00000032 00000000
                  |  Already listed
  06            GGS_AddService
                | Stack used (prev) :  00001334 000000AB
                | + function block  :  0000001C 00000000
  06            GAP_SetParamValue
                | Stack used (prev) :  000003F2 0000005A
                | + function block  :  00000000 00000002
                |  Already listed
  05          SimpleBLEPeripheral_Init
              | Stack used (prev) :  000013BC 000000B5
              | + function block  :  0000003C 00000000
  06            osal_snv_read
                | Stack used (prev) :  00000442 0000005B
                | + function block  :  00000018 00000000
                |  Already listed
  06            osal_memset
                | Stack used (prev) :  000003F4 0000005C
                | + function block  :  00000018 00000000
                |  Already listed
  06            GAP_RegisterForHCIMsgs
                | Stack used (prev) :  000012F0 000000AB
                | + function block  :  00000000 00000002
  05          GAPRole_Init
              | Stack used (prev) :  000012F0 000000AD
              | + function block  :  00000012 00000000
  06            osal_memset
                | Stack used (prev) :  000003F4 0000005C
                | + function block  :  00000018 00000000
                |  Already listed
  05          osal_CbTimerInit
              | Stack used (prev) :  000012F0 000000AB
              | + function block  :  00000009 00000000
  05          Hal_Init
              | Stack used (prev) :  000012F0 000000AB
              | + function block  :  00000000 00000002
  06            gapBondMgrReadBonds
                | Stack used (prev) :  00000473 00000064
                | + function block  :  00000036 00000000
                |  Already listed
  05          GAPBondMgr_Init
              | Stack used (prev) :  000012F0 000000AB
              | + function block  :  00000009 00000000
  05          osal_mem_alloc
              | Stack used (prev) :  00000000 00000000
              | + function block  :  00000018 00000000
              |  Already listed
  05          osal_memset
              | Stack used (prev) :  000003F4 0000005C
              | + function block  :  00000018 00000000
              |  Already listed
  06            hciInitEventMasks
                | Stack used (prev) :  000012F0 000000AB
                | + function block  :  00000000 00000002
  05          HCI_Init
              | Stack used (prev) :  000012F0 000000AD
              | + function block  :  00000012 00000000
  06            HCI_SMPTaskRegister
                | Stack used (prev) :  000012F0 000000AB
                | + function block  :  00000000 00000002
  06            linkDB_Register
                | Stack used (prev) :  000012F0 000000AB
                | + function block  :  00000009 00000000
                |  Already listed
  06            L2CAP_RegisterApp
                | Stack used (prev) :  000012F0 000000AB
                | + function block  :  00000000 00000003
  05          SM_Init
              | Stack used (prev) :  000012F9 000000AE
              | + function block  :  00000012 00000000
  06            HalFlashRead
                | Stack used (prev) :  000003F2 0000005A
                | + function block  :  0000000E 00000001
                |  Already listed
  06            osal_pwrmgr_task_state
                | Stack used (prev) :  000003CC 00000052
                | + function block  :  0000000A 00000000
                |  Already listed
  06            osal_set_event
                | Stack used (prev) :  00000000 00000000
                | + function block  :  00000017 00000000
                |  Already listed
  07              PHY_ClearAllRegsAndFifos
                  | Stack used (prev) :  000012F0 000000AB
                  | + function block  :  00000000 00000002
  07              PHY_Reset
                  | Stack used (prev) :  00000000 00000000
                  | + function block  :  00000000 00000002
                  |  Already listed
  06            PHY_Init
                | Stack used (prev) :  000012F0 000000AD
                | + function block  :  00000000 00000004
  06            llInitTimer2
                | Stack used (prev) :  000012F0 000000AB
                | + function block  :  00000000 00000000
  06            LL_ENC_InitAesDMA
                | Stack used (prev) :  000012F0 000000AB
                | + function block  :  00000000 00000002
  06            LL_ENC_GenerateTrueRandNum
                | Stack used (prev) :  00000000 00000006
                | + function block  :  00000016 00000000
                |  Already listed
  07              HalFlashWrite
                  | Stack used (prev) :  000003F2 0000005A
                  | + function block  :  0000000C 00000000
                  |  Already listed
  06            llFindTxPowerSettings
                | Stack used (prev) :  000012F0 000000AB
                | + function block  :  00000022 00000002
  07              PHY_SetFifoConfig
                  | Stack used (prev) :  000012F0 000000AB
                  | + function block  :  00000000 00000002
  07              PHY_ConfigureAppendRfStatus
                  | Stack used (prev) :  00000000 00000000
                  | + function block  :  00000000 00000002
                  |  Already listed
  07              PHY_ConfigureFifoDataProcessing
                  | Stack used (prev) :  000012F0 000000AB
                  | + function block  :  00000000 00000002
  07              PHY_ClearSavedWhiteList
                  | Stack used (prev) :  000012F0 000000AB
                  | + function block  :  00000000 00000002
  07              PHY_ClearBlacklist
                  | Stack used (prev) :  000012F0 000000AB
                  | + function block  :  00000000 00000002
  07              PHY_ClearWhitelist
                  | Stack used (prev) :  000003F2 0000005A
                  | + function block  :  00000000 00000002
                  |  Already listed
  07              PHY_ConfigureMD
                  | Stack used (prev) :  000012F0 000000AB
                  | + function block  :  00000000 00000002
  07              PHY_SetCRCInit
                  | Stack used (prev) :  00000000 00000000
                  | + function block  :  00000010 00000000
                  |  Already listed
  07              PHY_ClearAllRegsAndFifos
                  | Stack used (prev) :  000012F0 000000AB
                  | + function block  :  00000000 00000002
                  |  Already listed
  07              llDisableT2IntsEvts
                  | Stack used (prev) :  00000000 00000000
                  | + function block  :  00000000 00000000
                  |  Already listed
  07              llSchedulerInit
                  | Stack used (prev) :  000012F0 000000AB
                  | + function block  :  00000000 00000002
  07              llInitFeatureSet
                  | Stack used (prev) :  000012F0 000000AB
                  | + function block  :  00000000 00000002
  07              llReleaseAllConnId
                  | Stack used (prev) :  000012F0 000000AB
                  | + function block  :  00000000 00000002
  07              llClearSetInts
                  | Stack used (prev) :  000012F0 000000AB
                  | + function block  :  00000000 00000002
  07              llRfInit
                  | Stack used (prev) :  00000000 00000002
                  | + function block  :  00000000 00000004
                  |  Already listed
  06            LL_Reset
                | Stack used (prev) :  000012F0 000000AD
                | + function block  :  0000000C 00000004
  05          LL_Init
              | Stack used (prev) :  00001312 000000B1
              | + function block  :  00000018 00000000
  06            HCI_L2CAPTaskRegister
                | Stack used (prev) :  000012F0 000000AB
                | + function block  :  00000000 00000002
  05          L2CAP_Init
              | Stack used (prev) :  000012F0 000000AD
              | + function block  :  00000014 00000000
  06            linkDB_Register
                | Stack used (prev) :  000012F0 000000AB
                | + function block  :  00000009 00000000
                |  Already listed
  06            GATTServApp_InitCharCfg
                | Stack used (prev) :  00000400 0000005C
                | + function block  :  00000022 00000000
                |  Already listed
  07              osal_mem_free
                  | Stack used (prev) :  00000000 00000000
                  | + function block  :  0000000A 00000002
                  |  Already listed
  07              osal_mem_alloc
                  | Stack used (prev) :  00000000 00000000
                  | + function block  :  00000018 00000000
                  |  Already listed
  07              osal_memset
                  | Stack used (prev) :  000003F4 0000005C
                  | + function block  :  00000018 00000000
                  |  Already listed
  06            gattServApp_SetNumPrepareWrites
                | Stack used (prev) :  000012F0 000000AB
                | + function block  :  00000017 00000000
  06            GATT_RegisterForReq
                | Stack used (prev) :  000012F0 000000AB
                | + function block  :  00000000 00000002
  05          GATTServApp_Init
              | Stack used (prev) :  00001307 000000AD
              | + function block  :  00000012 00000000
  06            L2CAP_RegisterApp
                | Stack used (prev) :  000012F0 000000AB
                | + function block  :  00000000 00000003
                |  Already listed
  07              linkDB_Register
                  | Stack used (prev) :  000012F0 000000AB
                  | + function block  :  00000009 00000000
                  |  Already listed
  07              gattRegisterServer
                  | Stack used (prev) :  000012F0 000000AB
                  | + function block  :  00000000 00000002
  06            GATT_InitServer
                | Stack used (prev) :  000012F9 000000AD
                | + function block  :  00000014 00000000
  05          GATT_Init
              | Stack used (prev) :  0000130D 000000AE
              | + function block  :  00000012 00000000
  06            HCI_GAPTaskRegister
                | Stack used (prev) :  000012F0 000000AB
                | + function block  :  00000000 00000002
  06            linkDB_Init
                | Stack used (prev) :  000012F0 000000AB
                | + function block  :  00000000 00000002
  06            L2CAP_RegisterApp
                | Stack used (prev) :  000012F0 000000AB
                | + function block  :  00000000 00000003
                |  Already listed
  05          GAP_Init
              | Stack used (prev) :  000012F0 000000AE
              | + function block  :  00000012 00000000
  04        osalInitTasks
            | Stack used (prev) :  000013F8 000000B5
            | + function block  :  00000000 00000004
  04        osal_pwrmgr_init
            | Stack used (prev) :  000012F0 000000AB
            | + function block  :  00000000 00000002
  05          osal_mem_free
              | Stack used (prev) :  00000000 00000000
              | + function block  :  0000000A 00000002
              |  Already listed
  05          osal_mem_alloc
              | Stack used (prev) :  00000000 00000000
              | + function block  :  00000018 00000000
              |  Already listed
  04        osal_mem_kick
            | Stack used (prev) :  000012F0 000000AB
            | + function block  :  0000000A 00000000
  04        osal_mem_init
            | Stack used (prev) :  000012F0 000000AB
            | + function block  :  00000000 00000002
  03      osal_init_system
          | Stack used (prev) :  000013F8 000000B9
          | + function block  :  00000000 00000004
  02    main
        | Stack used (prev) :  000013F8 000000BD
        | + function block  :  00000000 00000000
  01  ?call_main
      | Stack used (prev) :  000013F8 000000BD
      | + function block  :  00000000 00000000
  <-Sub-tree of type: Function tree
    | Stack used          :  000013F8 000000BD


  ->Sub-tree of type: Function tree
                             XSTACK   ISTACK
    | Stack used (prev) :  000013F8 000000BD
  01  __program_start
      | Stack used (prev) :  000013F8 000000BD
      | + function block  :  00000000 00000000
  <-Sub-tree of type: Function tree
    | Stack used          :  000013F8 000000BD


  ->Sub-tree of type: Function tree
                             XSTACK   ISTACK
    | Stack used (prev) :  000013F8 000000BD
  01  memset::?relay
      | Stack used (prev) :  000013F8 000000BD
      | + function block  :  00000000 00000000
  <-Sub-tree of type: Function tree
    | Stack used          :  000013F8 000000BD


  ->Sub-tree of type: Function tree
                             XSTACK   ISTACK
    | Stack used (prev) :  000013F8 000000BD
  01  strcat::?relay
      | Stack used (prev) :  000013F8 000000BD
      | + function block  :  00000000 00000000
  <-Sub-tree of type: Function tree
    | Stack used          :  000013F8 000000BD


  ->Sub-tree of type: Function tree
                             XSTACK   ISTACK
    | Stack used (prev) :  000013F8 000000BD
  01  strcpy::?relay
      | Stack used (prev) :  000013F8 000000BD
      | + function block  :  00000000 00000000
  <-Sub-tree of type: Function tree
    | Stack used          :  000013F8 000000BD


  ->Sub-tree of type: Function tree
                             XSTACK   ISTACK
    | Stack used (prev) :  000013F8 000000BD
  01  strlen::?relay
      | Stack used (prev) :  000013F8 000000BD
      | + function block  :  00000000 00000000
  <-Sub-tree of type: Function tree
    | Stack used          :  000013F8 000000BD




                ****************************************
                *                                      *
                *      SEGMENTS IN ADDRESS ORDER       *
                *                                      *
                ****************************************


SEGMENT              SPACE    START ADDRESS   END ADDRESS     SIZE  TYPE  ALIGN
=======              =====    =============   ===========     ====  ====  =====
INTVEC               CODE          00000000 - 00000085          86   com    0
CSTART               CODE          00000086 - 0000014C          C7   rel    0
BDATA_ID             CODE               0000014D                     dse    0
BIT_ID               CODE               0000014D                     dse    0
DATA_ID              CODE          0000014D - 0000014D           1   rel    0
PDATA_ID             CODE               0000014E                     dse    0
IXDATA_ID            CODE               0000014E                     dse    0
IDATA_ID             CODE               0000014E                     dse    0
XDATA_ID             CODE          0000014E - 00000477         32A   rel    0
BANK_RELAYS          CODE          00000478 - 0000149D        1026   rel    0
RCODE                CODE          0000149E - 00001B8D         6F0   rel    0
CODE_N               CODE               00001B8E                     dse    0
DIFUNCT              CODE               00001B8E                     dse    0
NEAR_CODE            CODE          00001B90 - 00002B89         FFA   rel    2
<BANKED_CODE,CODE_C> 1
                     CODE          00002B8C - 00007FF7        546C   rel    2
SLEEP_CODE           CODE          00007FF8 - 00007FFF           8   rel    0
<BANKED_CODE,XDATA_ROM_C_FLASH> 1
                     CODE          00008000 - 0000FFF9        7FFA   rel    2
<BANKED_CODE> 1      CODE          00010000 - 00017FF1        7FF2   rel    0
<BANKED_CODE> 2      CODE          00018000 - 0001C607        4608   rel    0
BLENV_ADDRESS_SPACE
                     CODE          0003E800 - 0003F7FF        1000   rel    0
REGISTERS            DATA          00000000 - 00000007           8   rel    0
VREG                 DATA          00000008 - 00000017          10   rel    0
PSP                  DATA               00000018                     dse    0
XSP                  DATA          00000018 - 00000019           2   rel    0
DATA_I               DATA          0000001A - 0000001A           1   rel    0
BREG                 BIT        00000020.0  -  00000020.7        8   rel    0
DATA_Z               DATA          00000021 - 00000028           8   rel    0
SFR_AN               DATA          00000080 - 00000080           1   rel    0
                     DATA          00000086 - 0000008D           8 
                     DATA          00000090 - 00000091           2 
                     DATA          00000094 - 00000097           4 
                     DATA          0000009A - 000000A9          10 
                     DATA          000000AB - 000000AF           5 
                     DATA          000000B3 - 000000B4           2 
                     DATA          000000B6 - 000000B6           1 
                     DATA          000000B8 - 000000C7          10 
                     DATA          000000C9 - 000000C9           1 
                     DATA          000000D1 - 000000D7           7 
                     DATA          000000D9 - 000000DB           3 
                     DATA          000000E1 - 000000E5           5 
                     DATA          000000E8 - 000000E9           2 
                     DATA          000000F1 - 000000F2           2 
                     DATA          000000F2 - 000000F5           4 
                     DATA          000000F7 - 000000FF           9 
XSTACK               XDATA         00000001 - 00000280         280   rel    0
XDATA_Z              XDATA         00000281 - 00000D58         AD8   rel    0
XDATA_I              XDATA         00000D59 - 00001082         32A   rel    0
<XDATA_N> 1          XDATA         00001083 - 00001C86         C04   rel    0
<XDATA_ROM_C> 1      CONST         00008000 - 00008527         528   rel    2
IDATA_I              IDATA              00000029                     dse    0
IDATA_Z              IDATA         00000029 - 0000002A           2   rel    0
ISTACK               IDATA         00000038 - 000000FF          C8   rel    0

                ****************************************
                *                                      *
                *        END OF CROSS REFERENCE        *
                *                                      *
                ****************************************

 120 304 bytes of CODE  memory
      35 bytes of DATA  memory (+ 88 absolute )
   7 302 bytes of XDATA memory
     202 bytes of IDATA memory
       8 bits  of BIT   memory
   1 320 bytes of CONST memory

Errors: none
Warnings: 2

