Warning[w6]: Type conflict for external/entry "strcpy", in module SimpleDS18B20 against external/entry in module ?strcpy; prototyped function vs K&R function
  /* In module SimpleDS18B20: */
  /* K&R Function, args 0, attr 0 */
  int (__xdata_reentrant strcpy)();
  /* In module ?strcpy: */
  /* Function, args 2, attr 0 */
  char * (__xdata_reentrant strcpy)(char *,
                                    char const *);
Warning[w52]: More than one definition for the byte at address 0x6b in common segment INTVEC. It is defined in module "hal_uart" as well as in module "hal_key"
################################################################################
#                                                                              #
#      IAR Universal Linker V5.4.1.30                                          #
#                                                                              #
#           Link time     =  10/Mar/2014  10:30:49                             #
#           Target CPU    =  x51                                               #
#           List file     =  E:\TexasInstruments\BLE-CC254x-1.4.0\Projects\ble #
#                            \SimpleBLEPeripheralzeke\CC2541DB\CC2541\List\Sim #
#                            pleBLEPeripheral.map                              #
#           Output file 1 =  E:\TexasInstruments\BLE-CC254x-1.4.0\Projects\ble #
#                            \SimpleBLEPeripheralzeke\CC2541DB\CC2541\Exe\Simp #
#                            leBLEPeripheral.hex                               #
#                            Format: intel-extended                            #
#           Output file 2 =  E:\TexasInstruments\BLE-CC254x-1.4.0\Projects\ble #
#                            \SimpleBLEPeripheralzeke\CC2541DB\CC2541\Exe\Simp #
#                            leBLEPeripheral.d51                               #
#                            Format: debug                                     #
#                            UBROF version 10.0.6                              #
#                            Using library modules for C-SPY (-rt)             #
#           Command line  =  "-IC:\Program Files\IAR Systems\Embedded Workbenc #
#                            h 6.4\8051\CONFIG\"                               #
#                            -D_NR_OF_BANKS=0x07 -D_CODEBANK_END=0xFFFF        #
#                            -D_CODEBANK_START=0x8000 -D?CBANK_MASK=0xFF       #
#                            -D?CBANK=0x9F                                     #
#                            E:\TexasInstruments\BLE-CC254x-1.4.0\Projects\ble #
#                            \Libraries\CC2541DB\bin\CC2541_BLE_peri.lib       #
#                            E:\TexasInstruments\BLE-CC254x-1.4.0\Projects\ble #
#                            \Libraries\Common\bin\CC254x_BLE_HCI_TL_None.lib  #
#                            E:\TexasInstruments\BLE-CC254x-1.4.0\Projects\ble #
#                            \SimpleBLEPeripheralzeke\CC2541DB\CC2541\Obj\OSAL #
#                            .r51                                              #
#                            E:\TexasInstruments\BLE-CC254x-1.4.0\Projects\ble #
#                            \SimpleBLEPeripheralzeke\CC2541DB\CC2541\Obj\OSAL #
#                            _ClockBLE.r51                                     #
#                            E:\TexasInstruments\BLE-CC254x-1.4.0\Projects\ble #
#                            \SimpleBLEPeripheralzeke\CC2541DB\CC2541\Obj\OSAL #
#                            _Memory.r51                                       #
#                            E:\TexasInstruments\BLE-CC254x-1.4.0\Projects\ble #
#                            \SimpleBLEPeripheralzeke\CC2541DB\CC2541\Obj\OSAL #
#                            _PwrMgr.r51                                       #
#                            E:\TexasInstruments\BLE-CC254x-1.4.0\Projects\ble #
#                            \SimpleBLEPeripheralzeke\CC2541DB\CC2541\Obj\OSAL #
#                            _SimpleBLEPeripheral.r51                          #
#                            E:\TexasInstruments\BLE-CC254x-1.4.0\Projects\ble #
#                            \SimpleBLEPeripheralzeke\CC2541DB\CC2541\Obj\OSAL #
#                            _Timers.r51                                       #
#                            E:\TexasInstruments\BLE-CC254x-1.4.0\Projects\ble #
#                            \SimpleBLEPeripheralzeke\CC2541DB\CC2541\Obj\OnBo #
#                            ard.r51                                           #
#                            E:\TexasInstruments\BLE-CC254x-1.4.0\Projects\ble #
#                            \SimpleBLEPeripheralzeke\CC2541DB\CC2541\Obj\Simp #
#                            leBLEPeripheral_Main.r51                          #
#                            E:\TexasInstruments\BLE-CC254x-1.4.0\Projects\ble #
#                            \SimpleBLEPeripheralzeke\CC2541DB\CC2541\Obj\Simp #
#                            leBLESPIFlash.r51                                 #
#                            E:\TexasInstruments\BLE-CC254x-1.4.0\Projects\ble #
#                            \SimpleBLEPeripheralzeke\CC2541DB\CC2541\Obj\Simp #
#                            leBLESerialUart.r51                               #
#                            E:\TexasInstruments\BLE-CC254x-1.4.0\Projects\ble #
#                            \SimpleBLEPeripheralzeke\CC2541DB\CC2541\Obj\Simp #
#                            leDS18B20.r51                                     #
#                            E:\TexasInstruments\BLE-CC254x-1.4.0\Projects\ble #
#                            \SimpleBLEPeripheralzeke\CC2541DB\CC2541\Obj\Simp #
#                            leEepromUtils.r51                                 #
#                            E:\TexasInstruments\BLE-CC254x-1.4.0\Projects\ble #
#                            \SimpleBLEPeripheralzeke\CC2541DB\CC2541\Obj\Simp #
#                            leRTCInterrupt.r51                                #
#                            E:\TexasInstruments\BLE-CC254x-1.4.0\Projects\ble #
#                            \SimpleBLEPeripheralzeke\CC2541DB\CC2541\Obj\Simp #
#                            leTemperature.r51                                 #
#                            E:\TexasInstruments\BLE-CC254x-1.4.0\Projects\ble #
#                            \SimpleBLEPeripheralzeke\CC2541DB\CC2541\Obj\batt #
#                            service.r51                                       #
#                            E:\TexasInstruments\BLE-CC254x-1.4.0\Projects\ble #
#                            \SimpleBLEPeripheralzeke\CC2541DB\CC2541\Obj\devi #
#                            nfoservice.r51                                    #
#                            E:\TexasInstruments\BLE-CC254x-1.4.0\Projects\ble #
#                            \SimpleBLEPeripheralzeke\CC2541DB\CC2541\Obj\gap. #
#                            r51                                               #
#                            E:\TexasInstruments\BLE-CC254x-1.4.0\Projects\ble #
#                            \SimpleBLEPeripheralzeke\CC2541DB\CC2541\Obj\gapb #
#                            ondmgr.r51                                        #
#                            E:\TexasInstruments\BLE-CC254x-1.4.0\Projects\ble #
#                            \SimpleBLEPeripheralzeke\CC2541DB\CC2541\Obj\gatt #
#                            _uuid.r51                                         #
#                            E:\TexasInstruments\BLE-CC254x-1.4.0\Projects\ble #
#                            \SimpleBLEPeripheralzeke\CC2541DB\CC2541\Obj\hal_ #
#                            adc.r51                                           #
#                            E:\TexasInstruments\BLE-CC254x-1.4.0\Projects\ble #
#                            \SimpleBLEPeripheralzeke\CC2541DB\CC2541\Obj\hal_ #
#                            aes.r51                                           #
#                            E:\TexasInstruments\BLE-CC254x-1.4.0\Projects\ble #
#                            \SimpleBLEPeripheralzeke\CC2541DB\CC2541\Obj\hal_ #
#                            at24c32.r51                                       #
#                            E:\TexasInstruments\BLE-CC254x-1.4.0\Projects\ble #
#                            \SimpleBLEPeripheralzeke\CC2541DB\CC2541\Obj\hal_ #
#                            crc.r51                                           #
#                            E:\TexasInstruments\BLE-CC254x-1.4.0\Projects\ble #
#                            \SimpleBLEPeripheralzeke\CC2541DB\CC2541\Obj\hal_ #
#                            dma.r51                                           #
#                            E:\TexasInstruments\BLE-CC254x-1.4.0\Projects\ble #
#                            \SimpleBLEPeripheralzeke\CC2541DB\CC2541\Obj\hal_ #
#                            drivers.r51                                       #
#                            E:\TexasInstruments\BLE-CC254x-1.4.0\Projects\ble #
#                            \SimpleBLEPeripheralzeke\CC2541DB\CC2541\Obj\hal_ #
#                            ds1307.r51                                        #
#                            E:\TexasInstruments\BLE-CC254x-1.4.0\Projects\ble #
#                            \SimpleBLEPeripheralzeke\CC2541DB\CC2541\Obj\hal_ #
#                            eeprom.r51                                        #
#                            E:\TexasInstruments\BLE-CC254x-1.4.0\Projects\ble #
#                            \SimpleBLEPeripheralzeke\CC2541DB\CC2541\Obj\hal_ #
#                            flash.r51                                         #
#                            E:\TexasInstruments\BLE-CC254x-1.4.0\Projects\ble #
#                            \SimpleBLEPeripheralzeke\CC2541DB\CC2541\Obj\hal_ #
#                            i2c.r51                                           #
#                            E:\TexasInstruments\BLE-CC254x-1.4.0\Projects\ble #
#                            \SimpleBLEPeripheralzeke\CC2541DB\CC2541\Obj\hal_ #
#                            key.r51                                           #
#                            E:\TexasInstruments\BLE-CC254x-1.4.0\Projects\ble #
#                            \SimpleBLEPeripheralzeke\CC2541DB\CC2541\Obj\hal_ #
#                            lcd.r51                                           #
#                            E:\TexasInstruments\BLE-CC254x-1.4.0\Projects\ble #
#                            \SimpleBLEPeripheralzeke\CC2541DB\CC2541\Obj\hal_ #
#                            led.r51                                           #
#                            E:\TexasInstruments\BLE-CC254x-1.4.0\Projects\ble #
#                            \SimpleBLEPeripheralzeke\CC2541DB\CC2541\Obj\hal_ #
#                            sensor.r51                                        #
#                            E:\TexasInstruments\BLE-CC254x-1.4.0\Projects\ble #
#                            \SimpleBLEPeripheralzeke\CC2541DB\CC2541\Obj\hal_ #
#                            sleep.r51                                         #
#                            E:\TexasInstruments\BLE-CC254x-1.4.0\Projects\ble #
#                            \SimpleBLEPeripheralzeke\CC2541DB\CC2541\Obj\hal_ #
#                            startup.r51                                       #
#                            E:\TexasInstruments\BLE-CC254x-1.4.0\Projects\ble #
#                            \SimpleBLEPeripheralzeke\CC2541DB\CC2541\Obj\hal_ #
#                            timer.r51                                         #
#                            E:\TexasInstruments\BLE-CC254x-1.4.0\Projects\ble #
#                            \SimpleBLEPeripheralzeke\CC2541DB\CC2541\Obj\hal_ #
#                            uart.r51                                          #
#                            E:\TexasInstruments\BLE-CC254x-1.4.0\Projects\ble #
#                            \SimpleBLEPeripheralzeke\CC2541DB\CC2541\Obj\npi. #
#                            r51                                               #
#                            E:\TexasInstruments\BLE-CC254x-1.4.0\Projects\ble #
#                            \SimpleBLEPeripheralzeke\CC2541DB\CC2541\Obj\osal #
#                            _bufmgr.r51                                       #
#                            E:\TexasInstruments\BLE-CC254x-1.4.0\Projects\ble #
#                            \SimpleBLEPeripheralzeke\CC2541DB\CC2541\Obj\osal #
#                            _cbtimer.r51                                      #
#                            E:\TexasInstruments\BLE-CC254x-1.4.0\Projects\ble #
#                            \SimpleBLEPeripheralzeke\CC2541DB\CC2541\Obj\osal #
#                            _snv.r51                                          #
#                            E:\TexasInstruments\BLE-CC254x-1.4.0\Projects\ble #
#                            \SimpleBLEPeripheralzeke\CC2541DB\CC2541\Obj\peri #
#                            pheral.r51                                        #
#                            E:\TexasInstruments\BLE-CC254x-1.4.0\Projects\ble #
#                            \SimpleBLEPeripheralzeke\CC2541DB\CC2541\Obj\simp #
#                            leBLEPeripheral.r51                               #
#                            E:\TexasInstruments\BLE-CC254x-1.4.0\Projects\ble #
#                            \SimpleBLEPeripheralzeke\CC2541DB\CC2541\Obj\simp #
#                            leGATTprofile.r51                                 #
#                            -o                                                #
#                            E:\TexasInstruments\BLE-CC254x-1.4.0\Projects\ble #
#                            \SimpleBLEPeripheralzeke\CC2541DB\CC2541\Exe\Simp #
#                            leBLEPeripheral.d51                               #
#                            -l                                                #
#                            E:\TexasInstruments\BLE-CC254x-1.4.0\Projects\ble #
#                            \SimpleBLEPeripheralzeke\CC2541DB\CC2541\List\Sim #
#                            pleBLEPeripheral.map                              #
#                            -xeso -f                                          #
#                            E:\TexasInstruments\BLE-CC254x-1.4.0\Projects\ble #
#                            \SimpleBLEPeripheralzeke\CC2541DB\..\..\common\cc #
#                            2540\ti_51ew_cc2540b.xcl                          #
#                            (-D_IDATA_END=0xFF -D_PDATA_START=0x1E00          #
#                            -D_PDATA_END=0x1EFF -D_IXDATA_START=0x0001        #
#                            -D_IXDATA_END=0x1EFF                              #
#                            -D_XDATA_START=_IXDATA_START                      #
#                            -D_XDATA_END=_IXDATA_END -D_CODE_START=0x0000     #
#                            -D_CODE_END=0x7FFF -D_FIRST_BANK_ADDR=0x10000     #
#                            -D_NEAR_CODE_END=_CODE_END -D?REGISTER_BANK=0     #
#                            -D_REGISTER_BANK_START=0 -D?PBANK_NUMBER=0x1E     #
#                            -D_BREG_START=0x00 -D?VB=0x20                     #
#                            -D_FAR_DATA_NR_OF_BANKS=0x0E                      #
#                            -D_FAR_DATA_START=0x010001                        #
#                            -D_FAR_DATA_END=0xFFFFFF                          #
#                            -D_FAR_CODE_START=_CODE_START                     #
#                            -D_FAR_CODE_END=_CODE_END                         #
#                            -Z(BIT)BREG=_BREG_START -Z(BIT)BIT_N=0-7F         #
#                            -Z(DATA)REGISTERS+8=_REGISTER_BANK_START          #
#                            -Z(DATA)BDATA_Z,BDATA_N,BDATA_I=20-2F             #
#                            -Z(DATA)VREG+_NR_OF_VIRTUAL_REGISTERS=08-7F       #
#                            -Z(DATA)PSP,XSP=08-7F -Z(DATA)DOVERLAY=08-7F      #
#                            -Z(DATA)DATA_I,DATA_Z,DATA_N=08-7F                #
#                            -U(IDATA)0-7F=(DATA)0-7F                          #
#                            -Z(IDATA)IDATA_I,IDATA_Z,IDATA_N=08-_IDATA_END    #
#                            -Z(IDATA)ISTACK+_IDATA_STACK_SIZE#08-_IDATA_END   #
#                            -Z(IDATA)IOVERLAY=08-FF                           #
#                            -Z(CODE)INTVEC=_CODE_START                        #
#                            -Z(CODE)CSTART=_CODE_START-_CODE_END              #
#                            -Z(CODE)BIT_ID,BDATA_ID,DATA_ID,IDATA_ID,IXDATA_I #
#                            D,PDATA_ID,XDATA_ID=_CODE_START-_CODE_END         #
#                            -Z(CODE)HUGE_ID=_FAR_CODE_START-_FAR_CODE_END     #
#                            -D_SLEEP_CODE_SPACE_START=(_CODE_END-7)           #
#                            -D_SLEEP_CODE_SPACE_END=(_CODE_END)               #
#                            -Z(CODE)SLEEP_CODE=_SLEEP_CODE_SPACE_START-_SLEEP #
#                            _CODE_SPACE_END                                   #
#                            -Z(CODE)BANK_RELAYS,RCODE,DIFUNCT,CODE_N,NEAR_COD #
#                            E=_CODE_START-_CODE_END                           #
#                            -P(CODE)CODE_C=_CODE_START-_CODE_END              #
#                            -P(CONST)XDATA_ROM_C=0x8000-0xFFFF                #
#                            -P(CODE)XDATA_ROM_C_FLASH=0x18000-0x1FFFF         #
#                            -QXDATA_ROM_C=XDATA_ROM_C_FLASH                   #
#                            -P(CODE)BANKED_CODE=_CODE_START-_CODE_END,[(_CODE #
#                            BANK_START+_FIRST_BANK_ADDR)-(_CODEBANK_END+_FIRS #
#                            T_BANK_ADDR)]*_NR_OF_BANKS+10000                  #
#                            -P(CODE)FAR_CODE_C,FAR_CODE_N,FAR_CODE=[_FAR_CODE #
#                            _START-_FAR_CODE_END]/10000                       #
#                            -P(CODE)HUGE_CODE_C=_FAR_CODE_START-_FAR_CODE_END #
#                            -Z(CODE)CHECKSUM#_CODE_END                        #
#                            -Z(XDATA)EXT_STACK+_EXTENDED_STACK_SIZE=_EXTENDED #
#                            _STACK_START                                      #
#                            -Z(XDATA)PSTACK+_PDATA_STACK_SIZE=_PDATA_START-_P #
#                            DATA_END                                          #
#                            -Z(XDATA)XSTACK+_XDATA_STACK_SIZE=_XDATA_START-_X #
#                            DATA_END                                          #
#                            -Z(XDATA)PDATA_Z,PDATA_I=_PDATA_START-_PDATA_END  #
#                            -P(XDATA)PDATA_N=_PDATA_START-_PDATA_END          #
#                            -Z(XDATA)IXDATA_Z,IXDATA_I=_IXDATA_START-_IXDATA_ #
#                            END                                               #
#                            -P(XDATA)IXDATA_N=_IXDATA_START-_IXDATA_END       #
#                            -Z(XDATA)XDATA_Z,XDATA_I=_XDATA_START-_XDATA_END  #
#                            -P(XDATA)XDATA_N=_XDATA_START-_XDATA_END          #
#                            -Z(XDATA)XDATA_HEAP+_XDATA_HEAP_SIZE=_XDATA_START #
#                            -_XDATA_END                                       #
#                            -Z(XDATA)FAR_Z=[_FAR_DATA_START-_FAR_DATA_END]/10 #
#                            000                                               #
#                            -Z(XDATA)FAR_I=[_FAR_DATA_START-_FAR_DATA_END]/10 #
#                            000                                               #
#                            -Z(CODE)FAR_ID=[_FAR_CODE_START-_FAR_CODE_END]/10 #
#                            000                                               #
#                            -Z(XDATA)FAR_HEAP+_FAR_HEAP_SIZE=[_FAR_DATA_START #
#                            -_FAR_DATA_END]/10000                             #
#                            -P(XDATA)FAR_N=[_FAR_DATA_START-_FAR_DATA_END]*_F #
#                            AR_DATA_NR_OF_BANKS+10000                         #
#                            -P(CONST)FAR_ROM_C=[_FAR_DATA_START-_FAR_DATA_END #
#                            ]*_FAR_DATA_NR_OF_BANKS+10000                     #
#                            -Z(XDATA)HUGE_Z,HUGE_I=_FAR_DATA_START-_FAR_DATA_ #
#                            END                                               #
#                            -P(XDATA)HUGE_N=_FAR_DATA_START-_FAR_DATA_END     #
#                            -Z(XDATA)HUGE_HEAP+_HUGE_HEAP_SIZE=_FAR_DATA_STAR #
#                            T-_FAR_DATA_END                                   #
#                            -Z(CONST)HUGE_ROM_C=_FAR_DATA_START-_FAR_DATA_END #
#                            -cx51 -D_BLENV_ADDRESS_SPACE_START=0x7E800        #
#                            -D_BLENV_ADDRESS_SPACE_END=0x7F7FF                #
#                            -Z(CODE)BLENV_ADDRESS_SPACE=_BLENV_ADDRESS_SPACE_ #
#                            START-_BLENV_ADDRESS_SPACE_END                    #
#                            -D_BANK0_START=0x00000 -D_BANK0_END=0x07FFF       #
#                            -D_BANK1_START=0x18000 -D_BANK1_END=0x1FFFF       #
#                            -D_BANK2_START=0x28000 -D_BANK2_END=0x2FFFF       #
#                            -D_BANK3_START=0x38000 -D_BANK3_END=0x3FFFF       #
#                            -D_BANK4_START=0x48000 -D_BANK4_END=0x4FFFF       #
#                            -D_BANK5_START=0x58000 -D_BANK5_END=0x5FFFF       #
#                            -D_BANK6_START=0x68000 -D_BANK6_END=0x6FFFF       #
#                            -D_BANK7_START=0x78000                            #
#                            -D_BANK7_END=(_BLENV_ADDRESS_SPACE_START-1)       #
#                            -P(CODE)BANK0=_BANK0_START-_BANK0_END             #
#                            -P(CODE)BANK1=_BANK1_START-_BANK1_END             #
#                            -P(CODE)BANK2=_BANK2_START-_BANK2_END             #
#                            -P(CODE)BANK3=_BANK3_START-_BANK3_END             #
#                            -P(CODE)BANK4=_BANK4_START-_BANK4_END             #
#                            -P(CODE)BANK5=_BANK5_START-_BANK5_END             #
#                            -P(CODE)BANK6=_BANK6_START-_BANK6_END             #
#                            -P(CODE)BANK7=_BANK7_START-_BANK7_END             #
#                            -M(CODE)[(_CODEBANK_START+_FIRST_BANK_ADDR)-(_COD #
#                            EBANK_END+_FIRST_BANK_ADDR)]*_NR_OF_BANKS+0x10000 #
#                            =0x8000                                           #
#                            -ww69=i                                           #
#                            -D_FLASH_LOCK_BITS_START=((_NR_OF_BANKS*_FIRST_BA #
#                            NK_ADDR)+0xFFF0)                                  #
#                            -D_FLASH_LOCK_BITS_END=((_NR_OF_BANKS*_FIRST_BANK #
#                            _ADDR)+0xFFFF)                                    #
#                            -Z(CODE)FLASH_LOCK_BITS=_FLASH_LOCK_BITS_START-_F #
#                            LASH_LOCK_BITS_END                                #
#                            -U(CODE)0x0000=(CODE)_FLASH_LOCK_BITS_START-_FLAS #
#                            H_LOCK_BITS_END)                                  #
#                            -D_NR_OF_VIRTUAL_REGISTERS=10 -D?PBANK=0x93       #
#                            -e?BCALL_FF=?BCALL -e?BRET_FF=?BRET               #
#                            -e?BDISPATCH_FF=?BDISPATCH                        #
#                            -e_large_write=_formatted_write                   #
#                            -e_large_read=_formatted_read -rt                 #
#                            -Ointel-extended=E:\TexasInstruments\BLE-CC254x-1 #
#                            .4.0\Projects\ble\SimpleBLEPeripheralzeke\CC2541D #
#                            B\CC2541\Exe\SimpleBLEPeripheral.hex              #
#                            -s __program_start                                #
#                            "C:\Program Files\IAR Systems\Embedded Workbench  #
#                            6.4\8051\LIB\CLIB\cl-pli-blxd-1e16x01.r51"        #
#                            -D_IDATA_STACK_SIZE=0xC8                          #
#                            -D_EXTENDED_STACK_START=0x00                      #
#                            -D_EXTENDED_STACK_SIZE=0x00                       #
#                            -D_PDATA_STACK_SIZE=0x00                          #
#                            -D_XDATA_STACK_SIZE=0x280                         #
#                            -D_XDATA_HEAP_SIZE=0xFF -D_FAR_HEAP_SIZE=0xFFF    #
#                            -D_HUGE_HEAP_SIZE=0xFFF -D_FAR22_HEAP_SIZE=0xFF   #
#                                                                              #
#                           Copyright (C) 1987-2012 IAR Systems AB.            #
################################################################################





                ****************************************
                *                                      *
                *           CROSS REFERENCE            *
                *                                      *
                ****************************************

       Program entry at : CODE      0000011D  Relocatable, from module : CSTARTUP




                ****************************************
                *                                      *
                *            RUNTIME MODEL             *
                *                                      *
                ****************************************

  __SystemLibrary          = CLib
  __calling_convention     = xdata_reentrant
  __code_model             = banked
  __core                   = plain
  __data_model             = large
  __dptr_size              = 16
  __extended_stack         = disabled
  __location_for_constants = data
  __number_of_dptrs        = 1
  __rt_version             = 1

                ****************************************
                *                                      *
                *    AUTOMATIC SYMBOL REDIRECTIONS     *
                *                                      *
                ****************************************

                  There are no automatic symbol redirections.

                ****************************************
                *                                      *
                *              ENTRY LIST              *
                *                                      *
                ****************************************

Module  Entry                                          Address
------  -----                                          -------
?FILLER_BYTES
?ABS_ENTRY_MOD
        _FAR22_HEAP_SIZE                               CODE 000000FF
        _HUGE_HEAP_SIZE                                CODE 00000FFF
        _FAR_HEAP_SIZE                                 CODE 00000FFF
        _XDATA_HEAP_SIZE                               CODE 000000FF
        _XDATA_STACK_SIZE                              CODE 00000280
        _PDATA_STACK_SIZE                              CODE 00000000
        _EXTENDED_STACK_SIZE                           CODE 00000000
        _EXTENDED_STACK_START                          CODE 00000000
        _IDATA_STACK_SIZE                              CODE 000000C8
        ?PBANK                                         CODE 00000093
        _NR_OF_VIRTUAL_REGISTERS                       CODE 00000010
        _FLASH_LOCK_BITS_END                           CODE 0003FFFF
        _FLASH_LOCK_BITS_START                         CODE 0003FFF0
        _BANK7_END                                     CODE 0003E7FF
        _BANK7_START                                   CODE 00038000
        _BANK6_END                                     CODE 00037FFF
        _BANK6_START                                   CODE 00030000
        _BANK5_END                                     CODE 0002FFFF
        _BANK5_START                                   CODE 00028000
        _BANK4_END                                     CODE 00027FFF
        _BANK4_START                                   CODE 00020000
        _BANK3_END                                     CODE 0001FFFF
        _BANK3_START                                   CODE 00018000
        _BANK2_END                                     CODE 00017FFF
        _BANK2_START                                   CODE 00010000
        _BANK1_END                                     CODE 0000FFFF
        _BANK1_START                                   CODE 00008000
        _BANK0_END                                     CODE 00007FFF
        _BANK0_START                                   CODE 00000000
        _BLENV_ADDRESS_SPACE_END                       CODE 0003F7FF
        _BLENV_ADDRESS_SPACE_START                     CODE 0003E800
        _SLEEP_CODE_SPACE_END                          CODE 00007FFF
        _SLEEP_CODE_SPACE_START                        CODE 00007FF8
        _FAR_CODE_END                                  CODE 00007FFF
        _FAR_CODE_START                                CODE 00000000
        _FAR_DATA_END                                  CODE 00FFFFFF
        _FAR_DATA_START                                CODE 00010001
        _FAR_DATA_NR_OF_BANKS                          CODE 0000000E
        ?VB                                            CODE 00000020
        _BREG_START                                    CODE 00000000
        ?PBANK_NUMBER                                  CODE 0000001E
        _REGISTER_BANK_START                           CODE 00000000
        ?REGISTER_BANK                                 CODE 00000000
        _NEAR_CODE_END                                 CODE 00007FFF
        _FIRST_BANK_ADDR                               CODE 00010000
        _CODE_END                                      CODE 00007FFF
        _CODE_START                                    CODE 00000000
        _XDATA_END                                     CODE 00001EFF
        _XDATA_START                                   CODE 00000001
        _IXDATA_END                                    CODE 00001EFF
        _IXDATA_START                                  CODE 00000001
        _PDATA_END                                     CODE 00001EFF
        _PDATA_START                                   CODE 00001E00
        _IDATA_END                                     CODE 000000FF
        ?CBANK                                         CODE 0000009F
        ?CBANK_MASK                                    CODE 000000FF
        _CODEBANK_START                                CODE 00008000
        _CODEBANK_END                                  CODE 0000FFFF
        _NR_OF_BANKS                                   CODE 00000007
att_server ( E:\TexasInstruments\BLE-CC254x-1.4.0\Projects\ble\Libraries\CC2541DB\bin\CC2541_BLE_peri.lib )
        ATT_ErrorRsp                                   CODE 0001B857
        ATT_ExchangeMTURsp                             CODE 0001B86E
        ATT_FindInfoRsp                                CODE 0001B89F
        ATT_FindByTypeValueRsp                         CODE 0001B8DA
        ATT_ReadByTypeRsp                              CODE 0001B904
        ATT_ReadRsp                                    CODE 0001B92E
        ATT_ReadBlobRsp                                CODE 0001B945
        ATT_ReadMultiRsp                               CODE 0001B95C
        ATT_ReadByGrpTypeRsp                           CODE 0001B973
        ATT_WriteRsp                                   CODE 0001B99C
        ATT_PrepareWriteRsp                            CODE 0001B9AF
        ATT_ExecuteWriteRsp                            CODE 0001B9C5
        ATT_HandleValueNoti                            CODE 0001B9D8
        ATT_HandleValueInd                             CODE 0001B9FF
        ATT_ErrorRsp::?relay                           CODE 00000487
        ATT_ExchangeMTURsp::?relay                     CODE 0000048D
        ATT_FindInfoRsp::?relay                        CODE 00000493
        ATT_FindByTypeValueRsp::?relay                 CODE 00000499
        ATT_ReadByTypeRsp::?relay                      CODE 0000049F
        ATT_ReadRsp::?relay                            CODE 000004A5
        ATT_ReadBlobRsp::?relay                        CODE 000004AB
        ATT_ReadMultiRsp::?relay                       CODE 000004B1
        ATT_ReadByGrpTypeRsp::?relay                   CODE 000004B7
        ATT_WriteRsp::?relay                           CODE 000004BD
        ATT_PrepareWriteRsp::?relay                    CODE 000004C3
        ATT_ExecuteWriteRsp::?relay                    CODE 000004C9
        ATT_HandleValueNoti::?relay                    CODE 000004CF
        ATT_HandleValueInd::?relay                     CODE 000004D5
att_util ( E:\TexasInstruments\BLE-CC254x-1.4.0\Projects\ble\Libraries\CC2541DB\bin\CC2541_BLE_peri.lib )
        btBaseUUID                                     CONST 0000834D
        ATT_ParsePacket                                CODE 000140E9
        ATT_BuildErrorRsp                              CODE 000141ED
        ATT_ParseExchangeMTUReq                        CODE 00014225
        ATT_BuildExchangeMTURsp                        CODE 00014248
        ATT_ParseFindInfoReq                           CODE 00014253
        ATT_BuildFindInfoRsp                           CODE 00014276
        ATT_ParseFindByTypeValueReq                    CODE 00014385
        ATT_BuildFindByTypeValueRsp                    CODE 0001445A
        ATT_ParseReadByTypeReq                         CODE 000144D5
        ATT_BuildReadByTypeRsp                         CODE 0001455D
        ATT_ParseReadReq                               CODE 00014598
        ATT_BuildReadRsp                               CODE 000145CF
        ATT_ParseWriteReq                              CODE 0001465D
        ATT_ParseReadBlobReq                           CODE 00014736
        ATT_BuildReadBlobRsp                           CODE 00014796
        ATT_ParseReadMultiReq                          CODE 000147A1
        ATT_BuildReadMultiRsp                          CODE 00014820
        ATT_BuildReadByGrpTypeRsp                      CODE 00014823
        ATT_ParsePrepareWriteReq                       CODE 00014826
        ATT_BuildPrepareWriteRsp                       CODE 000148B5
        ATT_ParseExecuteWriteReq                       CODE 000148B8
        ATT_BuildHandleValueInd                        CODE 000148E8
        attSendMsg                                     CODE 00014912
        ATT_CompareUUID                                CODE 00014A00
        ATT_ConvertUUIDto128                           CODE 00014AB2
        ATT_ParsePacket::?relay                        CODE 000004DB
        ATT_BuildErrorRsp::?relay                      CODE 000004E1
        ATT_ParseExchangeMTUReq::?relay                CODE 000004E7
        ATT_BuildExchangeMTURsp::?relay                CODE 000004ED
        ATT_ParseFindInfoReq::?relay                   CODE 000004F3
        ATT_BuildFindInfoRsp::?relay                   CODE 000004F9
        ATT_ParseFindByTypeValueReq::?relay            CODE 000004FF
        ATT_BuildFindByTypeValueRsp::?relay            CODE 00000505
        ATT_ParseReadByTypeReq::?relay                 CODE 0000050B
        ATT_BuildReadByTypeRsp::?relay                 CODE 00000511
        ATT_ParseReadReq::?relay                       CODE 00000517
        ATT_BuildReadRsp::?relay                       CODE 0000051D
        ATT_ParseWriteReq::?relay                      CODE 00000523
        ATT_ParseReadBlobReq::?relay                   CODE 00000529
        ATT_BuildReadBlobRsp::?relay                   CODE 0000052F
        ATT_ParseReadMultiReq::?relay                  CODE 00000535
        ATT_BuildReadMultiRsp::?relay                  CODE 0000053B
        ATT_BuildReadByGrpTypeRsp::?relay              CODE 00000541
        ATT_ParsePrepareWriteReq::?relay               CODE 00000547
        ATT_BuildPrepareWriteRsp::?relay               CODE 0000054D
        ATT_ParseExecuteWriteReq::?relay               CODE 00000553
        ATT_BuildHandleValueInd::?relay                CODE 00000559
        attSendMsg::?relay                             CODE 0000055F
        ATT_CompareUUID::?relay                        CODE 00000565
        ATT_ConvertUUIDto128::?relay                   CODE 0000056B
gap_configmgr ( E:\TexasInstruments\BLE-CC254x-1.4.0\Projects\ble\Libraries\CC2541DB\bin\CC2541_BLE_peri.lib )
        gapAppTaskID                                   XDATA 00000D51
        gapProfileRole                                 XDATA 00000281
        gapDeviceAddrMode                              XDATA 00000282
        gapPrivateAddrChangeTimeout                    XDATA 00000283
        gapAutoAdvPrivateAddrChange                    XDATA 00000285
        GAP_SetParamValue                              CODE 0001781F
        GAP_GetParamValue                              CODE 00017847
        GAP_ParamsInit                                 CODE 00017875
        GAP_SecParamsInit                              CODE 000178AC
        gapReadBD_ADDRStatus                           CODE 0001790A
        gapReadBufSizeCmdStatus                        CODE 00017955
        gapProcessNewAddr                              CODE 000179A0
        gapAddAddrAdj                                  CODE 000179E0
        gapDetermineAddrType                           CODE 00017A26
        gapProcessRandomAddrComplete                   CODE 00017A54
        gapGetSRK                                      CODE 00017B11
        gapGetSignCounter                              CODE 00017B1B
        gapIncSignCounter                              CODE 00017B28
        gapUpdateConnSignCounter                       CODE 00017B5B
        gapGetDevAddressMode                           CODE 00017C27
        gapGetDevAddress                               CODE 00017C33
        gapGetIRK                                      CODE 00017C4B
        __Constant_ea60                                CONST 0000843D
        GAP_SetParamValue::?relay                      CODE 00000571
        GAP_GetParamValue::?relay                      CODE 00000577
        GAP_ParamsInit::?relay                         CODE 0000057D
        GAP_SecParamsInit::?relay                      CODE 00000583
        gapReadBD_ADDRStatus::?relay                   CODE 00000589
        gapReadBufSizeCmdStatus::?relay                CODE 0000058F
        gapProcessNewAddr::?relay                      CODE 00000595
        gapAddAddrAdj::?relay                          CODE 0000059B
        gapDetermineAddrType::?relay                   CODE 000005A1
        gapProcessRandomAddrComplete::?relay           CODE 000005A7
        gapGetSRK::?relay                              CODE 000005AD
        gapGetSignCounter::?relay                      CODE 000005B3
        gapIncSignCounter::?relay                      CODE 000005B9
        gapUpdateConnSignCounter::?relay               CODE 000005BF
        gapGetDevAddressMode::?relay                   CODE 000005C5
        gapGetDevAddress::?relay                       CODE 000005CB
        gapGetIRK::?relay                              CODE 000005D1
        gapSendDeviceInitDoneEvent                     CODE 00017C55
        gapSendDeviceInitDoneEvent::?relay             CODE 000005D7
gap_devmgr ( E:\TexasInstruments\BLE-CC254x-1.4.0\Projects\ble\Libraries\CC2541DB\bin\CC2541_BLE_peri.lib )
        pGapAdvertState                                XDATA 0000029C
        GAP_ResolvePrivateAddr                         CODE 0001C84A
        gapIsAdvertising                               CODE 0001C858
        gapValidADType                                 CODE 0001C870
        gapFindADType                                  CODE 0001C888
        GAP_ResolvePrivateAddr::?relay                 CODE 000005DD
        gapIsAdvertising::?relay                       CODE 000005E3
        gapValidADType::?relay                         CODE 000005E9
        gapFindADType::?relay                          CODE 000005EF
gap_linkmgr ( E:\TexasInstruments\BLE-CC254x-1.4.0\Projects\ble\Libraries\CC2541DB\bin\CC2541_BLE_peri.lib )
        pEstLink                                       XDATA 0000029E
        pAuthLink                                      XDATA 000002A0
        pfnCentralConnCBs                              XDATA 000002A2
        GAP_TerminateLinkReq                           CODE 0000CD37
        GAP_Signable                                   CODE 0000CDE3
        GAP_Authenticate                               CODE 0000CE5E
        GAP_TerminateAuth                              CODE 0000CF7F
        GAP_PasscodeUpdate                             CODE 0000CFBB
        GAP_Bond                                       CODE 0000D064
        gapProcessConnectionCompleteEvt                CODE 0000D14B
        gapProcessConnUpdateCompleteEvt                CODE 0000D2AF
        gapProcessDisconnectCompleteEvt                CODE 0000D306
        sendEstLinkEvent                               CODE 0000D387
        gapSendLinkUpdateEvent                         CODE 0000D4C4
        gapFreeEstLink                                 CODE 0000D7D2
        gapSendBondCompleteEvent                       CODE 0000D7F0
        gapSendPairingReqEvent                         CODE 0000D873
        gapPasskeyNeededCB                             CODE 0000D947
        gapPairingCompleteCB                           CODE 0000DA0F
        GAP_TerminateLinkReq::?relay                   CODE 000005F5
        GAP_Signable::?relay                           CODE 000005FB
        GAP_Authenticate::?relay                       CODE 00000601
        GAP_TerminateAuth::?relay                      CODE 00000607
        GAP_PasscodeUpdate::?relay                     CODE 0000060D
        GAP_Bond::?relay                               CODE 00000613
        gapProcessConnectionCompleteEvt::?relay        CODE 00000619
        gapProcessConnUpdateCompleteEvt::?relay        CODE 0000061F
        gapProcessDisconnectCompleteEvt::?relay        CODE 00000625
        sendEstLinkEvent::?relay                       CODE 0000062B
        gapSendLinkUpdateEvent::?relay                 CODE 00000637
        gapFreeEstLink::?relay                         CODE 0000064F
        gapSendBondCompleteEvent::?relay               CODE 00000655
        gapSendPairingReqEvent::?relay                 CODE 0000065B
        gapPasskeyNeededCB::?relay                     CODE 00000661
        gapPairingCompleteCB::?relay                   CODE 00000667
        sendTerminateEvent                             CODE 0000D477
        disconnectNext                                 CODE 0000D54A
        sendAuthEvent                                  CODE 0000D57C
        gapFreeAuthLink                                CODE 0000D790
        sendTerminateEvent::?relay                     CODE 00000631
        disconnectNext::?relay                         CODE 0000063D
        sendAuthEvent::?relay                          CODE 00000643
        gapFreeAuthLink::?relay                        CODE 00000649
gap_peridevmgr ( E:\TexasInstruments\BLE-CC254x-1.4.0\Projects\ble\Libraries\CC2541DB\bin\CC2541_BLE_peri.lib )
        GAP_MakeDiscoverable                           CODE 0000F8C3
        GAP_UpdateAdvertisingData                      CODE 0000F996
        GAP_EndDiscoverable                            CODE 0000FA3F
        GAP_PeriDevMgrInit                             CODE 0000FA92
        gapSetAdvParams                                CODE 0000FBCE
        gapSetAdvParamsStatus                          CODE 0000FCBA
        gapWriteAdvEnableStatus                        CODE 0000FCE9
        gapWriteAdvDataStatus                          CODE 0000FDFC
        __Constant_3e8                                 CONST 00008489
        GAP_MakeDiscoverable::?relay                   CODE 0000066D
        GAP_UpdateAdvertisingData::?relay              CODE 00000673
        GAP_EndDiscoverable::?relay                    CODE 00000679
        GAP_PeriDevMgrInit::?relay                     CODE 0000067F
        gapSetAdvParams::?relay                        CODE 0000068B
        gapSetAdvParamsStatus::?relay                  CODE 00000691
        gapWriteAdvEnableStatus::?relay                CODE 00000697
        gapWriteAdvDataStatus::?relay                  CODE 0000069D
        gapPeriProcessHCICmdCompleteEvt                CODE 0000FB42
        gapProcessAdvertisingEvt                       CODE 0000FE44
        gapSendMakeDiscEvent                           CODE 0000FF19
        gapFreeAdvertState                             CODE 0000FF55
        isLimitedDiscoverableMode                      CODE 0000FF71
        gapPeriProcessHCICmdCompleteEvt::?relay        CODE 00000685
        gapProcessAdvertisingEvt::?relay               CODE 000006A3
        gapSendMakeDiscEvent::?relay                   CODE 000006A9
        gapFreeAdvertState::?relay                     CODE 000006AF
        isLimitedDiscoverableMode::?relay              CODE 000006B5
gap_perilinkmgr ( E:\TexasInstruments\BLE-CC254x-1.4.0\Projects\ble\Libraries\CC2541DB\bin\CC2541_BLE_peri.lib )
        GAP_SendSlaveSecurityRequest                   CODE 0001CB25
        GAP_SendSlaveSecurityRequest::?relay           CODE 000006BB
gap_task ( E:\TexasInstruments\BLE-CC254x-1.4.0\Projects\ble\Libraries\CC2541DB\bin\CC2541_BLE_peri.lib )
        gapTaskID                                      XDATA 000002AC
        gapUnwantedTaskID                              XDATA 00000DA7
        pfnPeripheralCBs                               XDATA 000002AD
        GAP_RegisterForHCIMsgs                         CODE 0001A1E7
        GAP_Init                                       CODE 0001A1FD
        GAP_ProcessEvent                               CODE 0001A223
        GAP_NumActiveConnections                       CODE 0001A33F
        gapRegisterPeripheral                          CODE 0001A576
        GAP_RegisterForHCIMsgs::?relay                 CODE 000006C1
        GAP_Init::?relay                               CODE 000006C7
        GAP_ProcessEvent::?relay                       CODE 000006CD
        GAP_NumActiveConnections::?relay               CODE 000006D3
        gapRegisterPeripheral::?relay                  CODE 000006E5
        gapProcessOSALMsg                              CODE 0001A349
        gapProcessHCICmdCompleteEvt                    CODE 0001A47E
        gapProcessOSALMsg::?relay                      CODE 000006D9
        gapProcessHCICmdCompleteEvt::?relay            CODE 000006DF
gapgattserver ( E:\TexasInstruments\BLE-CC254x-1.4.0\Projects\ble\Libraries\CC2541DB\bin\CC2541_BLE_peri.lib )
        gapServiceCBs                                  CONST 0000841E
        GGS_SetParameter                               CODE 000172F8
        GGS_AddService                                 CODE 00017428
        GGS_SetParameter::?relay                       CODE 000006EB
        GGS_AddService::?relay                         CODE 000006F1
        ggs_SetAttrWPermit                             CODE 0001745B
        ggs_ReadAttrCB                                 CODE 000174A5
        ggs_WriteAttrCB                                CODE 0001766C
        ggs_SetAttrWPermit::?relay                     CODE 000006F7
        ggs_ReadAttrCB::?relay                         CODE 000006FD
        ggs_WriteAttrCB::?relay                        CODE 00000703
gatt_server ( E:\TexasInstruments\BLE-CC254x-1.4.0\Projects\ble\Libraries\CC2541DB\bin\CC2541_BLE_peri.lib )
        serverInfoTbl                                  XDATA 000002D2
        reqTaskId                                      XDATA 00000E0D
        GATT_InitServer                                CODE 0000AE10
        GATT_RegisterService                           CODE 0000AE7A
        GATT_RegisterForReq                            CODE 0000AFD9
        GATT_VerifyReadPermissions                     CODE 0000AFE9
        GATT_VerifyWritePermissions                    CODE 0000B016
        GATT_ServiceChangedInd                         CODE 0000B06D
        GATT_FindHandleUUID                            CODE 0000B116
        GATT_FindHandle                                CODE 0000B21D
        GATT_FindNextAttr                              CODE 0000B2E7
        GATT_ServiceNumAttrs                           CODE 0000B447
        GATT_Indication                                CODE 0000B48A
        GATT_Notification                              CODE 0000B52F
        GATT_InitServer::?relay                        CODE 00000709
        GATT_RegisterService::?relay                   CODE 0000070F
        GATT_RegisterForReq::?relay                    CODE 00000715
        GATT_VerifyReadPermissions::?relay             CODE 0000071B
        GATT_VerifyWritePermissions::?relay            CODE 00000721
        GATT_ServiceChangedInd::?relay                 CODE 00000727
        GATT_FindHandleUUID::?relay                    CODE 0000072D
        GATT_FindHandle::?relay                        CODE 00000733
        GATT_FindNextAttr::?relay                      CODE 00000739
        GATT_ServiceNumAttrs::?relay                   CODE 0000073F
        GATT_Indication::?relay                        CODE 00000745
        GATT_Notification::?relay                      CODE 0000074B
        gattServiceLastHandle                          CODE 0000B57C
        gattServerProcessMsgCB                         CODE 0000B5A2
        gattProcessExchangeMTUReq                      CODE 0000B7B0
        gattProcessFindInfoReq                         CODE 0000B7B5
        gattProcessFindByTypeValueReq                  CODE 0000B9BA
        gattProcessReadByTypeReq                       CODE 0000BA07
        gattProcessReadReq                             CODE 0000BA7A
        gattProcessReadMultiReq                        CODE 0000BAAD
        gattProcessReadByGrpTypeReq                    CODE 0000BB4F
        gattProcessWriteReq                            CODE 0000BBF8
        gattProcessExecuteWriteReq                     CODE 0000BC30
        gattGetServerStatus                            CODE 0000BC33
        gattFindServerInfo                             CODE 0000BC7B
        gattServerHandleTimerCB                        CODE 0000BCBB
        gattServerHandleConnStatusCB                   CODE 0000BD12
        gattServiceLastHandle::?relay                  CODE 00000751
        gattServerProcessMsgCB::?relay                 CODE 00000757
        gattProcessExchangeMTUReq::?relay              CODE 0000075D
        gattProcessFindInfoReq::?relay                 CODE 00000763
        gattProcessFindByTypeValueReq::?relay          CODE 00000769
        gattProcessReadByTypeReq::?relay               CODE 0000076F
        gattProcessReadReq::?relay                     CODE 00000775
        gattProcessReadMultiReq::?relay                CODE 0000077B
        gattProcessReadByGrpTypeReq::?relay            CODE 00000781
        gattProcessWriteReq::?relay                    CODE 00000787
        gattProcessExecuteWriteReq::?relay             CODE 0000078D
        gattGetServerStatus::?relay                    CODE 00000793
        gattFindServerInfo::?relay                     CODE 00000799
        gattServerHandleTimerCB::?relay                CODE 0000079F
        gattServerHandleConnStatusCB::?relay           CODE 000007A5
gatt_task ( E:\TexasInstruments\BLE-CC254x-1.4.0\Projects\ble\Libraries\CC2541DB\bin\CC2541_BLE_peri.lib )
        gattTaskID                                     XDATA 000002DC
        gattRegisterServer                             CODE 0001A580
        GATT_AppCompletedMsg                           CODE 0001A598
        GATT_Init                                      CODE 0001A5E0
        GATT_ProcessEvent                              CODE 0001A5F6
        gattNotifyEvent                                CODE 0001A751
        gattStartTimer                                 CODE 0001A7DE
        gattStopTimer                                  CODE 0001A829
        gattRegisterServer::?relay                     CODE 000007AB
        GATT_AppCompletedMsg::?relay                   CODE 000007B1
        GATT_Init::?relay                              CODE 000007B7
        GATT_ProcessEvent::?relay                      CODE 000007BD
        gattNotifyEvent::?relay                        CODE 000007C9
        gattStartTimer::?relay                         CODE 000007CF
        gattStopTimer::?relay                          CODE 000007D5
        gattProcessRxData                              CODE 0001A63D
        gattProcessRxData::?relay                      CODE 000007C3
gattservapp ( E:\TexasInstruments\BLE-CC254x-1.4.0\Projects\ble\Libraries\CC2541DB\bin\CC2541_BLE_peri.lib )
        GATTServApp_TaskID                             XDATA 000002E1
        appTaskID                                      XDATA 00000E10
        gattServiceCBs                                 CONST 00008424
        GATTServApp_RegisterForMsg                     CODE 00003128
        GATTServApp_Init                               CODE 00003134
        GATTServApp_ProcessEvent                       CODE 0000316F
        GATTServApp_RegisterService                    CODE 000031B4
        GATTServApp_FindAttr                           CODE 000032FA
        GATTServApp_AddService                         CODE 0000335F
        GATTServApp_ReadAttr                           CODE 000041A7
        GATTServApp_WriteAttr                          CODE 00004668
        GATTServApp_UpdateCharCfg                      CODE 000046FD
        GATTServApp_SendServiceChangedInd              CODE 0000474E
        GATTServApp_InitCharCfg                        CODE 00004775
        GATTServApp_ReadCharCfg                        CODE 000047C7
        GATTServApp_WriteCharCfg                       CODE 000047E5
        GATTServApp_ProcessCCCWriteReq                 CODE 0000483F
        GATTServApp_ProcessCharCfg                     CODE 00004928
        GATTServApp_SendCCCUpdatedEvent                CODE 00004B22
        GATTServApp_RegisterForMsg::?relay             CODE 000007DB
        GATTServApp_Init::?relay                       CODE 000007E1
        GATTServApp_ProcessEvent::?relay               CODE 000007E7
        GATTServApp_RegisterService::?relay            CODE 000007ED
        GATTServApp_FindAttr::?relay                   CODE 000007F9
        GATTServApp_AddService::?relay                 CODE 000007FF
        GATTServApp_ReadAttr::?relay                   CODE 00000853
        GATTServApp_WriteAttr::?relay                  CODE 00000859
        GATTServApp_UpdateCharCfg::?relay              CODE 0000085F
        GATTServApp_SendServiceChangedInd::?relay      CODE 00000865
        GATTServApp_InitCharCfg::?relay                CODE 0000086B
        GATTServApp_ReadCharCfg::?relay                CODE 00000871
        GATTServApp_WriteCharCfg::?relay               CODE 00000877
        GATTServApp_ProcessCCCWriteReq::?relay         CODE 0000087D
        GATTServApp_ProcessCharCfg::?relay             CODE 00000883
        GATTServApp_SendCCCUpdatedEvent::?relay        CODE 0000088F
        gattServApp_SetNumPrepareWrites                CODE 00003274
        gattServApp_FindServiceCBs                     CODE 0000338B
        gattServApp_ProcessMsg                         CODE 000033C4
        gattServApp_ProcessFindByTypeValueReq          CODE 00003602
        gattServApp_ProcessReadByTypeReq               CODE 000037E6
        gattServApp_ProcessReadMultiReq                CODE 000039CC
        gattServApp_ProcessReadByGrpTypeReq            CODE 00003B0F
        gattServApp_ProcessWriteReq                    CODE 00003D5D
        gattServApp_ProcessPrepareWriteReq             CODE 00003E6F
        gattServApp_ProcessExecuteWriteReq             CODE 00003FBA
        gattServApp_FindPrepareWriteQ                  CODE 000040CA
        gattServApp_FindCharCfgItem                    CODE 000040E7
        gattServApp_FindAuthorizeAttrCB                CODE 00004122
        gattServApp_WriteAttrCB                        CODE 00004144
        gattServApp_HandleConnStatusCB                 CODE 00004A9E
        gattServApp_SetNumPrepareWrites::?relay        CODE 000007F3
        gattServApp_FindServiceCBs::?relay             CODE 00000805
        gattServApp_ProcessMsg::?relay                 CODE 0000080B
        gattServApp_ProcessFindByTypeValueReq::?relay  CODE 00000811
        gattServApp_ProcessReadByTypeReq::?relay       CODE 00000817
        gattServApp_ProcessReadMultiReq::?relay        CODE 0000081D
        gattServApp_ProcessReadByGrpTypeReq::?relay    CODE 00000823
        gattServApp_ProcessWriteReq::?relay            CODE 00000829
        gattServApp_ProcessPrepareWriteReq::?relay     CODE 0000082F
        gattServApp_ProcessExecuteWriteReq::?relay     CODE 00000835
        gattServApp_FindPrepareWriteQ::?relay          CODE 0000083B
        gattServApp_FindCharCfgItem::?relay            CODE 00000841
        gattServApp_FindAuthorizeAttrCB::?relay        CODE 00000847
        gattServApp_WriteAttrCB::?relay                CODE 0000084D
        gattServApp_HandleConnStatusCB::?relay         CODE 00000889
hci ( E:\TexasInstruments\BLE-CC254x-1.4.0\Projects\ble\Libraries\CC2541DB\bin\CC2541_BLE_peri.lib )
        hciPTMenabled                                  XDATA 0000031F
        ctrlToHostEnable                               XDATA 00000320
        numHostBufs                                    XDATA 00000321
        hciCtrlCmdToken                                XDATA 00000323
        HCI_bm_alloc                                   CODE 0001849A
        HCI_SendDataPkt                                CODE 000184A4
        HCI_DisconnectCmd                              CODE 000184E7
        HCI_HostNumCompletedPktCmd                     CODE 00018502
        HCI_ReadBDADDRCmd                              CODE 00018592
        HCI_ReadRssiCmd                                CODE 000185BA
        HCI_LE_ReadBufSizeCmd                          CODE 000185F7
        HCI_LE_SetRandomAddressCmd                     CODE 0001862E
        HCI_LE_SetAdvParamCmd                          CODE 00018657
        HCI_LE_SetAdvDataCmd                           CODE 000186CC
        HCI_LE_SetScanRspDataCmd                       CODE 000186E1
        HCI_LE_SetAdvEnableCmd                         CODE 000186F6
        HCI_LE_ClearWhiteListCmd                       CODE 00018727
        HCI_LE_AddWhiteListCmd                         CODE 0001873B
        HCI_LE_RandCmd                                 CODE 00018760
        HCI_LE_LtkReqReplyCmd                          CODE 0001879A
        HCI_LE_LtkReqNegReplyCmd                       CODE 000187C6
        LL_RandCback                                   CODE 00018849
        LL_EXT_SetRxGainCback                          CODE 00018892
        LL_EXT_SetTxPowerCback                         CODE 000188BC
        LL_EXT_ExtendRfRangeCback                      CODE 000188E7
        HCI_bm_alloc::?relay                           CODE 00000895
        HCI_SendDataPkt::?relay                        CODE 0000089B
        HCI_DisconnectCmd::?relay                      CODE 000008A1
        HCI_HostNumCompletedPktCmd::?relay             CODE 000008A7
        HCI_ReadBDADDRCmd::?relay                      CODE 000008AD
        HCI_ReadRssiCmd::?relay                        CODE 000008B3
        HCI_LE_ReadBufSizeCmd::?relay                  CODE 000008B9
        HCI_LE_SetRandomAddressCmd::?relay             CODE 000008BF
        HCI_LE_SetAdvParamCmd::?relay                  CODE 000008C5
        HCI_LE_SetAdvDataCmd::?relay                   CODE 000008CB
        HCI_LE_SetScanRspDataCmd::?relay               CODE 000008D1
        HCI_LE_SetAdvEnableCmd::?relay                 CODE 000008D7
        HCI_LE_ClearWhiteListCmd::?relay               CODE 000008DD
        HCI_LE_AddWhiteListCmd::?relay                 CODE 000008E3
        HCI_LE_RandCmd::?relay                         CODE 000008E9
        HCI_LE_LtkReqReplyCmd::?relay                  CODE 000008EF
        HCI_LE_LtkReqNegReplyCmd::?relay               CODE 000008F5
        LL_RandCback::?relay                           CODE 000008FB
        LL_EXT_SetRxGainCback::?relay                  CODE 00000901
        LL_EXT_SetTxPowerCback::?relay                 CODE 00000907
        LL_EXT_ExtendRfRangeCback::?relay              CODE 0000090D
hci_data ( E:\TexasInstruments\BLE-CC254x-1.4.0\Projects\ble\Libraries\CC2541DB\bin\CC2541_BLE_peri.lib )
        LL_RxDataCompleteCback                         CODE 0001C44A
        LL_RxDataCompleteCback::?relay                 CODE 00000913
hci_event ( E:\TexasInstruments\BLE-CC254x-1.4.0\Projects\ble\Libraries\CC2541DB\bin\CC2541_BLE_peri.lib )
        bleEvtMask                                     XDATA 00000324
        pHciEvtMask                                    XDATA 00000325
        hciInitEventMasks                              CODE 000128E8
        HCI_NumOfCompletedPacketsEvent                 CODE 00012916
        HCI_CommandCompleteEvent                       CODE 00012A64
        HCI_VendorSpecifcCommandCompleteEvent          CODE 00012B44
        HCI_CommandStatusEvent                         CODE 00012B63
        HCI_SendCommandStatusEvent                     CODE 00012BE0
        HCI_SendCommandCompleteEvent                   CODE 00012C23
        HCI_SendControllerToHostEvent                  CODE 00012D79
        LL_ConnectionCompleteCback                     CODE 00012E3A
        LL_DisconnectCback                             CODE 000130C1
        LL_ConnParamUpdateCback                        CODE 00013162
        LL_ReadRemoteVersionInfoCback                  CODE 00013258
        LL_EncLtkReqCback                              CODE 00013355
        LL_EncChangeCback                              CODE 000134AF
        LL_EncKeyRefreshCback                          CODE 0001353A
        hciInitEventMasks::?relay                      CODE 00000919
        HCI_NumOfCompletedPacketsEvent::?relay         CODE 0000091F
        HCI_CommandCompleteEvent::?relay               CODE 00000925
        HCI_VendorSpecifcCommandCompleteEvent::?relay  CODE 0000092B
        HCI_CommandStatusEvent::?relay                 CODE 00000931
        HCI_SendCommandStatusEvent::?relay             CODE 00000937
        HCI_SendCommandCompleteEvent::?relay           CODE 0000093D
        HCI_SendControllerToHostEvent::?relay          CODE 00000943
        LL_ConnectionCompleteCback::?relay             CODE 00000949
        LL_DisconnectCback::?relay                     CODE 0000094F
        LL_ConnParamUpdateCback::?relay                CODE 00000955
        LL_ReadRemoteVersionInfoCback::?relay          CODE 0000095B
        LL_EncLtkReqCback::?relay                      CODE 00000961
        LL_EncChangeCback::?relay                      CODE 00000967
        LL_EncKeyRefreshCback::?relay                  CODE 0000096D
l2cap_if ( E:\TexasInstruments\BLE-CC254x-1.4.0\Projects\ble\Libraries\CC2541DB\bin\CC2541_BLE_peri.lib )
        L2CAP_RegisterApp                              CODE 0001C089
        L2CAP_SendData                                 CODE 0001C0F2
        L2CAP_CmdReject                                CODE 0001C146
        L2CAP_ConnParamUpdateReq                       CODE 0001C16D
        L2CAP_HostNumCompletedPkts                     CODE 0001C19E
        L2CAP_RegisterApp::?relay                      CODE 00000973
        L2CAP_SendData::?relay                         CODE 00000979
        L2CAP_CmdReject::?relay                        CODE 0000097F
        L2CAP_ConnParamUpdateReq::?relay               CODE 00000985
        L2CAP_HostNumCompletedPkts::?relay             CODE 0000098B
l2cap_task ( E:\TexasInstruments\BLE-CC254x-1.4.0\Projects\ble\Libraries\CC2541DB\bin\CC2541_BLE_peri.lib )
        l2capTaskID                                    XDATA 0000032E
        l2capFixedChannels                             XDATA 0000032F
        l2capChannels                                  XDATA 0000033B
        L2CAP_Init                                     CODE 0001890F
        L2CAP_ProcessEvent                             CODE 0001897C
        L2CAP_Init::?relay                             CODE 00000991
        L2CAP_ProcessEvent::?relay                     CODE 00000997
        l2capProcessRxData                             CODE 000189C3
        l2capProcessSignal                             CODE 00018ADB
        l2capProcessRsp                                CODE 00018BD7
        l2capProcessReq                                CODE 00018CBA
        l2capProcessRxData::?relay                     CODE 0000099D
        l2capProcessSignal::?relay                     CODE 000009A3
        l2capProcessRsp::?relay                        CODE 000009A9
        l2capProcessReq::?relay                        CODE 000009AF
l2cap_util ( E:\TexasInstruments\BLE-CC254x-1.4.0\Projects\ble\Libraries\CC2541DB\bin\CC2541_BLE_peri.lib )
        l2capParseSignalHdr                            CODE 00014B23
        l2capSendReq                                   CODE 00014B65
        l2capSendCmd                                   CODE 00014C37
        l2capEncapSendData                             CODE 00014D10
        l2capParsePacket                               CODE 00014E0A
        L2CAP_BuildCmdReject                           CODE 00014EEC
        l2capParseCmdReject                            CODE 00014F55
        l2capBuildParamUpdateReq                       CODE 0001500B
        L2CAP_ParseParamUpdateReq                      CODE 0001507F
        l2capParseParamUpdateRsp                       CODE 000150EB
        l2capNotifyData                                CODE 00015114
        l2capNotifySignal                              CODE 0001518E
        l2capAllocChannel                              CODE 00015227
        l2capFreeChannel                               CODE 0001528C
        l2capFindLocalId                               CODE 000152A1
        l2capStopTimer                                 CODE 000152E7
        l2capHandleRxError                             CODE 00015365
        L2CAP_bm_alloc                                 CODE 00015368
        l2capParseSignalHdr::?relay                    CODE 000009B5
        l2capSendReq::?relay                           CODE 000009BB
        l2capSendCmd::?relay                           CODE 000009C1
        l2capEncapSendData::?relay                     CODE 000009C7
        l2capParsePacket::?relay                       CODE 000009CD
        L2CAP_BuildCmdReject::?relay                   CODE 000009D3
        l2capParseCmdReject::?relay                    CODE 000009D9
        l2capBuildParamUpdateReq::?relay               CODE 000009DF
        L2CAP_ParseParamUpdateReq::?relay              CODE 000009E5
        l2capParseParamUpdateRsp::?relay               CODE 000009EB
        l2capNotifyData::?relay                        CODE 000009F1
        l2capNotifySignal::?relay                      CODE 000009F7
        l2capAllocChannel::?relay                      CODE 000009FD
        l2capFreeChannel::?relay                       CODE 00000A03
        l2capFindLocalId::?relay                       CODE 00000A09
        l2capStopTimer::?relay                         CODE 00000A0F
        l2capHandleRxError::?relay                     CODE 00000A1B
        L2CAP_bm_alloc::?relay                         CODE 00000A21
        l2capHandleTimerCB                             CODE 00015300
        l2capHandleTimerCB::?relay                     CODE 00000A15
linkdb ( E:\TexasInstruments\BLE-CC254x-1.4.0\Projects\ble\Libraries\CC2541DB\bin\CC2541_BLE_peri.lib )
        linkDB_Init                                    CODE 00017CDC
        linkDB_Register                                CODE 00017D04
        linkDB_Add                                     CODE 00017D42
        linkDB_Remove                                  CODE 00017E00
        linkDB_Find                                    CODE 00017E67
        linkDB_FindFirst                               CODE 00017E83
        linkDB_State                                   CODE 00017EAB
        linkDB_NumActive                               CODE 00017EDB
        linkDB_Authen                                  CODE 00017EEA
        linkDB_PerformFunc                             CODE 00017F67
        linkDB_Init::?relay                            CODE 00000A27
        linkDB_Register::?relay                        CODE 00000A2D
        linkDB_Add::?relay                             CODE 00000A33
        linkDB_Remove::?relay                          CODE 00000A39
        linkDB_Find::?relay                            CODE 00000A3F
        linkDB_FindFirst::?relay                       CODE 00000A45
        linkDB_State::?relay                           CODE 00000A4B
        linkDB_NumActive::?relay                       CODE 00000A51
        linkDB_Authen::?relay                          CODE 00000A57
        linkDB_PerformFunc::?relay                     CODE 00000A5D
        reportStatusChange                             CODE 00017F8D
        reportStatusChange::?relay                     CODE 00000A63
ll ( E:\TexasInstruments\BLE-CC254x-1.4.0\Projects\ble\Libraries\CC2541DB\bin\CC2541_BLE_peri.lib )
        PMUX                                           DATA 000000AE
        WDCTL                                          DATA 000000C9
        RFD                                            DATA 000000D9
        RFST                                           DATA 000000E1
        APCFG                                          DATA 000000F2
        ownPublicAddr                                  XDATA 0000038F
        ownRandomAddr                                  XDATA 00000395
        ownSavedPublicAddr                             XDATA 0000039B
        LL_TaskID                                      XDATA 000003A1
        llState                                        XDATA 000003A2
        taskEndCause                                   XDATA 000003A3
        postRfOperations                               XDATA 000003A4
        rssiCorrection                                 XDATA 000003A6
        clkDivOnHalt                                   XDATA 000003A7
        nvInUse                                        XDATA 000003A8
        rfCounters                                     XDATA 000003A9
        deviceFeatureSet                               XDATA 000003B5
        maxTxPwrForDTM                                 XDATA 000003BE
        verInfo                                        XDATA 000003BF
        dtmInfo                                        XDATA 000003C4
        buildInfo                                      XDATA 000003CC
        llConns                                        XDATA 000003CE
        peerInfo                                       XDATA 000004D5
        chanMapUpdate                                  XDATA 000004DC
        onePktPerEvt                                   XDATA 000004E1
        numTxDataBufs                                  XDATA 000004E2
        numComplPkts                                   XDATA 000004E3
        numComplPktsLimit                              XDATA 000004E4
        numComplPktsFlush                              XDATA 000004E5
        fastTxRespTime                                 XDATA 000004E6
        slOverride                                     XDATA 000004E7
        advInfo                                        XDATA 000004E8
        dcdcData                                       XDATA 0000053D
        extendRfRange                                  XDATA 0000053F
        rxFifoFlowCtrl                                 XDATA 00000540
        haltDuringRf                                   XDATA 00000541
        sleepDelay                                     XDATA 00000542
        taskEndCauses                                  XDATA 00000E32
        taskErrorEndCauses                             XDATA 00000E40
        trngCounter                                    XDATA 00000544
        myPC                                           IDATA 00000029
        LL_Init                                        CODE 0000BDFF
        LL_ProcessEvent                                CODE 0000BFDD
        LL_TX_bm_alloc                                 CODE 0000C20F
        LL_RX_bm_alloc                                 CODE 0000C24B
        LL_Reset                                       CODE 0000C278
        LL_ReadBDADDR                                  CODE 0000C362
        LL_SetRandomAddress                            CODE 0000C3AD
        LL_ClearWhiteList                              CODE 0000C3F8
        LL_AddWhiteListDevice                          CODE 0000C40A
        LL_Encrypt                                     CODE 0000C44A
        LL_Rand                                        CODE 0000C47F
        LL_PseudoRand                                  CODE 0000C4CD
        LL_CtrlToHostFlowControl                       CODE 0000C4FC
        LL_ReadRssi                                    CODE 0000C51F
        LL_Disconnect                                  CODE 0000C56C
        LL_TxData                                      CODE 0000C5F1
        LL_SetAdvParam                                 CODE 0000C80B
        LL_SetAdvData                                  CODE 0000CA4A
        LL_SetAdvControl                               CODE 0000CA8B
        LL_SetScanRspData                              CODE 0000CC2D
        LL_EncLtkReply                                 CODE 0000CC6E
        LL_EncLtkNegReply                              CODE 0000CCE1
        LL_Init::?relay                                CODE 00000A69
        LL_ProcessEvent::?relay                        CODE 00000A6F
        LL_TX_bm_alloc::?relay                         CODE 00000A75
        LL_RX_bm_alloc::?relay                         CODE 00000A7B
        LL_Reset::?relay                               CODE 00000A81
        LL_ReadBDADDR::?relay                          CODE 00000A87
        LL_SetRandomAddress::?relay                    CODE 00000A8D
        LL_ClearWhiteList::?relay                      CODE 00000A93
        LL_AddWhiteListDevice::?relay                  CODE 00000A99
        LL_Encrypt::?relay                             CODE 00000A9F
        LL_Rand::?relay                                CODE 00000AA5
        LL_PseudoRand::?relay                          CODE 00000AAB
        LL_CtrlToHostFlowControl::?relay               CODE 00000AB1
        LL_ReadRssi::?relay                            CODE 00000AB7
        LL_Disconnect::?relay                          CODE 00000ABD
        LL_TxData::?relay                              CODE 00000AC3
        LL_SetAdvParam::?relay                         CODE 00000AC9
        LL_SetAdvData::?relay                          CODE 00000ACF
        LL_SetAdvControl::?relay                       CODE 00000AD5
        LL_SetScanRspData::?relay                      CODE 00000ADB
        LL_EncLtkReply::?relay                         CODE 00000AE1
        LL_EncLtkNegReply::?relay                      CODE 00000AE7
ll_advEndCauses ( E:\TexasInstruments\BLE-CC254x-1.4.0\Projects\ble\Libraries\CC2541DB\bin\CC2541_BLE_peri.lib )
        llDirectedAdvEvt_TaskEndOk                     CODE 00011BD3
        llAdvEvt_TaskConnect                           CODE 00011CD1
        llUndirectedAdvEvt_TaskEndOk                   CODE 0001236A
        llDiscoverableAdvEvt_TaskEndOk                 CODE 0001258B
        llNonConnAdvEvt_TaskEndOk                      CODE 00012756
        llAdvEvt_TaskAbort                             CODE 000128BE
        llDirectedAdvEvt_TaskEndOk::?relay             CODE 00000AED
        llAdvEvt_TaskConnect::?relay                   CODE 00000AF3
        llUndirectedAdvEvt_TaskEndOk::?relay           CODE 00000AF9
        llDiscoverableAdvEvt_TaskEndOk::?relay         CODE 00000AFF
        llNonConnAdvEvt_TaskEndOk::?relay              CODE 00000B05
        llAdvEvt_TaskAbort::?relay                     CODE 00000B0B
ll_common ( E:\TexasInstruments\BLE-CC254x-1.4.0\Projects\ble\Libraries\CC2541DB\bin\CC2541_BLE_peri.lib )
        IP0                                            DATA 000000A9
        T1STAT                                         DATA 000000AF
        IP1                                            DATA 000000B9
        T1CC0L                                         DATA 000000DA
        T1CC0H                                         DATA 000000DB
        T1CNTL                                         DATA 000000E2
        T1CNTH                                         DATA 000000E3
        T1CTL                                          DATA 000000E4
        T1CCTL0                                        DATA 000000E5
        llRfInit                                       CODE 00004B89
        llSetFreqTune                                  CODE 00004C38
        llClearSetInts                                 CODE 00004C65
        llProcessPostRfOps                             CODE 00004CAB
        llFindTxPowerSettings                          CODE 00004DEB
        llExtendRfRange                                CODE 00004F81
        llCheckWhiteListUsage                          CODE 00004FFB
        llSetupAdv                                     CODE 00005016
        llSetupDirectedAdvEvt                          CODE 00005091
        llSetupUndirectedAdvEvt                        CODE 000051EB
        llSetupNonConnectableAdvEvt                    CODE 0000534B
        llSetupScannableAdvEvt                         CODE 00005451
        llStartAdvSetup                                CODE 000055B2
        llStartSlaveSetup                              CODE 000055CB
        llSetupEncRsp                                  CODE 00005629
        llGetNextDataChan                              CODE 00002124
        llSetNextDataChan                              CODE 000021E2
        llEventInRange                                 CODE 00002362
        llEventDelta                                   CODE 000023A1
        llProcessRxData                                CODE 000023A9
        llProcessTxData                                CODE 00002556
        llSetupStartEncReq                             CODE 00005717
        llSetupStartEncRsp                             CODE 0000574A
        llSetupPauseEncRsp                             CODE 000057BA
        llSetupRejectInd                               CODE 00005834
        llSetupFeatureSetRsp                           CODE 0000587E
        llSetupVersionIndReq                           CODE 00005948
        llSetupTermInd                                 CODE 00005A1D
        llSetupUnknownRsp                              CODE 00005AFC
        llEnqueueCtrlPkt                               CODE 00005B87
        llDequeueCtrlPkt                               CODE 00005BF5
        llReplaceCtrlPkt                               CODE 00005C69
        llProcessChanMap                               CODE 00005C94
[...]
  06            SbpHalUART_Init
                | Stack used (prev) :  00001427 000000BA
                | + function block  :  00000000 00000004
  06            RegisterForKeys
                | Stack used (prev) :  000013ED 000000B4
                | + function block  :  00000000 00000002
  06            osal_set_event
                | Stack used (prev) :  00000000 00000000
                | + function block  :  00000017 00000000
                |  Already listed
  07              GATTServApp_RegisterService
                  | Stack used (prev) :  000013FF 000000B4
                  | + function block  :  00000032 00000000
                  |  Already listed
  06            GATTServApp_AddService
                | Stack used (prev) :  00001431 000000B4
                | + function block  :  0000001C 00000000
  07              GATTServApp_RegisterService
                  | Stack used (prev) :  000013FF 000000B4
                  | + function block  :  00000032 00000000
                  |  Already listed
  06            GGS_AddService
                | Stack used (prev) :  00001431 000000B4
                | + function block  :  0000001C 00000000
  06            GGS_SetParameter
                | Stack used (prev) :  00000E63 0000009F
                | + function block  :  0000001C 00000000
                |  Already listed
  06            GAP_SetParamValue
                | Stack used (prev) :  00001373 000000AC
                | + function block  :  00000000 00000002
                |  Already listed
  05          SimpleBLEPeripheral_Init
              | Stack used (prev) :  000014B9 000000BE
              | + function block  :  0000004C 00000000
  06            osal_snv_read
                | Stack used (prev) :  00000EA5 0000009E
                | + function block  :  00000018 00000000
                |  Already listed
  06            osal_memset
                | Stack used (prev) :  000003F4 0000005C
                | + function block  :  00000018 00000000
                |  Already listed
  06            GAP_RegisterForHCIMsgs
                | Stack used (prev) :  000013ED 000000B4
                | + function block  :  00000000 00000002
  05          GAPRole_Init
              | Stack used (prev) :  000013ED 000000B6
              | + function block  :  00000012 00000000
  06            osal_memset
                | Stack used (prev) :  000003F4 0000005C
                | + function block  :  00000018 00000000
                |  Already listed
  05          osal_CbTimerInit
              | Stack used (prev) :  000013ED 000000B4
              | + function block  :  00000009 00000000
  05          Hal_Init
              | Stack used (prev) :  000013ED 000000B4
              | + function block  :  00000000 00000002
  06            gapBondMgrReadBonds
                | Stack used (prev) :  00000ED6 000000A7
                | + function block  :  00000036 00000000
                |  Already listed
  05          GAPBondMgr_Init
              | Stack used (prev) :  000013ED 000000B4
              | + function block  :  00000009 00000000
  05          osal_mem_alloc
              | Stack used (prev) :  00000000 00000000
              | + function block  :  00000018 00000000
              |  Already listed
  05          osal_memset
              | Stack used (prev) :  000003F4 0000005C
              | + function block  :  00000018 00000000
              |  Already listed
  06            hciInitEventMasks
                | Stack used (prev) :  000013ED 000000B4
                | + function block  :  00000000 00000002
  05          HCI_Init
              | Stack used (prev) :  000013ED 000000B6
              | + function block  :  00000012 00000000
  06            HCI_SMPTaskRegister
                | Stack used (prev) :  000013ED 000000B4
                | + function block  :  00000000 00000002
  06            linkDB_Register
                | Stack used (prev) :  000013ED 000000B4
                | + function block  :  00000009 00000000
                |  Already listed
  06            L2CAP_RegisterApp
                | Stack used (prev) :  000013ED 000000B4
                | + function block  :  00000000 00000003
  05          SM_Init
              | Stack used (prev) :  000013F6 000000B7
              | + function block  :  00000012 00000000
  06            HalFlashRead
                | Stack used (prev) :  00000E55 0000009D
                | + function block  :  0000000E 00000001
                |  Already listed
  06            osal_pwrmgr_task_state
                | Stack used (prev) :  000003CC 00000052
                | + function block  :  0000000A 00000000
                |  Already listed
  06            osal_set_event
                | Stack used (prev) :  00000000 00000000
                | + function block  :  00000017 00000000
                |  Already listed
  07              PHY_ClearAllRegsAndFifos
                  | Stack used (prev) :  000013ED 000000B4
                  | + function block  :  00000000 00000002
  07              PHY_Reset
                  | Stack used (prev) :  00000000 00000000
                  | + function block  :  00000000 00000002
                  |  Already listed
  06            PHY_Init
                | Stack used (prev) :  000013ED 000000B6
                | + function block  :  00000000 00000004
  06            llInitTimer2
                | Stack used (prev) :  000013ED 000000B4
                | + function block  :  00000000 00000000
  06            LL_ENC_InitAesDMA
                | Stack used (prev) :  000013ED 000000B4
                | + function block  :  00000000 00000002
  06            LL_ENC_GenerateTrueRandNum
                | Stack used (prev) :  00000000 00000006
                | + function block  :  00000016 00000000
                |  Already listed
  07              HalFlashWrite
                  | Stack used (prev) :  00000E55 0000009D
                  | + function block  :  0000000C 00000000
                  |  Already listed
  06            llFindTxPowerSettings
                | Stack used (prev) :  000013ED 000000B4
                | + function block  :  00000022 00000002
  07              PHY_SetFifoConfig
                  | Stack used (prev) :  000013ED 000000B4
                  | + function block  :  00000000 00000002
  07              PHY_ConfigureAppendRfStatus
                  | Stack used (prev) :  00000000 00000000
                  | + function block  :  00000000 00000002
                  |  Already listed
  07              PHY_ConfigureFifoDataProcessing
                  | Stack used (prev) :  000013ED 000000B4
                  | + function block  :  00000000 00000002
  07              PHY_ClearSavedWhiteList
                  | Stack used (prev) :  000013ED 000000B4
                  | + function block  :  00000000 00000002
  07              PHY_ClearBlacklist
                  | Stack used (prev) :  000013ED 000000B4
                  | + function block  :  00000000 00000002
  07              PHY_ClearWhitelist
                  | Stack used (prev) :  00000E55 0000009D
                  | + function block  :  00000000 00000002
                  |  Already listed
  07              PHY_ConfigureMD
                  | Stack used (prev) :  000013ED 000000B4
                  | + function block  :  00000000 00000002
  07              PHY_SetCRCInit
                  | Stack used (prev) :  00000000 00000000
                  | + function block  :  00000010 00000000
                  |  Already listed
  07              PHY_ClearAllRegsAndFifos
                  | Stack used (prev) :  000013ED 000000B4
                  | + function block  :  00000000 00000002
                  |  Already listed
  07              llDisableT2IntsEvts
                  | Stack used (prev) :  00000000 00000000
                  | + function block  :  00000000 00000000
                  |  Already listed
  07              llSchedulerInit
                  | Stack used (prev) :  000013ED 000000B4
                  | + function block  :  00000000 00000002
  07              llInitFeatureSet
                  | Stack used (prev) :  000013ED 000000B4
                  | + function block  :  00000000 00000002
  07              llReleaseAllConnId
                  | Stack used (prev) :  000013ED 000000B4
                  | + function block  :  00000000 00000002
  07              llClearSetInts
                  | Stack used (prev) :  000013ED 000000B4
                  | + function block  :  00000000 00000002
  07              llRfInit
                  | Stack used (prev) :  00000000 00000002
                  | + function block  :  00000000 00000004
                  |  Already listed
  06            LL_Reset
                | Stack used (prev) :  000013ED 000000B6
                | + function block  :  0000000C 00000004
  05          LL_Init
              | Stack used (prev) :  0000140F 000000BA
              | + function block  :  00000018 00000000
  06            HCI_L2CAPTaskRegister
                | Stack used (prev) :  000013ED 000000B4
                | + function block  :  00000000 00000002
  05          L2CAP_Init
              | Stack used (prev) :  000013ED 000000B6
              | + function block  :  00000014 00000000
  06            linkDB_Register
                | Stack used (prev) :  000013ED 000000B4
                | + function block  :  00000009 00000000
                |  Already listed
  06            GATTServApp_InitCharCfg
                | Stack used (prev) :  00000400 0000005C
                | + function block  :  00000022 00000000
                |  Already listed
  07              osal_mem_free
                  | Stack used (prev) :  00000000 00000000
                  | + function block  :  0000000A 00000002
                  |  Already listed
  07              osal_mem_alloc
                  | Stack used (prev) :  00000000 00000000
                  | + function block  :  00000018 00000000
                  |  Already listed
  07              osal_memset
                  | Stack used (prev) :  000003F4 0000005C
                  | + function block  :  00000018 00000000
                  |  Already listed
  06            gattServApp_SetNumPrepareWrites
                | Stack used (prev) :  000013ED 000000B4
                | + function block  :  00000017 00000000
  06            GATT_RegisterForReq
                | Stack used (prev) :  000013ED 000000B4
                | + function block  :  00000000 00000002
  05          GATTServApp_Init
              | Stack used (prev) :  00001404 000000B6
              | + function block  :  00000012 00000000
  06            L2CAP_RegisterApp
                | Stack used (prev) :  000013ED 000000B4
                | + function block  :  00000000 00000003
                |  Already listed
  07              linkDB_Register
                  | Stack used (prev) :  000013ED 000000B4
                  | + function block  :  00000009 00000000
                  |  Already listed
  07              gattRegisterServer
                  | Stack used (prev) :  000013ED 000000B4
                  | + function block  :  00000000 00000002
  06            GATT_InitServer
                | Stack used (prev) :  000013F6 000000B6
                | + function block  :  00000014 00000000
  05          GATT_Init
              | Stack used (prev) :  0000140A 000000B7
              | + function block  :  00000012 00000000
  06            HCI_GAPTaskRegister
                | Stack used (prev) :  000013ED 000000B4
                | + function block  :  00000000 00000002
  06            linkDB_Init
                | Stack used (prev) :  000013ED 000000B4
                | + function block  :  00000000 00000002
  06            L2CAP_RegisterApp
                | Stack used (prev) :  000013ED 000000B4
                | + function block  :  00000000 00000003
                |  Already listed
  05          GAP_Init
              | Stack used (prev) :  000013ED 000000B7
              | + function block  :  00000012 00000000
  04        osalInitTasks
            | Stack used (prev) :  00001505 000000BE
            | + function block  :  00000000 00000004
  04        osal_pwrmgr_init
            | Stack used (prev) :  000013ED 000000B4
            | + function block  :  00000000 00000002
  05          osal_mem_free
              | Stack used (prev) :  00000000 00000000
              | + function block  :  0000000A 00000002
              |  Already listed
  05          osal_mem_alloc
              | Stack used (prev) :  00000000 00000000
              | + function block  :  00000018 00000000
              |  Already listed
  04        osal_mem_kick
            | Stack used (prev) :  000013ED 000000B4
            | + function block  :  0000000A 00000000
  04        osal_mem_init
            | Stack used (prev) :  000013ED 000000B4
            | + function block  :  00000000 00000002
  03      osal_init_system
          | Stack used (prev) :  00001505 000000C2
          | + function block  :  00000000 00000004
  02    main
        | Stack used (prev) :  00001505 000000C6
        | + function block  :  00000000 00000000
  01  ?call_main
      | Stack used (prev) :  00001505 000000C6
      | + function block  :  00000000 00000000
  <-Sub-tree of type: Function tree
    | Stack used          :  00001505 000000C6


  ->Sub-tree of type: Function tree
                             XSTACK   ISTACK
    | Stack used (prev) :  00001505 000000C6
  01  __program_start
      | Stack used (prev) :  00001505 000000C6
      | + function block  :  00000000 00000000
  <-Sub-tree of type: Function tree
    | Stack used          :  00001505 000000C6


  ->Sub-tree of type: Function tree
                             XSTACK   ISTACK
    | Stack used (prev) :  00001505 000000C6
  01  memset::?relay
      | Stack used (prev) :  00001505 000000C6
      | + function block  :  00000000 00000000
  <-Sub-tree of type: Function tree
    | Stack used          :  00001505 000000C6


  ->Sub-tree of type: Function tree
                             XSTACK   ISTACK
    | Stack used (prev) :  00001505 000000C6
  01  strcat::?relay
      | Stack used (prev) :  00001505 000000C6
      | + function block  :  00000000 00000000
  <-Sub-tree of type: Function tree
    | Stack used          :  00001505 000000C6


  ->Sub-tree of type: Function tree
                             XSTACK   ISTACK
    | Stack used (prev) :  00001505 000000C6
  01  strcpy::?relay
      | Stack used (prev) :  00001505 000000C6
      | + function block  :  00000000 00000000
  <-Sub-tree of type: Function tree
    | Stack used          :  00001505 000000C6


  ->Sub-tree of type: Function tree
                             XSTACK   ISTACK
    | Stack used (prev) :  00001505 000000C6
  01  strlen::?relay
      | Stack used (prev) :  00001505 000000C6
      | + function block  :  00000000 00000000
  <-Sub-tree of type: Function tree
    | Stack used          :  00001505 000000C6




                ****************************************
                *                                      *
                *      SEGMENTS IN ADDRESS ORDER       *
                *                                      *
                ****************************************


SEGMENT              SPACE    START ADDRESS   END ADDRESS     SIZE  TYPE  ALIGN
=======              =====    =============   ===========     ====  ====  =====
INTVEC               CODE          00000000 - 00000085          86   com    0
CSTART               CODE          00000086 - 0000014C          C7   rel    0
BDATA_ID             CODE               0000014D                     dse    0
BIT_ID               CODE               0000014D                     dse    0
DATA_ID              CODE          0000014D - 0000014D           1   rel    0
PDATA_ID             CODE               0000014E                     dse    0
IXDATA_ID            CODE               0000014E                     dse    0
IDATA_ID             CODE               0000014E                     dse    0
XDATA_ID             CODE          0000014E - 00000486         339   rel    0
BANK_RELAYS          CODE          00000487 - 000014E8        1062   rel    0
RCODE                CODE          000014E9 - 00002120         C38   rel    0
CODE_N               CODE               00002121                     dse    0
DIFUNCT              CODE               00002121                     dse    0
NEAR_CODE            CODE          00002124 - 0000311D         FFA   rel    2
<BANKED_CODE,CODE_C> 1
                     CODE          00003120 - 00007FF7        4ED8   rel    2
SLEEP_CODE           CODE          00007FF8 - 00007FFF           8   rel    0
<BANKED_CODE,XDATA_ROM_C_FLASH> 1
                     CODE          00008000 - 0000FFF8        7FF9   rel    2
<BANKED_CODE> 1      CODE          00010000 - 00017FFC        7FFD   rel    0
<BANKED_CODE> 2      CODE          00018000 - 0001CE2D        4E2E   rel    0
BLENV_ADDRESS_SPACE
                     CODE          0003E800 - 0003F7FF        1000   rel    0
REGISTERS            DATA          00000000 - 00000007           8   rel    0
VREG                 DATA          00000008 - 00000017          10   rel    0
PSP                  DATA               00000018                     dse    0
XSP                  DATA          00000018 - 00000019           2   rel    0
DATA_I               DATA          0000001A - 0000001A           1   rel    0
BREG                 BIT        00000020.0  -  00000020.7        8   rel    0
DATA_Z               DATA          00000021 - 00000028           8   rel    0
SFR_AN               DATA          00000080 - 00000080           1   rel    0
                     DATA          00000086 - 0000008D           8 
                     DATA          00000090 - 00000091           2 
                     DATA          00000094 - 00000097           4 
                     DATA          0000009A - 000000A9          10 
                     DATA          000000AB - 000000AF           5 
                     DATA          000000B3 - 000000B4           2 
                     DATA          000000B6 - 000000B6           1 
                     DATA          000000B8 - 000000C7          10 
                     DATA          000000C9 - 000000C9           1 
                     DATA          000000D1 - 000000D7           7 
                     DATA          000000D9 - 000000DB           3 
                     DATA          000000E1 - 000000E5           5 
                     DATA          000000E8 - 000000E9           2 
                     DATA          000000F1 - 000000F2           2 
                     DATA          000000F2 - 000000F5           4 
                     DATA          000000F7 - 000000FF           9 
XSTACK               XDATA         00000001 - 00000280         280   rel    0
XDATA_Z              XDATA         00000281 - 00000D50         AD0   rel    0
XDATA_I              XDATA         00000D51 - 00001089         339   rel    0
<XDATA_N> 1          XDATA         0000108A - 00001C8D         C04   rel    0
<XDATA_ROM_C> 1      CONST         00008000 - 000084ED         4EE   rel    2
IDATA_I              IDATA              00000029                     dse    0
IDATA_Z              IDATA         00000029 - 0000002A           2   rel    0
ISTACK               IDATA         00000038 - 000000FF          C8   rel    0

                ****************************************
                *                                      *
                *        END OF CROSS REFERENCE        *
                *                                      *
                ****************************************

 122 399 bytes of CODE  memory
      35 bytes of DATA  memory (+ 88 absolute )
   7 309 bytes of XDATA memory
     202 bytes of IDATA memory
       8 bits  of BIT   memory
   1 262 bytes of CONST memory

Errors: none
Warnings: 2

