Warning[w6]: Type conflict for external/entry "strcpy", in module SimpleDS18B20 against external/entry in module ?strcpy; prototyped function vs K&R function
  /* In module SimpleDS18B20: */
  /* K&R Function, args 0, attr 0 */
  int (__xdata_reentrant strcpy)();
  /* In module ?strcpy: */
  /* Function, args 2, attr 0 */
  char * (__xdata_reentrant strcpy)(char *,
                                    char const *);
Warning[w52]: More than one definition for the byte at address 0x6b in common segment INTVEC. It is defined in module "hal_uart" as well as in module "hal_key"
################################################################################
#                                                                              #
#      IAR Universal Linker V5.4.1.30                                          #
#                                                                              #
#           Link time     =  11/Mar/2014  15:33:10                             #
#           Target CPU    =  x51                                               #
#           List file     =  E:\TexasInstruments\BLE-CC254x-1.4.0\Projects\ble #
#                            \SimpleBLEPeripheralzeke\CC2541DB\CC2541\List\Sim #
#                            pleBLEPeripheral.map                              #
#           Output file 1 =  E:\TexasInstruments\BLE-CC254x-1.4.0\Projects\ble #
#                            \SimpleBLEPeripheralzeke\CC2541DB\CC2541\Exe\Simp #
#                            leBLEPeripheral.hex                               #
#                            Format: intel-extended                            #
#           Output file 2 =  E:\TexasInstruments\BLE-CC254x-1.4.0\Projects\ble #
#                            \SimpleBLEPeripheralzeke\CC2541DB\CC2541\Exe\Simp #
#                            leBLEPeripheral.d51                               #
#                            Format: debug                                     #
#                            UBROF version 10.0.6                              #
#                            Using library modules for C-SPY (-rt)             #
#           Command line  =  "-IC:\Program Files\IAR Systems\Embedded Workbenc #
#                            h 6.4\8051\CONFIG\"                               #
#                            -D_NR_OF_BANKS=0x07 -D_CODEBANK_END=0xFFFF        #
#                            -D_CODEBANK_START=0x8000 -D?CBANK_MASK=0xFF       #
#                            -D?CBANK=0x9F                                     #
#                            E:\TexasInstruments\BLE-CC254x-1.4.0\Projects\ble #
#                            \Libraries\CC2541DB\bin\CC2541_BLE_peri.lib       #
#                            E:\TexasInstruments\BLE-CC254x-1.4.0\Projects\ble #
#                            \Libraries\Common\bin\CC254x_BLE_HCI_TL_None.lib  #
#                            E:\TexasInstruments\BLE-CC254x-1.4.0\Projects\ble #
#                            \SimpleBLEPeripheralzeke\CC2541DB\CC2541\Obj\OSAL #
#                            .r51                                              #
#                            E:\TexasInstruments\BLE-CC254x-1.4.0\Projects\ble #
#                            \SimpleBLEPeripheralzeke\CC2541DB\CC2541\Obj\OSAL #
#                            _ClockBLE.r51                                     #
#                            E:\TexasInstruments\BLE-CC254x-1.4.0\Projects\ble #
#                            \SimpleBLEPeripheralzeke\CC2541DB\CC2541\Obj\OSAL #
#                            _Memory.r51                                       #
#                            E:\TexasInstruments\BLE-CC254x-1.4.0\Projects\ble #
#                            \SimpleBLEPeripheralzeke\CC2541DB\CC2541\Obj\OSAL #
#                            _PwrMgr.r51                                       #
#                            E:\TexasInstruments\BLE-CC254x-1.4.0\Projects\ble #
#                            \SimpleBLEPeripheralzeke\CC2541DB\CC2541\Obj\OSAL #
#                            _SimpleBLEPeripheral.r51                          #
#                            E:\TexasInstruments\BLE-CC254x-1.4.0\Projects\ble #
#                            \SimpleBLEPeripheralzeke\CC2541DB\CC2541\Obj\OSAL #
#                            _Timers.r51                                       #
#                            E:\TexasInstruments\BLE-CC254x-1.4.0\Projects\ble #
#                            \SimpleBLEPeripheralzeke\CC2541DB\CC2541\Obj\OnBo #
#                            ard.r51                                           #
#                            E:\TexasInstruments\BLE-CC254x-1.4.0\Projects\ble #
#                            \SimpleBLEPeripheralzeke\CC2541DB\CC2541\Obj\Simp #
#                            leBLEPeripheral_Main.r51                          #
#                            E:\TexasInstruments\BLE-CC254x-1.4.0\Projects\ble #
#                            \SimpleBLEPeripheralzeke\CC2541DB\CC2541\Obj\Simp #
#                            leBLESPIFlash.r51                                 #
#                            E:\TexasInstruments\BLE-CC254x-1.4.0\Projects\ble #
#                            \SimpleBLEPeripheralzeke\CC2541DB\CC2541\Obj\Simp #
#                            leBLESerialUart.r51                               #
#                            E:\TexasInstruments\BLE-CC254x-1.4.0\Projects\ble #
#                            \SimpleBLEPeripheralzeke\CC2541DB\CC2541\Obj\Simp #
#                            leDS18B20.r51                                     #
#                            E:\TexasInstruments\BLE-CC254x-1.4.0\Projects\ble #
#                            \SimpleBLEPeripheralzeke\CC2541DB\CC2541\Obj\Simp #
#                            leEepromUtils.r51                                 #
#                            E:\TexasInstruments\BLE-CC254x-1.4.0\Projects\ble #
#                            \SimpleBLEPeripheralzeke\CC2541DB\CC2541\Obj\Simp #
#                            leRTCInterrupt.r51                                #
#                            E:\TexasInstruments\BLE-CC254x-1.4.0\Projects\ble #
#                            \SimpleBLEPeripheralzeke\CC2541DB\CC2541\Obj\Simp #
#                            leTemperature.r51                                 #
#                            E:\TexasInstruments\BLE-CC254x-1.4.0\Projects\ble #
#                            \SimpleBLEPeripheralzeke\CC2541DB\CC2541\Obj\Simp #
#                            lepasscode.r51                                    #
#                            E:\TexasInstruments\BLE-CC254x-1.4.0\Projects\ble #
#                            \SimpleBLEPeripheralzeke\CC2541DB\CC2541\Obj\batt #
#                            service.r51                                       #
#                            E:\TexasInstruments\BLE-CC254x-1.4.0\Projects\ble #
#                            \SimpleBLEPeripheralzeke\CC2541DB\CC2541\Obj\devi #
#                            nfoservice.r51                                    #
#                            E:\TexasInstruments\BLE-CC254x-1.4.0\Projects\ble #
#                            \SimpleBLEPeripheralzeke\CC2541DB\CC2541\Obj\gap. #
#                            r51                                               #
#                            E:\TexasInstruments\BLE-CC254x-1.4.0\Projects\ble #
#                            \SimpleBLEPeripheralzeke\CC2541DB\CC2541\Obj\gapb #
#                            ondmgr.r51                                        #
#                            E:\TexasInstruments\BLE-CC254x-1.4.0\Projects\ble #
#                            \SimpleBLEPeripheralzeke\CC2541DB\CC2541\Obj\gatt #
#                            _uuid.r51                                         #
#                            E:\TexasInstruments\BLE-CC254x-1.4.0\Projects\ble #
#                            \SimpleBLEPeripheralzeke\CC2541DB\CC2541\Obj\hal_ #
#                            adc.r51                                           #
#                            E:\TexasInstruments\BLE-CC254x-1.4.0\Projects\ble #
#                            \SimpleBLEPeripheralzeke\CC2541DB\CC2541\Obj\hal_ #
#                            aes.r51                                           #
#                            E:\TexasInstruments\BLE-CC254x-1.4.0\Projects\ble #
#                            \SimpleBLEPeripheralzeke\CC2541DB\CC2541\Obj\hal_ #
#                            at24c32.r51                                       #
#                            E:\TexasInstruments\BLE-CC254x-1.4.0\Projects\ble #
#                            \SimpleBLEPeripheralzeke\CC2541DB\CC2541\Obj\hal_ #
#                            crc.r51                                           #
#                            E:\TexasInstruments\BLE-CC254x-1.4.0\Projects\ble #
#                            \SimpleBLEPeripheralzeke\CC2541DB\CC2541\Obj\hal_ #
#                            dma.r51                                           #
#                            E:\TexasInstruments\BLE-CC254x-1.4.0\Projects\ble #
#                            \SimpleBLEPeripheralzeke\CC2541DB\CC2541\Obj\hal_ #
#                            drivers.r51                                       #
#                            E:\TexasInstruments\BLE-CC254x-1.4.0\Projects\ble #
#                            \SimpleBLEPeripheralzeke\CC2541DB\CC2541\Obj\hal_ #
#                            ds1307.r51                                        #
#                            E:\TexasInstruments\BLE-CC254x-1.4.0\Projects\ble #
#                            \SimpleBLEPeripheralzeke\CC2541DB\CC2541\Obj\hal_ #
#                            eeprom.r51                                        #
#                            E:\TexasInstruments\BLE-CC254x-1.4.0\Projects\ble #
#                            \SimpleBLEPeripheralzeke\CC2541DB\CC2541\Obj\hal_ #
#                            flash.r51                                         #
#                            E:\TexasInstruments\BLE-CC254x-1.4.0\Projects\ble #
#                            \SimpleBLEPeripheralzeke\CC2541DB\CC2541\Obj\hal_ #
#                            i2c.r51                                           #
#                            E:\TexasInstruments\BLE-CC254x-1.4.0\Projects\ble #
#                            \SimpleBLEPeripheralzeke\CC2541DB\CC2541\Obj\hal_ #
#                            key.r51                                           #
#                            E:\TexasInstruments\BLE-CC254x-1.4.0\Projects\ble #
#                            \SimpleBLEPeripheralzeke\CC2541DB\CC2541\Obj\hal_ #
#                            lcd.r51                                           #
#                            E:\TexasInstruments\BLE-CC254x-1.4.0\Projects\ble #
#                            \SimpleBLEPeripheralzeke\CC2541DB\CC2541\Obj\hal_ #
#                            led.r51                                           #
#                            E:\TexasInstruments\BLE-CC254x-1.4.0\Projects\ble #
#                            \SimpleBLEPeripheralzeke\CC2541DB\CC2541\Obj\hal_ #
#                            sensor.r51                                        #
#                            E:\TexasInstruments\BLE-CC254x-1.4.0\Projects\ble #
#                            \SimpleBLEPeripheralzeke\CC2541DB\CC2541\Obj\hal_ #
#                            sleep.r51                                         #
#                            E:\TexasInstruments\BLE-CC254x-1.4.0\Projects\ble #
#                            \SimpleBLEPeripheralzeke\CC2541DB\CC2541\Obj\hal_ #
#                            startup.r51                                       #
#                            E:\TexasInstruments\BLE-CC254x-1.4.0\Projects\ble #
#                            \SimpleBLEPeripheralzeke\CC2541DB\CC2541\Obj\hal_ #
#                            timer.r51                                         #
#                            E:\TexasInstruments\BLE-CC254x-1.4.0\Projects\ble #
#                            \SimpleBLEPeripheralzeke\CC2541DB\CC2541\Obj\hal_ #
#                            uart.r51                                          #
#                            E:\TexasInstruments\BLE-CC254x-1.4.0\Projects\ble #
#                            \SimpleBLEPeripheralzeke\CC2541DB\CC2541\Obj\npi. #
#                            r51                                               #
#                            E:\TexasInstruments\BLE-CC254x-1.4.0\Projects\ble #
#                            \SimpleBLEPeripheralzeke\CC2541DB\CC2541\Obj\osal #
#                            _bufmgr.r51                                       #
#                            E:\TexasInstruments\BLE-CC254x-1.4.0\Projects\ble #
#                            \SimpleBLEPeripheralzeke\CC2541DB\CC2541\Obj\osal #
#                            _cbtimer.r51                                      #
#                            E:\TexasInstruments\BLE-CC254x-1.4.0\Projects\ble #
#                            \SimpleBLEPeripheralzeke\CC2541DB\CC2541\Obj\osal #
#                            _snv.r51                                          #
#                            E:\TexasInstruments\BLE-CC254x-1.4.0\Projects\ble #
#                            \SimpleBLEPeripheralzeke\CC2541DB\CC2541\Obj\peri #
#                            pheral.r51                                        #
#                            E:\TexasInstruments\BLE-CC254x-1.4.0\Projects\ble #
#                            \SimpleBLEPeripheralzeke\CC2541DB\CC2541\Obj\simp #
#                            leBLEPeripheral.r51                               #
#                            E:\TexasInstruments\BLE-CC254x-1.4.0\Projects\ble #
#                            \SimpleBLEPeripheralzeke\CC2541DB\CC2541\Obj\simp #
#                            leGATTprofile.r51                                 #
#                            -o                                                #
#                            E:\TexasInstruments\BLE-CC254x-1.4.0\Projects\ble #
#                            \SimpleBLEPeripheralzeke\CC2541DB\CC2541\Exe\Simp #
#                            leBLEPeripheral.d51                               #
#                            -l                                                #
#                            E:\TexasInstruments\BLE-CC254x-1.4.0\Projects\ble #
#                            \SimpleBLEPeripheralzeke\CC2541DB\CC2541\List\Sim #
#                            pleBLEPeripheral.map                              #
#                            -xeso -f                                          #
#                            E:\TexasInstruments\BLE-CC254x-1.4.0\Projects\ble #
#                            \SimpleBLEPeripheralzeke\CC2541DB\..\..\common\cc #
#                            2540\ti_51ew_cc2540b.xcl                          #
#                            (-D_IDATA_END=0xFF -D_PDATA_START=0x1E00          #
#                            -D_PDATA_END=0x1EFF -D_IXDATA_START=0x0001        #
#                            -D_IXDATA_END=0x1EFF                              #
#                            -D_XDATA_START=_IXDATA_START                      #
#                            -D_XDATA_END=_IXDATA_END -D_CODE_START=0x0000     #
#                            -D_CODE_END=0x7FFF -D_FIRST_BANK_ADDR=0x10000     #
#                            -D_NEAR_CODE_END=_CODE_END -D?REGISTER_BANK=0     #
#                            -D_REGISTER_BANK_START=0 -D?PBANK_NUMBER=0x1E     #
#                            -D_BREG_START=0x00 -D?VB=0x20                     #
#                            -D_FAR_DATA_NR_OF_BANKS=0x0E                      #
#                            -D_FAR_DATA_START=0x010001                        #
#                            -D_FAR_DATA_END=0xFFFFFF                          #
#                            -D_FAR_CODE_START=_CODE_START                     #
#                            -D_FAR_CODE_END=_CODE_END                         #
#                            -Z(BIT)BREG=_BREG_START -Z(BIT)BIT_N=0-7F         #
#                            -Z(DATA)REGISTERS+8=_REGISTER_BANK_START          #
#                            -Z(DATA)BDATA_Z,BDATA_N,BDATA_I=20-2F             #
#                            -Z(DATA)VREG+_NR_OF_VIRTUAL_REGISTERS=08-7F       #
#                            -Z(DATA)PSP,XSP=08-7F -Z(DATA)DOVERLAY=08-7F      #
#                            -Z(DATA)DATA_I,DATA_Z,DATA_N=08-7F                #
#                            -U(IDATA)0-7F=(DATA)0-7F                          #
#                            -Z(IDATA)IDATA_I,IDATA_Z,IDATA_N=08-_IDATA_END    #
#                            -Z(IDATA)ISTACK+_IDATA_STACK_SIZE#08-_IDATA_END   #
#                            -Z(IDATA)IOVERLAY=08-FF                           #
#                            -Z(CODE)INTVEC=_CODE_START                        #
#                            -Z(CODE)CSTART=_CODE_START-_CODE_END              #
#                            -Z(CODE)BIT_ID,BDATA_ID,DATA_ID,IDATA_ID,IXDATA_I #
#                            D,PDATA_ID,XDATA_ID=_CODE_START-_CODE_END         #
#                            -Z(CODE)HUGE_ID=_FAR_CODE_START-_FAR_CODE_END     #
#                            -D_SLEEP_CODE_SPACE_START=(_CODE_END-7)           #
#                            -D_SLEEP_CODE_SPACE_END=(_CODE_END)               #
#                            -Z(CODE)SLEEP_CODE=_SLEEP_CODE_SPACE_START-_SLEEP #
#                            _CODE_SPACE_END                                   #
#                            -Z(CODE)BANK_RELAYS,RCODE,DIFUNCT,CODE_N,NEAR_COD #
#                            E=_CODE_START-_CODE_END                           #
#                            -P(CODE)CODE_C=_CODE_START-_CODE_END              #
#                            -P(CONST)XDATA_ROM_C=0x8000-0xFFFF                #
#                            -P(CODE)XDATA_ROM_C_FLASH=0x18000-0x1FFFF         #
#                            -QXDATA_ROM_C=XDATA_ROM_C_FLASH                   #
#                            -P(CODE)BANKED_CODE=_CODE_START-_CODE_END,[(_CODE #
#                            BANK_START+_FIRST_BANK_ADDR)-(_CODEBANK_END+_FIRS #
#                            T_BANK_ADDR)]*_NR_OF_BANKS+10000                  #
#                            -P(CODE)FAR_CODE_C,FAR_CODE_N,FAR_CODE=[_FAR_CODE #
#                            _START-_FAR_CODE_END]/10000                       #
#                            -P(CODE)HUGE_CODE_C=_FAR_CODE_START-_FAR_CODE_END #
#                            -Z(CODE)CHECKSUM#_CODE_END                        #
#                            -Z(XDATA)EXT_STACK+_EXTENDED_STACK_SIZE=_EXTENDED #
#                            _STACK_START                                      #
#                            -Z(XDATA)PSTACK+_PDATA_STACK_SIZE=_PDATA_START-_P #
#                            DATA_END                                          #
#                            -Z(XDATA)XSTACK+_XDATA_STACK_SIZE=_XDATA_START-_X #
#                            DATA_END                                          #
#                            -Z(XDATA)PDATA_Z,PDATA_I=_PDATA_START-_PDATA_END  #
#                            -P(XDATA)PDATA_N=_PDATA_START-_PDATA_END          #
#                            -Z(XDATA)IXDATA_Z,IXDATA_I=_IXDATA_START-_IXDATA_ #
#                            END                                               #
#                            -P(XDATA)IXDATA_N=_IXDATA_START-_IXDATA_END       #
#                            -Z(XDATA)XDATA_Z,XDATA_I=_XDATA_START-_XDATA_END  #
#                            -P(XDATA)XDATA_N=_XDATA_START-_XDATA_END          #
#                            -Z(XDATA)XDATA_HEAP+_XDATA_HEAP_SIZE=_XDATA_START #
#                            -_XDATA_END                                       #
#                            -Z(XDATA)FAR_Z=[_FAR_DATA_START-_FAR_DATA_END]/10 #
#                            000                                               #
#                            -Z(XDATA)FAR_I=[_FAR_DATA_START-_FAR_DATA_END]/10 #
#                            000                                               #
#                            -Z(CODE)FAR_ID=[_FAR_CODE_START-_FAR_CODE_END]/10 #
#                            000                                               #
#                            -Z(XDATA)FAR_HEAP+_FAR_HEAP_SIZE=[_FAR_DATA_START #
#                            -_FAR_DATA_END]/10000                             #
#                            -P(XDATA)FAR_N=[_FAR_DATA_START-_FAR_DATA_END]*_F #
#                            AR_DATA_NR_OF_BANKS+10000                         #
#                            -P(CONST)FAR_ROM_C=[_FAR_DATA_START-_FAR_DATA_END #
#                            ]*_FAR_DATA_NR_OF_BANKS+10000                     #
#                            -Z(XDATA)HUGE_Z,HUGE_I=_FAR_DATA_START-_FAR_DATA_ #
#                            END                                               #
#                            -P(XDATA)HUGE_N=_FAR_DATA_START-_FAR_DATA_END     #
#                            -Z(XDATA)HUGE_HEAP+_HUGE_HEAP_SIZE=_FAR_DATA_STAR #
#                            T-_FAR_DATA_END                                   #
#                            -Z(CONST)HUGE_ROM_C=_FAR_DATA_START-_FAR_DATA_END #
#                            -cx51 -D_BLENV_ADDRESS_SPACE_START=0x7E800        #
#                            -D_BLENV_ADDRESS_SPACE_END=0x7F7FF                #
#                            -Z(CODE)BLENV_ADDRESS_SPACE=_BLENV_ADDRESS_SPACE_ #
#                            START-_BLENV_ADDRESS_SPACE_END                    #
#                            -D_BANK0_START=0x00000 -D_BANK0_END=0x07FFF       #
#                            -D_BANK1_START=0x18000 -D_BANK1_END=0x1FFFF       #
#                            -D_BANK2_START=0x28000 -D_BANK2_END=0x2FFFF       #
#                            -D_BANK3_START=0x38000 -D_BANK3_END=0x3FFFF       #
#                            -D_BANK4_START=0x48000 -D_BANK4_END=0x4FFFF       #
#                            -D_BANK5_START=0x58000 -D_BANK5_END=0x5FFFF       #
#                            -D_BANK6_START=0x68000 -D_BANK6_END=0x6FFFF       #
#                            -D_BANK7_START=0x78000                            #
#                            -D_BANK7_END=(_BLENV_ADDRESS_SPACE_START-1)       #
#                            -P(CODE)BANK0=_BANK0_START-_BANK0_END             #
#                            -P(CODE)BANK1=_BANK1_START-_BANK1_END             #
#                            -P(CODE)BANK2=_BANK2_START-_BANK2_END             #
#                            -P(CODE)BANK3=_BANK3_START-_BANK3_END             #
#                            -P(CODE)BANK4=_BANK4_START-_BANK4_END             #
#                            -P(CODE)BANK5=_BANK5_START-_BANK5_END             #
#                            -P(CODE)BANK6=_BANK6_START-_BANK6_END             #
#                            -P(CODE)BANK7=_BANK7_START-_BANK7_END             #
#                            -M(CODE)[(_CODEBANK_START+_FIRST_BANK_ADDR)-(_COD #
#                            EBANK_END+_FIRST_BANK_ADDR)]*_NR_OF_BANKS+0x10000 #
#                            =0x8000                                           #
#                            -ww69=i                                           #
#                            -D_FLASH_LOCK_BITS_START=((_NR_OF_BANKS*_FIRST_BA #
#                            NK_ADDR)+0xFFF0)                                  #
#                            -D_FLASH_LOCK_BITS_END=((_NR_OF_BANKS*_FIRST_BANK #
#                            _ADDR)+0xFFFF)                                    #
#                            -Z(CODE)FLASH_LOCK_BITS=_FLASH_LOCK_BITS_START-_F #
#                            LASH_LOCK_BITS_END                                #
#                            -U(CODE)0x0000=(CODE)_FLASH_LOCK_BITS_START-_FLAS #
#                            H_LOCK_BITS_END)                                  #
#                            -D_NR_OF_VIRTUAL_REGISTERS=10 -D?PBANK=0x93       #
#                            -e?BCALL_FF=?BCALL -e?BRET_FF=?BRET               #
#                            -e?BDISPATCH_FF=?BDISPATCH                        #
#                            -e_large_write=_formatted_write                   #
#                            -e_large_read=_formatted_read -rt                 #
#                            -Ointel-extended=E:\TexasInstruments\BLE-CC254x-1 #
#                            .4.0\Projects\ble\SimpleBLEPeripheralzeke\CC2541D #
#                            B\CC2541\Exe\SimpleBLEPeripheral.hex              #
#                            -s __program_start                                #
#                            "C:\Program Files\IAR Systems\Embedded Workbench  #
#                            6.4\8051\LIB\CLIB\cl-pli-blxd-1e16x01.r51"        #
#                            -D_IDATA_STACK_SIZE=0xC8                          #
#                            -D_EXTENDED_STACK_START=0x00                      #
#                            -D_EXTENDED_STACK_SIZE=0x00                       #
#                            -D_PDATA_STACK_SIZE=0x00                          #
#                            -D_XDATA_STACK_SIZE=0x280                         #
#                            -D_XDATA_HEAP_SIZE=0xFF -D_FAR_HEAP_SIZE=0xFFF    #
#                            -D_HUGE_HEAP_SIZE=0xFFF -D_FAR22_HEAP_SIZE=0xFF   #
#                                                                              #
#                           Copyright (C) 1987-2012 IAR Systems AB.            #
################################################################################





                ****************************************
                *                                      *
                *           CROSS REFERENCE            *
                *                                      *
                ****************************************

       Program entry at : CODE      0000011D  Relocatable, from module : CSTARTUP




                ****************************************
                *                                      *
                *            RUNTIME MODEL             *
                *                                      *
                ****************************************

  __SystemLibrary          = CLib
  __calling_convention     = xdata_reentrant
  __code_model             = banked
  __core                   = plain
  __data_model             = large
  __dptr_size              = 16
  __extended_stack         = disabled
  __location_for_constants = data
  __number_of_dptrs        = 1
  __rt_version             = 1

                ****************************************
                *                                      *
                *    AUTOMATIC SYMBOL REDIRECTIONS     *
                *                                      *
                ****************************************

                  There are no automatic symbol redirections.

                ****************************************
                *                                      *
                *              ENTRY LIST              *
                *                                      *
                ****************************************

Module  Entry                                          Address
------  -----                                          -------
?FILLER_BYTES
?ABS_ENTRY_MOD
        _FAR22_HEAP_SIZE                               CODE 000000FF
        _HUGE_HEAP_SIZE                                CODE 00000FFF
        _FAR_HEAP_SIZE                                 CODE 00000FFF
        _XDATA_HEAP_SIZE                               CODE 000000FF
        _XDATA_STACK_SIZE                              CODE 00000280
        _PDATA_STACK_SIZE                              CODE 00000000
        _EXTENDED_STACK_SIZE                           CODE 00000000
        _EXTENDED_STACK_START                          CODE 00000000
        _IDATA_STACK_SIZE                              CODE 000000C8
        ?PBANK                                         CODE 00000093
        _NR_OF_VIRTUAL_REGISTERS                       CODE 00000010
        _FLASH_LOCK_BITS_END                           CODE 0003FFFF
        _FLASH_LOCK_BITS_START                         CODE 0003FFF0
        _BANK7_END                                     CODE 0003E7FF
        _BANK7_START                                   CODE 00038000
        _BANK6_END                                     CODE 00037FFF
        _BANK6_START                                   CODE 00030000
        _BANK5_END                                     CODE 0002FFFF
        _BANK5_START                                   CODE 00028000
        _BANK4_END                                     CODE 00027FFF
        _BANK4_START                                   CODE 00020000
        _BANK3_END                                     CODE 0001FFFF
        _BANK3_START                                   CODE 00018000
        _BANK2_END                                     CODE 00017FFF
        _BANK2_START                                   CODE 00010000
        _BANK1_END                                     CODE 0000FFFF
        _BANK1_START                                   CODE 00008000
        _BANK0_END                                     CODE 00007FFF
        _BANK0_START                                   CODE 00000000
        _BLENV_ADDRESS_SPACE_END                       CODE 0003F7FF
        _BLENV_ADDRESS_SPACE_START                     CODE 0003E800
        _SLEEP_CODE_SPACE_END                          CODE 00007FFF
        _SLEEP_CODE_SPACE_START                        CODE 00007FF8
        _FAR_CODE_END                                  CODE 00007FFF
        _FAR_CODE_START                                CODE 00000000
        _FAR_DATA_END                                  CODE 00FFFFFF
        _FAR_DATA_START                                CODE 00010001
        _FAR_DATA_NR_OF_BANKS                          CODE 0000000E
        ?VB                                            CODE 00000020
        _BREG_START                                    CODE 00000000
        ?PBANK_NUMBER                                  CODE 0000001E
        _REGISTER_BANK_START                           CODE 00000000
        ?REGISTER_BANK                                 CODE 00000000
        _NEAR_CODE_END                                 CODE 00007FFF
        _FIRST_BANK_ADDR                               CODE 00010000
        _CODE_END                                      CODE 00007FFF
        _CODE_START                                    CODE 00000000
        _XDATA_END                                     CODE 00001EFF
        _XDATA_START                                   CODE 00000001
        _IXDATA_END                                    CODE 00001EFF
        _IXDATA_START                                  CODE 00000001
        _PDATA_END                                     CODE 00001EFF
        _PDATA_START                                   CODE 00001E00
        _IDATA_END                                     CODE 000000FF
        ?CBANK                                         CODE 0000009F
        ?CBANK_MASK                                    CODE 000000FF
        _CODEBANK_START                                CODE 00008000
        _CODEBANK_END                                  CODE 0000FFFF
        _NR_OF_BANKS                                   CODE 00000007
att_server ( E:\TexasInstruments\BLE-CC254x-1.4.0\Projects\ble\Libraries\CC2541DB\bin\CC2541_BLE_peri.lib )
        ATT_ErrorRsp                                   CODE 0000FE42
        ATT_ExchangeMTURsp                             CODE 0000FE59
        ATT_FindInfoRsp                                CODE 0000FE8A
        ATT_FindByTypeValueRsp                         CODE 0000FEC5
        ATT_ReadByTypeRsp                              CODE 0000FEEF
        ATT_ReadRsp                                    CODE 0000FF19
        ATT_ReadBlobRsp                                CODE 0000FF30
        ATT_ReadMultiRsp                               CODE 0000FF47
        ATT_ReadByGrpTypeRsp                           CODE 0000FF5E
        ATT_WriteRsp                                   CODE 0000FF87
        ATT_PrepareWriteRsp                            CODE 0000FF9A
        ATT_ExecuteWriteRsp                            CODE 0000FFB0
        ATT_HandleValueNoti                            CODE 0000FFC3
        ATT_HandleValueInd                             CODE 0000FFEA
        ATT_ErrorRsp::?relay                           CODE 00000479
        ATT_ExchangeMTURsp::?relay                     CODE 0000047F
        ATT_FindInfoRsp::?relay                        CODE 00000485
        ATT_FindByTypeValueRsp::?relay                 CODE 0000048B
        ATT_ReadByTypeRsp::?relay                      CODE 00000491
        ATT_ReadRsp::?relay                            CODE 00000497
        ATT_ReadBlobRsp::?relay                        CODE 0000049D
        ATT_ReadMultiRsp::?relay                       CODE 000004A3
        ATT_ReadByGrpTypeRsp::?relay                   CODE 000004A9
        ATT_WriteRsp::?relay                           CODE 000004AF
        ATT_PrepareWriteRsp::?relay                    CODE 000004B5
        ATT_ExecuteWriteRsp::?relay                    CODE 000004BB
        ATT_HandleValueNoti::?relay                    CODE 000004C1
        ATT_HandleValueInd::?relay                     CODE 000004C7
att_util ( E:\TexasInstruments\BLE-CC254x-1.4.0\Projects\ble\Libraries\CC2541DB\bin\CC2541_BLE_peri.lib )
        btBaseUUID                                     CONST 0000836B
        ATT_ParsePacket                                CODE 000140E9
        ATT_BuildErrorRsp                              CODE 000141ED
        ATT_ParseExchangeMTUReq                        CODE 00014225
        ATT_BuildExchangeMTURsp                        CODE 00014248
        ATT_ParseFindInfoReq                           CODE 00014253
        ATT_BuildFindInfoRsp                           CODE 00014276
        ATT_ParseFindByTypeValueReq                    CODE 00014385
        ATT_BuildFindByTypeValueRsp                    CODE 0001445A
        ATT_ParseReadByTypeReq                         CODE 000144D5
        ATT_BuildReadByTypeRsp                         CODE 0001455D
        ATT_ParseReadReq                               CODE 00014598
        ATT_BuildReadRsp                               CODE 000145CF
        ATT_ParseWriteReq                              CODE 0001465D
        ATT_ParseReadBlobReq                           CODE 00014736
        ATT_BuildReadBlobRsp                           CODE 00014796
        ATT_ParseReadMultiReq                          CODE 000147A1
        ATT_BuildReadMultiRsp                          CODE 00014820
        ATT_BuildReadByGrpTypeRsp                      CODE 00014823
        ATT_ParsePrepareWriteReq                       CODE 00014826
        ATT_BuildPrepareWriteRsp                       CODE 000148B5
        ATT_ParseExecuteWriteReq                       CODE 000148B8
        ATT_BuildHandleValueInd                        CODE 000148E8
        attSendMsg                                     CODE 00014912
        ATT_CompareUUID                                CODE 00014A00
        ATT_ConvertUUIDto128                           CODE 00014AB2
        ATT_ParsePacket::?relay                        CODE 000004CD
        ATT_BuildErrorRsp::?relay                      CODE 000004D3
        ATT_ParseExchangeMTUReq::?relay                CODE 000004D9
        ATT_BuildExchangeMTURsp::?relay                CODE 000004DF
        ATT_ParseFindInfoReq::?relay                   CODE 000004E5
        ATT_BuildFindInfoRsp::?relay                   CODE 000004EB
        ATT_ParseFindByTypeValueReq::?relay            CODE 000004F1
        ATT_BuildFindByTypeValueRsp::?relay            CODE 000004F7
        ATT_ParseReadByTypeReq::?relay                 CODE 000004FD
        ATT_BuildReadByTypeRsp::?relay                 CODE 00000503
        ATT_ParseReadReq::?relay                       CODE 00000509
        ATT_BuildReadRsp::?relay                       CODE 0000050F
        ATT_ParseWriteReq::?relay                      CODE 00000515
        ATT_ParseReadBlobReq::?relay                   CODE 0000051B
        ATT_BuildReadBlobRsp::?relay                   CODE 00000521
        ATT_ParseReadMultiReq::?relay                  CODE 00000527
        ATT_BuildReadMultiRsp::?relay                  CODE 0000052D
        ATT_BuildReadByGrpTypeRsp::?relay              CODE 00000533
        ATT_ParsePrepareWriteReq::?relay               CODE 00000539
        ATT_BuildPrepareWriteRsp::?relay               CODE 0000053F
        ATT_ParseExecuteWriteReq::?relay               CODE 00000545
        ATT_BuildHandleValueInd::?relay                CODE 0000054B
        attSendMsg::?relay                             CODE 00000551
        ATT_CompareUUID::?relay                        CODE 00000557
        ATT_ConvertUUIDto128::?relay                   CODE 0000055D
gap_configmgr ( E:\TexasInstruments\BLE-CC254x-1.4.0\Projects\ble\Libraries\CC2541DB\bin\CC2541_BLE_peri.lib )
        gapAppTaskID                                   XDATA 00000D66
        gapProfileRole                                 XDATA 00000281
        gapDeviceAddrMode                              XDATA 00000282
        gapPrivateAddrChangeTimeout                    XDATA 00000283
        gapAutoAdvPrivateAddrChange                    XDATA 00000285
        GAP_SetParamValue                              CODE 000179BD
        GAP_GetParamValue                              CODE 000179E5
        GAP_ParamsInit                                 CODE 00017A13
        GAP_SecParamsInit                              CODE 00017A4A
        gapReadBD_ADDRStatus                           CODE 00017AA8
        gapReadBufSizeCmdStatus                        CODE 00017AF3
        gapProcessNewAddr                              CODE 00017B3E
        gapAddAddrAdj                                  CODE 00017B7E
        gapDetermineAddrType                           CODE 00017BC4
        gapProcessRandomAddrComplete                   CODE 00017BF2
        gapGetSRK                                      CODE 00017CAF
        gapGetSignCounter                              CODE 00017CB9
        gapIncSignCounter                              CODE 00017CC6
        gapUpdateConnSignCounter                       CODE 00017CF9
        gapGetDevAddressMode                           CODE 00017DC5
        gapGetDevAddress                               CODE 00017DD1
        gapGetIRK                                      CODE 00017DE9
        __Constant_ea60                                CONST 0000849E
        GAP_SetParamValue::?relay                      CODE 00000563
        GAP_GetParamValue::?relay                      CODE 00000569
        GAP_ParamsInit::?relay                         CODE 0000056F
        GAP_SecParamsInit::?relay                      CODE 00000575
        gapReadBD_ADDRStatus::?relay                   CODE 0000057B
        gapReadBufSizeCmdStatus::?relay                CODE 00000581
        gapProcessNewAddr::?relay                      CODE 00000587
        gapAddAddrAdj::?relay                          CODE 0000058D
        gapDetermineAddrType::?relay                   CODE 00000593
        gapProcessRandomAddrComplete::?relay           CODE 00000599
        gapGetSRK::?relay                              CODE 0000059F
        gapGetSignCounter::?relay                      CODE 000005A5
        gapIncSignCounter::?relay                      CODE 000005AB
        gapUpdateConnSignCounter::?relay               CODE 000005B1
        gapGetDevAddressMode::?relay                   CODE 000005B7
        gapGetDevAddress::?relay                       CODE 000005BD
        gapGetIRK::?relay                              CODE 000005C3
        gapSendDeviceInitDoneEvent                     CODE 00017DF3
        gapSendDeviceInitDoneEvent::?relay             CODE 000005C9
gap_devmgr ( E:\TexasInstruments\BLE-CC254x-1.4.0\Projects\ble\Libraries\CC2541DB\bin\CC2541_BLE_peri.lib )
        pGapAdvertState                                XDATA 0000029C
        GAP_ResolvePrivateAddr                         CODE 0001CA4F
        gapIsAdvertising                               CODE 0001CA5D
        gapValidADType                                 CODE 0001CA75
        gapFindADType                                  CODE 0001CA8D
        GAP_ResolvePrivateAddr::?relay                 CODE 000005CF
        gapIsAdvertising::?relay                       CODE 000005D5
        gapValidADType::?relay                         CODE 000005DB
        gapFindADType::?relay                          CODE 000005E1
gap_linkmgr ( E:\TexasInstruments\BLE-CC254x-1.4.0\Projects\ble\Libraries\CC2541DB\bin\CC2541_BLE_peri.lib )
        pEstLink                                       XDATA 0000029E
        pAuthLink                                      XDATA 000002A0
        pfnCentralConnCBs                              XDATA 000002A2
        GAP_TerminateLinkReq                           CODE 0000CD8F
        GAP_Signable                                   CODE 0000CE3B
        GAP_Authenticate                               CODE 0000CEB6
        GAP_TerminateAuth                              CODE 0000CFD7
        GAP_PasscodeUpdate                             CODE 0000D013
        GAP_Bond                                       CODE 0000D0BC
        gapProcessConnectionCompleteEvt                CODE 0000D1A3
        gapProcessConnUpdateCompleteEvt                CODE 0000D307
        gapProcessDisconnectCompleteEvt                CODE 0000D35E
        sendEstLinkEvent                               CODE 0000D3DF
        gapSendLinkUpdateEvent                         CODE 0000D51C
        gapFreeEstLink                                 CODE 0000D82A
        gapSendBondCompleteEvent                       CODE 0000D848
        gapSendPairingReqEvent                         CODE 0000D8CB
        gapPasskeyNeededCB                             CODE 0000D99F
        gapPairingCompleteCB                           CODE 0000DA67
        GAP_TerminateLinkReq::?relay                   CODE 000005E7
        GAP_Signable::?relay                           CODE 000005ED
        GAP_Authenticate::?relay                       CODE 000005F3
        GAP_TerminateAuth::?relay                      CODE 000005F9
        GAP_PasscodeUpdate::?relay                     CODE 000005FF
        GAP_Bond::?relay                               CODE 00000605
        gapProcessConnectionCompleteEvt::?relay        CODE 0000060B
        gapProcessConnUpdateCompleteEvt::?relay        CODE 00000611
        gapProcessDisconnectCompleteEvt::?relay        CODE 00000617
        sendEstLinkEvent::?relay                       CODE 0000061D
        gapSendLinkUpdateEvent::?relay                 CODE 00000629
        gapFreeEstLink::?relay                         CODE 00000641
        gapSendBondCompleteEvent::?relay               CODE 00000647
        gapSendPairingReqEvent::?relay                 CODE 0000064D
        gapPasskeyNeededCB::?relay                     CODE 00000653
        gapPairingCompleteCB::?relay                   CODE 00000659
        sendTerminateEvent                             CODE 0000D4CF
        disconnectNext                                 CODE 0000D5A2
        sendAuthEvent                                  CODE 0000D5D4
        gapFreeAuthLink                                CODE 0000D7E8
        sendTerminateEvent::?relay                     CODE 00000623
        disconnectNext::?relay                         CODE 0000062F
        sendAuthEvent::?relay                          CODE 00000635
        gapFreeAuthLink::?relay                        CODE 0000063B
gap_peridevmgr ( E:\TexasInstruments\BLE-CC254x-1.4.0\Projects\ble\Libraries\CC2541DB\bin\CC2541_BLE_peri.lib )
        GAP_MakeDiscoverable                           CODE 00016BA6
        GAP_UpdateAdvertisingData                      CODE 00016C79
        GAP_EndDiscoverable                            CODE 00016D22
        GAP_PeriDevMgrInit                             CODE 00016D75
        gapSetAdvParams                                CODE 00016EB1
        gapSetAdvParamsStatus                          CODE 00016F9D
        gapWriteAdvEnableStatus                        CODE 00016FCC
        gapWriteAdvDataStatus                          CODE 000170DF
        __Constant_3e8                                 CONST 000084A2
        GAP_MakeDiscoverable::?relay                   CODE 0000065F
        GAP_UpdateAdvertisingData::?relay              CODE 00000665
        GAP_EndDiscoverable::?relay                    CODE 0000066B
        GAP_PeriDevMgrInit::?relay                     CODE 00000671
        gapSetAdvParams::?relay                        CODE 0000067D
        gapSetAdvParamsStatus::?relay                  CODE 00000683
        gapWriteAdvEnableStatus::?relay                CODE 00000689
        gapWriteAdvDataStatus::?relay                  CODE 0000068F
        gapPeriProcessHCICmdCompleteEvt                CODE 00016E25
        gapProcessAdvertisingEvt                       CODE 00017127
        gapSendMakeDiscEvent                           CODE 000171FC
        gapFreeAdvertState                             CODE 00017238
        isLimitedDiscoverableMode                      CODE 00017254
        gapPeriProcessHCICmdCompleteEvt::?relay        CODE 00000677
        gapProcessAdvertisingEvt::?relay               CODE 00000695
        gapSendMakeDiscEvent::?relay                   CODE 0000069B
        gapFreeAdvertState::?relay                     CODE 000006A1
        isLimitedDiscoverableMode::?relay              CODE 000006A7
gap_perilinkmgr ( E:\TexasInstruments\BLE-CC254x-1.4.0\Projects\ble\Libraries\CC2541DB\bin\CC2541_BLE_peri.lib )
        GAP_SendSlaveSecurityRequest                   CODE 0001CD2A
        GAP_SendSlaveSecurityRequest::?relay           CODE 000006AD
gap_task ( E:\TexasInstruments\BLE-CC254x-1.4.0\Projects\ble\Libraries\CC2541DB\bin\CC2541_BLE_peri.lib )
        gapTaskID                                      XDATA 000002AC
        gapUnwantedTaskID                              XDATA 00000DBC
        pfnPeripheralCBs                               XDATA 000002AD
        GAP_RegisterForHCIMsgs                         CODE 0001A1E7
        GAP_Init                                       CODE 0001A1FD
        GAP_ProcessEvent                               CODE 0001A223
        GAP_NumActiveConnections                       CODE 0001A33F
        gapRegisterPeripheral                          CODE 0001A576
        GAP_RegisterForHCIMsgs::?relay                 CODE 000006B3
        GAP_Init::?relay                               CODE 000006B9
        GAP_ProcessEvent::?relay                       CODE 000006BF
        GAP_NumActiveConnections::?relay               CODE 000006C5
        gapRegisterPeripheral::?relay                  CODE 000006D7
        gapProcessOSALMsg                              CODE 0001A349
        gapProcessHCICmdCompleteEvt                    CODE 0001A47E
        gapProcessOSALMsg::?relay                      CODE 000006CB
        gapProcessHCICmdCompleteEvt::?relay            CODE 000006D1
gapgattserver ( E:\TexasInstruments\BLE-CC254x-1.4.0\Projects\ble\Libraries\CC2541DB\bin\CC2541_BLE_peri.lib )
        gapServiceCBs                                  CONST 00008475
        GGS_SetParameter                               CODE 0000F91B
        GGS_AddService                                 CODE 0000FA4B
        GGS_SetParameter::?relay                       CODE 000006DD
        GGS_AddService::?relay                         CODE 000006E3
        ggs_SetAttrWPermit                             CODE 0000FA7E
        ggs_ReadAttrCB                                 CODE 0000FAC8
        ggs_WriteAttrCB                                CODE 0000FC8F
        ggs_SetAttrWPermit::?relay                     CODE 000006E9
        ggs_ReadAttrCB::?relay                         CODE 000006EF
        ggs_WriteAttrCB::?relay                        CODE 000006F5
gatt_server ( E:\TexasInstruments\BLE-CC254x-1.4.0\Projects\ble\Libraries\CC2541DB\bin\CC2541_BLE_peri.lib )
        serverInfoTbl                                  XDATA 000002D2
        reqTaskId                                      XDATA 00000E22
        GATT_InitServer                                CODE 0000AE68
        GATT_RegisterService                           CODE 0000AED2
        GATT_RegisterForReq                            CODE 0000B031
        GATT_VerifyReadPermissions                     CODE 0000B041
        GATT_VerifyWritePermissions                    CODE 0000B06E
        GATT_ServiceChangedInd                         CODE 0000B0C5
        GATT_FindHandleUUID                            CODE 0000B16E
        GATT_FindHandle                                CODE 0000B275
        GATT_FindNextAttr                              CODE 0000B33F
        GATT_ServiceNumAttrs                           CODE 0000B49F
        GATT_Indication                                CODE 0000B4E2
        GATT_Notification                              CODE 0000B587
        GATT_InitServer::?relay                        CODE 000006FB
        GATT_RegisterService::?relay                   CODE 00000701
        GATT_RegisterForReq::?relay                    CODE 00000707
        GATT_VerifyReadPermissions::?relay             CODE 0000070D
        GATT_VerifyWritePermissions::?relay            CODE 00000713
        GATT_ServiceChangedInd::?relay                 CODE 00000719
        GATT_FindHandleUUID::?relay                    CODE 0000071F
        GATT_FindHandle::?relay                        CODE 00000725
        GATT_FindNextAttr::?relay                      CODE 0000072B
        GATT_ServiceNumAttrs::?relay                   CODE 00000731
        GATT_Indication::?relay                        CODE 00000737
        GATT_Notification::?relay                      CODE 0000073D
        gattServiceLastHandle                          CODE 0000B5D4
        gattServerProcessMsgCB                         CODE 0000B5FA
        gattProcessExchangeMTUReq                      CODE 0000B808
        gattProcessFindInfoReq                         CODE 0000B80D
        gattProcessFindByTypeValueReq                  CODE 0000BA12
        gattProcessReadByTypeReq                       CODE 0000BA5F
        gattProcessReadReq                             CODE 0000BAD2
        gattProcessReadMultiReq                        CODE 0000BB05
        gattProcessReadByGrpTypeReq                    CODE 0000BBA7
        gattProcessWriteReq                            CODE 0000BC50
        gattProcessExecuteWriteReq                     CODE 0000BC88
        gattGetServerStatus                            CODE 0000BC8B
        gattFindServerInfo                             CODE 0000BCD3
        gattServerHandleTimerCB                        CODE 0000BD13
        gattServerHandleConnStatusCB                   CODE 0000BD6A
        gattServiceLastHandle::?relay                  CODE 00000743
        gattServerProcessMsgCB::?relay                 CODE 00000749
        gattProcessExchangeMTUReq::?relay              CODE 0000074F
        gattProcessFindInfoReq::?relay                 CODE 00000755
        gattProcessFindByTypeValueReq::?relay          CODE 0000075B
        gattProcessReadByTypeReq::?relay               CODE 00000761
        gattProcessReadReq::?relay                     CODE 00000767
        gattProcessReadMultiReq::?relay                CODE 0000076D
        gattProcessReadByGrpTypeReq::?relay            CODE 00000773
        gattProcessWriteReq::?relay                    CODE 00000779
        gattProcessExecuteWriteReq::?relay             CODE 0000077F
        gattGetServerStatus::?relay                    CODE 00000785
        gattFindServerInfo::?relay                     CODE 0000078B
        gattServerHandleTimerCB::?relay                CODE 00000791
        gattServerHandleConnStatusCB::?relay           CODE 00000797
gatt_task ( E:\TexasInstruments\BLE-CC254x-1.4.0\Projects\ble\Libraries\CC2541DB\bin\CC2541_BLE_peri.lib )
        gattTaskID                                     XDATA 000002DC
        gattRegisterServer                             CODE 0001ABDD
        GATT_AppCompletedMsg                           CODE 0001ABF5
        GATT_Init                                      CODE 0001AC3D
        GATT_ProcessEvent                              CODE 0001AC53
        gattNotifyEvent                                CODE 0001ADAE
        gattStartTimer                                 CODE 0001AE3B
        gattStopTimer                                  CODE 0001AE86
        gattRegisterServer::?relay                     CODE 0000079D
        GATT_AppCompletedMsg::?relay                   CODE 000007A3
        GATT_Init::?relay                              CODE 000007A9
        GATT_ProcessEvent::?relay                      CODE 000007AF
        gattNotifyEvent::?relay                        CODE 000007BB
        gattStartTimer::?relay                         CODE 000007C1
        gattStopTimer::?relay                          CODE 000007C7
        gattProcessRxData                              CODE 0001AC9A
        gattProcessRxData::?relay                      CODE 000007B5
gattservapp ( E:\TexasInstruments\BLE-CC254x-1.4.0\Projects\ble\Libraries\CC2541DB\bin\CC2541_BLE_peri.lib )
        GATTServApp_TaskID                             XDATA 000002E1
        appTaskID                                      XDATA 00000E25
        gattServiceCBs                                 CONST 00008469
        GATTServApp_RegisterForMsg                     CODE 00003124
        GATTServApp_Init                               CODE 00003130
        GATTServApp_ProcessEvent                       CODE 0000316B
        GATTServApp_RegisterService                    CODE 000031B0
        GATTServApp_FindAttr                           CODE 000032F6
        GATTServApp_AddService                         CODE 0000335B
        GATTServApp_ReadAttr                           CODE 000041A3
        GATTServApp_WriteAttr                          CODE 00004664
        GATTServApp_UpdateCharCfg                      CODE 000046F9
        GATTServApp_SendServiceChangedInd              CODE 0000474A
        GATTServApp_InitCharCfg                        CODE 00004771
        GATTServApp_ReadCharCfg                        CODE 000047C3
        GATTServApp_WriteCharCfg                       CODE 000047E1
        GATTServApp_ProcessCCCWriteReq                 CODE 0000483B
        GATTServApp_ProcessCharCfg                     CODE 00004924
        GATTServApp_SendCCCUpdatedEvent                CODE 00004B1E
        GATTServApp_RegisterForMsg::?relay             CODE 000007CD
        GATTServApp_Init::?relay                       CODE 000007D3
        GATTServApp_ProcessEvent::?relay               CODE 000007D9
        GATTServApp_RegisterService::?relay            CODE 000007DF
        GATTServApp_FindAttr::?relay                   CODE 000007EB
        GATTServApp_AddService::?relay                 CODE 000007F1
        GATTServApp_ReadAttr::?relay                   CODE 00000845
        GATTServApp_WriteAttr::?relay                  CODE 0000084B
        GATTServApp_UpdateCharCfg::?relay              CODE 00000851
        GATTServApp_SendServiceChangedInd::?relay      CODE 00000857
        GATTServApp_InitCharCfg::?relay                CODE 0000085D
        GATTServApp_ReadCharCfg::?relay                CODE 00000863
        GATTServApp_WriteCharCfg::?relay               CODE 00000869
        GATTServApp_ProcessCCCWriteReq::?relay         CODE 0000086F
        GATTServApp_ProcessCharCfg::?relay             CODE 00000875
        GATTServApp_SendCCCUpdatedEvent::?relay        CODE 00000881
        gattServApp_SetNumPrepareWrites                CODE 00003270
        gattServApp_FindServiceCBs                     CODE 00003387
        gattServApp_ProcessMsg                         CODE 000033C0
        gattServApp_ProcessFindByTypeValueReq          CODE 000035FE
        gattServApp_ProcessReadByTypeReq               CODE 000037E2
        gattServApp_ProcessReadMultiReq                CODE 000039C8
        gattServApp_ProcessReadByGrpTypeReq            CODE 00003B0B
        gattServApp_ProcessWriteReq                    CODE 00003D59
        gattServApp_ProcessPrepareWriteReq             CODE 00003E6B
        gattServApp_ProcessExecuteWriteReq             CODE 00003FB6
        gattServApp_FindPrepareWriteQ                  CODE 000040C6
        gattServApp_FindCharCfgItem                    CODE 000040E3
        gattServApp_FindAuthorizeAttrCB                CODE 0000411E
        gattServApp_WriteAttrCB                        CODE 00004140
        gattServApp_HandleConnStatusCB                 CODE 00004A9A
        gattServApp_SetNumPrepareWrites::?relay        CODE 000007E5
        gattServApp_FindServiceCBs::?relay             CODE 000007F7
        gattServApp_ProcessMsg::?relay                 CODE 000007FD
        gattServApp_ProcessFindByTypeValueReq::?relay  CODE 00000803
        gattServApp_ProcessReadByTypeReq::?relay       CODE 00000809
        gattServApp_ProcessReadMultiReq::?relay        CODE 0000080F
        gattServApp_ProcessReadByGrpTypeReq::?relay    CODE 00000815
        gattServApp_ProcessWriteReq::?relay            CODE 0000081B
        gattServApp_ProcessPrepareWriteReq::?relay     CODE 00000821
        gattServApp_ProcessExecuteWriteReq::?relay     CODE 00000827
        gattServApp_FindPrepareWriteQ::?relay          CODE 0000082D
        gattServApp_FindCharCfgItem::?relay            CODE 00000833
        gattServApp_FindAuthorizeAttrCB::?relay        CODE 00000839
        gattServApp_WriteAttrCB::?relay                CODE 0000083F
        gattServApp_HandleConnStatusCB::?relay         CODE 0000087B
hci ( E:\TexasInstruments\BLE-CC254x-1.4.0\Projects\ble\Libraries\CC2541DB\bin\CC2541_BLE_peri.lib )
        hciPTMenabled                                  XDATA 0000031F
        ctrlToHostEnable                               XDATA 00000320
        numHostBufs                                    XDATA 00000321
        hciCtrlCmdToken                                XDATA 00000323
        HCI_bm_alloc                                   CODE 0001849A
        HCI_SendDataPkt                                CODE 000184A4
        HCI_DisconnectCmd                              CODE 000184E7
        HCI_HostNumCompletedPktCmd                     CODE 00018502
        HCI_ReadBDADDRCmd                              CODE 00018592
        HCI_ReadRssiCmd                                CODE 000185BA
        HCI_LE_ReadBufSizeCmd                          CODE 000185F7
        HCI_LE_SetRandomAddressCmd                     CODE 0001862E
        HCI_LE_SetAdvParamCmd                          CODE 00018657
        HCI_LE_SetAdvDataCmd                           CODE 000186CC
        HCI_LE_SetScanRspDataCmd                       CODE 000186E1
        HCI_LE_SetAdvEnableCmd                         CODE 000186F6
        HCI_LE_ClearWhiteListCmd                       CODE 00018727
        HCI_LE_AddWhiteListCmd                         CODE 0001873B
        HCI_LE_RandCmd                                 CODE 00018760
        HCI_LE_LtkReqReplyCmd                          CODE 0001879A
        HCI_LE_LtkReqNegReplyCmd                       CODE 000187C6
        LL_RandCback                                   CODE 00018849
        LL_EXT_SetRxGainCback                          CODE 00018892
        LL_EXT_SetTxPowerCback                         CODE 000188BC
        LL_EXT_ExtendRfRangeCback                      CODE 000188E7
        HCI_bm_alloc::?relay                           CODE 00000887
        HCI_SendDataPkt::?relay                        CODE 0000088D
        HCI_DisconnectCmd::?relay                      CODE 00000893
        HCI_HostNumCompletedPktCmd::?relay             CODE 00000899
        HCI_ReadBDADDRCmd::?relay                      CODE 0000089F
        HCI_ReadRssiCmd::?relay                        CODE 000008A5
        HCI_LE_ReadBufSizeCmd::?relay                  CODE 000008AB
        HCI_LE_SetRandomAddressCmd::?relay             CODE 000008B1
        HCI_LE_SetAdvParamCmd::?relay                  CODE 000008B7
        HCI_LE_SetAdvDataCmd::?relay                   CODE 000008BD
        HCI_LE_SetScanRspDataCmd::?relay               CODE 000008C3
        HCI_LE_SetAdvEnableCmd::?relay                 CODE 000008C9
        HCI_LE_ClearWhiteListCmd::?relay               CODE 000008CF
        HCI_LE_AddWhiteListCmd::?relay                 CODE 000008D5
        HCI_LE_RandCmd::?relay                         CODE 000008DB
        HCI_LE_LtkReqReplyCmd::?relay                  CODE 000008E1
        HCI_LE_LtkReqNegReplyCmd::?relay               CODE 000008E7
        LL_RandCback::?relay                           CODE 000008ED
        LL_EXT_SetRxGainCback::?relay                  CODE 000008F3
        LL_EXT_SetTxPowerCback::?relay                 CODE 000008F9
        LL_EXT_ExtendRfRangeCback::?relay              CODE 000008FF
hci_data ( E:\TexasInstruments\BLE-CC254x-1.4.0\Projects\ble\Libraries\CC2541DB\bin\CC2541_BLE_peri.lib )
        LL_RxDataCompleteCback                         CODE 0001C64F
        LL_RxDataCompleteCback::?relay                 CODE 00000905
hci_event ( E:\TexasInstruments\BLE-CC254x-1.4.0\Projects\ble\Libraries\CC2541DB\bin\CC2541_BLE_peri.lib )
        bleEvtMask                                     XDATA 00000324
        pHciEvtMask                                    XDATA 00000325
        hciInitEventMasks                              CODE 000128E8
        HCI_NumOfCompletedPacketsEvent                 CODE 00012916
        HCI_CommandCompleteEvent                       CODE 00012A64
        HCI_VendorSpecifcCommandCompleteEvent          CODE 00012B44
        HCI_CommandStatusEvent                         CODE 00012B63
        HCI_SendCommandStatusEvent                     CODE 00012BE0
        HCI_SendCommandCompleteEvent                   CODE 00012C23
        HCI_SendControllerToHostEvent                  CODE 00012D79
        LL_ConnectionCompleteCback                     CODE 00012E3A
        LL_DisconnectCback                             CODE 000130C1
        LL_ConnParamUpdateCback                        CODE 00013162
        LL_ReadRemoteVersionInfoCback                  CODE 00013258
        LL_EncLtkReqCback                              CODE 00013355
        LL_EncChangeCback                              CODE 000134AF
        LL_EncKeyRefreshCback                          CODE 0001353A
        hciInitEventMasks::?relay                      CODE 0000090B
        HCI_NumOfCompletedPacketsEvent::?relay         CODE 00000911
        HCI_CommandCompleteEvent::?relay               CODE 00000917
        HCI_VendorSpecifcCommandCompleteEvent::?relay  CODE 0000091D
        HCI_CommandStatusEvent::?relay                 CODE 00000923
        HCI_SendCommandStatusEvent::?relay             CODE 00000929
        HCI_SendCommandCompleteEvent::?relay           CODE 0000092F
        HCI_SendControllerToHostEvent::?relay          CODE 00000935
        LL_ConnectionCompleteCback::?relay             CODE 0000093B
        LL_DisconnectCback::?relay                     CODE 00000941
        LL_ConnParamUpdateCback::?relay                CODE 00000947
        LL_ReadRemoteVersionInfoCback::?relay          CODE 0000094D
        LL_EncLtkReqCback::?relay                      CODE 00000953
        LL_EncChangeCback::?relay                      CODE 00000959
        LL_EncKeyRefreshCback::?relay                  CODE 0000095F
l2cap_if ( E:\TexasInstruments\BLE-CC254x-1.4.0\Projects\ble\Libraries\CC2541DB\bin\CC2541_BLE_peri.lib )
        L2CAP_RegisterApp                              CODE 00007E7D
        L2CAP_SendData                                 CODE 00007EE6
        L2CAP_CmdReject                                CODE 00007F3A
        L2CAP_ConnParamUpdateReq                       CODE 00007F61
        L2CAP_HostNumCompletedPkts                     CODE 00007F92
        L2CAP_RegisterApp::?relay                      CODE 00000965
        L2CAP_SendData::?relay                         CODE 0000096B
        L2CAP_CmdReject::?relay                        CODE 00000971
        L2CAP_ConnParamUpdateReq::?relay               CODE 00000977
        L2CAP_HostNumCompletedPkts::?relay             CODE 0000097D
l2cap_task ( E:\TexasInstruments\BLE-CC254x-1.4.0\Projects\ble\Libraries\CC2541DB\bin\CC2541_BLE_peri.lib )
        l2capTaskID                                    XDATA 0000032E
        l2capFixedChannels                             XDATA 0000032F
        l2capChannels                                  XDATA 0000033B
        L2CAP_Init                                     CODE 0001890F
        L2CAP_ProcessEvent                             CODE 0001897C
        L2CAP_Init::?relay                             CODE 00000983
        L2CAP_ProcessEvent::?relay                     CODE 00000989
        l2capProcessRxData                             CODE 000189C3
        l2capProcessSignal                             CODE 00018ADB
        l2capProcessRsp                                CODE 00018BD7
        l2capProcessReq                                CODE 00018CBA
        l2capProcessRxData::?relay                     CODE 0000098F
        l2capProcessSignal::?relay                     CODE 00000995
        l2capProcessRsp::?relay                        CODE 0000099B
        l2capProcessReq::?relay                        CODE 000009A1
l2cap_util ( E:\TexasInstruments\BLE-CC254x-1.4.0\Projects\ble\Libraries\CC2541DB\bin\CC2541_BLE_peri.lib )
        l2capParseSignalHdr                            CODE 00014B23
        l2capSendReq                                   CODE 00014B65
        l2capSendCmd                                   CODE 00014C37
        l2capEncapSendData                             CODE 00014D10
        l2capParsePacket                               CODE 00014E0A
        L2CAP_BuildCmdReject                           CODE 00014EEC
        l2capParseCmdReject                            CODE 00014F55
        l2capBuildParamUpdateReq                       CODE 0001500B
        L2CAP_ParseParamUpdateReq                      CODE 0001507F
        l2capParseParamUpdateRsp                       CODE 000150EB
        l2capNotifyData                                CODE 00015114
        l2capNotifySignal                              CODE 0001518E
        l2capAllocChannel                              CODE 00015227
        l2capFreeChannel                               CODE 0001528C
        l2capFindLocalId                               CODE 000152A1
        l2capStopTimer                                 CODE 000152E7
        l2capHandleRxError                             CODE 00015365
        L2CAP_bm_alloc                                 CODE 00015368
        l2capParseSignalHdr::?relay                    CODE 000009A7
        l2capSendReq::?relay                           CODE 000009AD
        l2capSendCmd::?relay                           CODE 000009B3
        l2capEncapSendData::?relay                     CODE 000009B9
        l2capParsePacket::?relay                       CODE 000009BF
        L2CAP_BuildCmdReject::?relay                   CODE 000009C5
        l2capParseCmdReject::?relay                    CODE 000009CB
        l2capBuildParamUpdateReq::?relay               CODE 000009D1
        L2CAP_ParseParamUpdateReq::?relay              CODE 000009D7
        l2capParseParamUpdateRsp::?relay               CODE 000009DD
        l2capNotifyData::?relay                        CODE 000009E3
        l2capNotifySignal::?relay                      CODE 000009E9
        l2capAllocChannel::?relay                      CODE 000009EF
        l2capFreeChannel::?relay                       CODE 000009F5
        l2capFindLocalId::?relay                       CODE 000009FB
        l2capStopTimer::?relay                         CODE 00000A01
        l2capHandleRxError::?relay                     CODE 00000A0D
        L2CAP_bm_alloc::?relay                         CODE 00000A13
        l2capHandleTimerCB                             CODE 00015300
        l2capHandleTimerCB::?relay                     CODE 00000A07
linkdb ( E:\TexasInstruments\BLE-CC254x-1.4.0\Projects\ble\Libraries\CC2541DB\bin\CC2541_BLE_peri.lib )
        linkDB_Init                                    CODE 0001A8E4
        linkDB_Register                                CODE 0001A90C
        linkDB_Add                                     CODE 0001A94A
        linkDB_Remove                                  CODE 0001AA08
        linkDB_Find                                    CODE 0001AA6F
        linkDB_FindFirst                               CODE 0001AA8B
        linkDB_State                                   CODE 0001AAB3
        linkDB_NumActive                               CODE 0001AAE3
        linkDB_Authen                                  CODE 0001AAF2
        linkDB_PerformFunc                             CODE 0001AB6F
        linkDB_Init::?relay                            CODE 00000A19
        linkDB_Register::?relay                        CODE 00000A1F
        linkDB_Add::?relay                             CODE 00000A25
        linkDB_Remove::?relay                          CODE 00000A2B
        linkDB_Find::?relay                            CODE 00000A31
        linkDB_FindFirst::?relay                       CODE 00000A37
        linkDB_State::?relay                           CODE 00000A3D
        linkDB_NumActive::?relay                       CODE 00000A43
        linkDB_Authen::?relay                          CODE 00000A49
        linkDB_PerformFunc::?relay                     CODE 00000A4F
        reportStatusChange                             CODE 0001AB95
        reportStatusChange::?relay                     CODE 00000A55
ll ( E:\TexasInstruments\BLE-CC254x-1.4.0\Projects\ble\Libraries\CC2541DB\bin\CC2541_BLE_peri.lib )
        PMUX                                           DATA 000000AE
        WDCTL                                          DATA 000000C9
        RFD                                            DATA 000000D9
        RFST                                           DATA 000000E1
        APCFG                                          DATA 000000F2
        ownPublicAddr                                  XDATA 0000038F
        ownRandomAddr                                  XDATA 00000395
        ownSavedPublicAddr                             XDATA 0000039B
        LL_TaskID                                      XDATA 000003A1
        llState                                        XDATA 000003A2
        taskEndCause                                   XDATA 000003A3
        postRfOperations                               XDATA 000003A4
        rssiCorrection                                 XDATA 000003A6
        clkDivOnHalt                                   XDATA 000003A7
        nvInUse                                        XDATA 000003A8
        rfCounters                                     XDATA 000003A9
        deviceFeatureSet                               XDATA 000003B5
        maxTxPwrForDTM                                 XDATA 000003BE
        verInfo                                        XDATA 000003BF
        dtmInfo                                        XDATA 000003C4
        buildInfo                                      XDATA 000003CC
        llConns                                        XDATA 000003CE
        peerInfo                                       XDATA 000004D5
        chanMapUpdate                                  XDATA 000004DC
        onePktPerEvt                                   XDATA 000004E1
        numTxDataBufs                                  XDATA 000004E2
        numComplPkts                                   XDATA 000004E3
        numComplPktsLimit                              XDATA 000004E4
        numComplPktsFlush                              XDATA 000004E5
        fastTxRespTime                                 XDATA 000004E6
        slOverride                                     XDATA 000004E7
        advInfo                                        XDATA 000004E8
        dcdcData                                       XDATA 0000053D
        extendRfRange                                  XDATA 0000053F
        rxFifoFlowCtrl                                 XDATA 00000540
        haltDuringRf                                   XDATA 00000541
        sleepDelay                                     XDATA 00000542
        taskEndCauses                                  XDATA 00000E47
        taskErrorEndCauses                             XDATA 00000E55
        trngCounter                                    XDATA 00000544
        myPC                                           IDATA 00000029
        LL_Init                                        CODE 0000BE57
        LL_ProcessEvent                                CODE 0000C035
        LL_TX_bm_alloc                                 CODE 0000C267
        LL_RX_bm_alloc                                 CODE 0000C2A3
        LL_Reset                                       CODE 0000C2D0
        LL_ReadBDADDR                                  CODE 0000C3BA
        LL_SetRandomAddress                            CODE 0000C405
        LL_ClearWhiteList                              CODE 0000C450
        LL_AddWhiteListDevice                          CODE 0000C462
        LL_Encrypt                                     CODE 0000C4A2
        LL_Rand                                        CODE 0000C4D7
        LL_PseudoRand                                  CODE 0000C525
        LL_CtrlToHostFlowControl                       CODE 0000C554
        LL_ReadRssi                                    CODE 0000C577
        LL_Disconnect                                  CODE 0000C5C4
        LL_TxData                                      CODE 0000C649
        LL_SetAdvParam                                 CODE 0000C863
        LL_SetAdvData                                  CODE 0000CAA2
        LL_SetAdvControl                               CODE 0000CAE3
        LL_SetScanRspData                              CODE 0000CC85
        LL_EncLtkReply                                 CODE 0000CCC6
        LL_EncLtkNegReply                              CODE 0000CD39
        LL_Init::?relay                                CODE 00000A5B
        LL_ProcessEvent::?relay                        CODE 00000A61
        LL_TX_bm_alloc::?relay                         CODE 00000A67
        LL_RX_bm_alloc::?relay                         CODE 00000A6D
        LL_Reset::?relay                               CODE 00000A73
        LL_ReadBDADDR::?relay                          CODE 00000A79
        LL_SetRandomAddress::?relay                    CODE 00000A7F
        LL_ClearWhiteList::?relay                      CODE 00000A85
        LL_AddWhiteListDevice::?relay                  CODE 00000A8B
        LL_Encrypt::?relay                             CODE 00000A91
        LL_Rand::?relay                                CODE 00000A97
        LL_PseudoRand::?relay                          CODE 00000A9D
        LL_CtrlToHostFlowControl::?relay               CODE 00000AA3
        LL_ReadRssi::?relay                            CODE 00000AA9
        LL_Disconnect::?relay                          CODE 00000AAF
        LL_TxData::?relay                              CODE 00000AB5
        LL_SetAdvParam::?relay                         CODE 00000ABB
        LL_SetAdvData::?relay                          CODE 00000AC1
        LL_SetAdvControl::?relay                       CODE 00000AC7
        LL_SetScanRspData::?relay                      CODE 00000ACD
        LL_EncLtkReply::?relay                         CODE 00000AD3
        LL_EncLtkNegReply::?relay                      CODE 00000AD9
ll_advEndCauses ( E:\TexasInstruments\BLE-CC254x-1.4.0\Projects\ble\Libraries\CC2541DB\bin\CC2541_BLE_peri.lib )
        llDirectedAdvEvt_TaskEndOk                     CODE 00011BD3
        llAdvEvt_TaskConnect                           CODE 00011CD1
        llUndirectedAdvEvt_TaskEndOk                   CODE 0001236A
        llDiscoverableAdvEvt_TaskEndOk                 CODE 0001258B
        llNonConnAdvEvt_TaskEndOk                      CODE 00012756
        llAdvEvt_TaskAbort                             CODE 000128BE
        llDirectedAdvEvt_TaskEndOk::?relay             CODE 00000ADF
        llAdvEvt_TaskConnect::?relay                   CODE 00000AE5
        llUndirectedAdvEvt_TaskEndOk::?relay           CODE 00000AEB
        llDiscoverableAdvEvt_TaskEndOk::?relay         CODE 00000AF1
        llNonConnAdvEvt_TaskEndOk::?relay              CODE 00000AF7
        llAdvEvt_TaskAbort::?relay                     CODE 00000AFD
ll_common ( E:\TexasInstruments\BLE-CC254x-1.4.0\Projects\ble\Libraries\CC2541DB\bin\CC2541_BLE_peri.lib )
        IP0                                            DATA 000000A9
        T1STAT                                         DATA 000000AF
        IP1                                            DATA 000000B9
        T1CC0L                                         DATA 000000DA
        T1CC0H                                         DATA 000000DB
        T1CNTL                                         DATA 000000E2
        T1CNTH                                         DATA 000000E3
        T1CTL                                          DATA 000000E4
        T1CCTL0                                        DATA 000000E5
        llRfInit                                       CODE 00004B85
        llSetFreqTune                                  CODE 00004C34
        llClearSetInts                                 CODE 00004C61
        llProcessPostRfOps                             CODE 00004CA7
        llFindTxPowerSettings                          CODE 00004DE7
        llExtendRfRange                                CODE 00004F7D
        llCheckWhiteListUsage                          CODE 00004FF7
        llSetupAdv                                     CODE 00005012
        llSetupDirectedAdvEvt                          CODE 0000508D
        llSetupUndirectedAdvEvt                        CODE 000051E7
        llSetupNonConnectableAdvEvt                    CODE 00005347
        llSetupScannableAdvEvt                         CODE 0000544D
        llStartAdvSetup                                CODE 000055AE
        llStartSlaveSetup                              CODE 000055C7
        llSetupEncRsp                                  CODE 00005625
        llGetNextDataChan                              CODE 00002120
        llSetNextDataChan                              CODE 000021DE
        llEventInRange                                 CODE 0000235E
        llEventDelta                                   CODE 0000239D
        llProcessRxData                                CODE 000023A5
        llProcessTxData                                CODE 00002552
        llSetupStartEncReq                             CODE 00005713
        llSetupStartEncRsp                             CODE 00005746
        llSetupPauseEncRsp                             CODE 000057B6
        llSetupRejectInd                               CODE 00005830
        llSetupFeatureSetRsp                           CODE 0000587A
        llSetupVersionIndReq                           CODE 00005944
        llSetupTermInd                                 CODE 00005A19
        llSetupUnknownRsp                              CODE 00005AF8
        llEnqueueCtrlPkt                               CODE 00005B83
[...]
                    | + function block  :  00000000 00000002
  07              SbpHalUARTInit
                  | Stack used (prev) :  000012F4 000000AE
                  | + function block  :  0000003A 00000004
  06            SbpHalUART_Init
                | Stack used (prev) :  0000132E 000000B2
                | + function block  :  00000000 00000004
  06            RegisterForKeys
                | Stack used (prev) :  000012F4 000000AC
                | + function block  :  00000000 00000002
  06            osal_set_event
                | Stack used (prev) :  00000000 00000000
                | + function block  :  00000017 00000000
                |  Already listed
  07              GATTServApp_RegisterService
                  | Stack used (prev) :  00001306 000000AC
                  | + function block  :  00000032 00000000
                  |  Already listed
  06            GATTServApp_AddService
                | Stack used (prev) :  00001338 000000AC
                | + function block  :  0000001C 00000000
  07              GATTServApp_RegisterService
                  | Stack used (prev) :  00001306 000000AC
                  | + function block  :  00000032 00000000
                  |  Already listed
  06            GGS_AddService
                | Stack used (prev) :  00001338 000000AC
                | + function block  :  0000001C 00000000
  06            GAP_SetParamValue
                | Stack used (prev) :  000003F2 0000005A
                | + function block  :  00000000 00000002
                |  Already listed
  05          SimpleBLEPeripheral_Init
              | Stack used (prev) :  000013C0 000000B6
              | + function block  :  0000003C 00000000
  06            osal_snv_read
                | Stack used (prev) :  00000442 0000005B
                | + function block  :  00000018 00000000
                |  Already listed
  06            osal_memset
                | Stack used (prev) :  000003F4 0000005C
                | + function block  :  00000018 00000000
                |  Already listed
  06            GAP_RegisterForHCIMsgs
                | Stack used (prev) :  000012F4 000000AC
                | + function block  :  00000000 00000002
  05          GAPRole_Init
              | Stack used (prev) :  000012F4 000000AE
              | + function block  :  00000012 00000000
  06            osal_memset
                | Stack used (prev) :  000003F4 0000005C
                | + function block  :  00000018 00000000
                |  Already listed
  05          osal_CbTimerInit
              | Stack used (prev) :  000012F4 000000AC
              | + function block  :  00000009 00000000
  05          Hal_Init
              | Stack used (prev) :  000012F4 000000AC
              | + function block  :  00000000 00000002
  06            gapBondMgrReadBonds
                | Stack used (prev) :  00000473 00000064
                | + function block  :  00000036 00000000
                |  Already listed
  05          GAPBondMgr_Init
              | Stack used (prev) :  000012F4 000000AC
              | + function block  :  00000009 00000000
  05          osal_mem_alloc
              | Stack used (prev) :  00000000 00000000
              | + function block  :  00000018 00000000
              |  Already listed
  05          osal_memset
              | Stack used (prev) :  000003F4 0000005C
              | + function block  :  00000018 00000000
              |  Already listed
  06            hciInitEventMasks
                | Stack used (prev) :  000012F4 000000AC
                | + function block  :  00000000 00000002
  05          HCI_Init
              | Stack used (prev) :  000012F4 000000AE
              | + function block  :  00000012 00000000
  06            HCI_SMPTaskRegister
                | Stack used (prev) :  000012F4 000000AC
                | + function block  :  00000000 00000002
  06            linkDB_Register
                | Stack used (prev) :  000012F4 000000AC
                | + function block  :  00000009 00000000
                |  Already listed
  06            L2CAP_RegisterApp
                | Stack used (prev) :  000012F4 000000AC
                | + function block  :  00000000 00000003
  05          SM_Init
              | Stack used (prev) :  000012FD 000000AF
              | + function block  :  00000012 00000000
  06            HalFlashRead
                | Stack used (prev) :  000003F2 0000005A
                | + function block  :  0000000E 00000001
                |  Already listed
  06            osal_pwrmgr_task_state
                | Stack used (prev) :  000003CC 00000052
                | + function block  :  0000000A 00000000
                |  Already listed
  06            osal_set_event
                | Stack used (prev) :  00000000 00000000
                | + function block  :  00000017 00000000
                |  Already listed
  07              PHY_ClearAllRegsAndFifos
                  | Stack used (prev) :  000012F4 000000AC
                  | + function block  :  00000000 00000002
  07              PHY_Reset
                  | Stack used (prev) :  00000000 00000000
                  | + function block  :  00000000 00000002
                  |  Already listed
  06            PHY_Init
                | Stack used (prev) :  000012F4 000000AE
                | + function block  :  00000000 00000004
  06            llInitTimer2
                | Stack used (prev) :  000012F4 000000AC
                | + function block  :  00000000 00000000
  06            LL_ENC_InitAesDMA
                | Stack used (prev) :  000012F4 000000AC
                | + function block  :  00000000 00000002
  06            LL_ENC_GenerateTrueRandNum
                | Stack used (prev) :  00000000 00000006
                | + function block  :  00000016 00000000
                |  Already listed
  07              HalFlashWrite
                  | Stack used (prev) :  000003F2 0000005A
                  | + function block  :  0000000C 00000000
                  |  Already listed
  06            llFindTxPowerSettings
                | Stack used (prev) :  000012F4 000000AC
                | + function block  :  00000022 00000002
  07              PHY_SetFifoConfig
                  | Stack used (prev) :  000012F4 000000AC
                  | + function block  :  00000000 00000002
  07              PHY_ConfigureAppendRfStatus
                  | Stack used (prev) :  00000000 00000000
                  | + function block  :  00000000 00000002
                  |  Already listed
  07              PHY_ConfigureFifoDataProcessing
                  | Stack used (prev) :  000012F4 000000AC
                  | + function block  :  00000000 00000002
  07              PHY_ClearSavedWhiteList
                  | Stack used (prev) :  000012F4 000000AC
                  | + function block  :  00000000 00000002
  07              PHY_ClearBlacklist
                  | Stack used (prev) :  000012F4 000000AC
                  | + function block  :  00000000 00000002
  07              PHY_ClearWhitelist
                  | Stack used (prev) :  000003F2 0000005A
                  | + function block  :  00000000 00000002
                  |  Already listed
  07              PHY_ConfigureMD
                  | Stack used (prev) :  000012F4 000000AC
                  | + function block  :  00000000 00000002
  07              PHY_SetCRCInit
                  | Stack used (prev) :  00000000 00000000
                  | + function block  :  00000010 00000000
                  |  Already listed
  07              PHY_ClearAllRegsAndFifos
                  | Stack used (prev) :  000012F4 000000AC
                  | + function block  :  00000000 00000002
                  |  Already listed
  07              llDisableT2IntsEvts
                  | Stack used (prev) :  00000000 00000000
                  | + function block  :  00000000 00000000
                  |  Already listed
  07              llSchedulerInit
                  | Stack used (prev) :  000012F4 000000AC
                  | + function block  :  00000000 00000002
  07              llInitFeatureSet
                  | Stack used (prev) :  000012F4 000000AC
                  | + function block  :  00000000 00000002
  07              llReleaseAllConnId
                  | Stack used (prev) :  000012F4 000000AC
                  | + function block  :  00000000 00000002
  07              llClearSetInts
                  | Stack used (prev) :  000012F4 000000AC
                  | + function block  :  00000000 00000002
  07              llRfInit
                  | Stack used (prev) :  00000000 00000002
                  | + function block  :  00000000 00000004
                  |  Already listed
  06            LL_Reset
                | Stack used (prev) :  000012F4 000000AE
                | + function block  :  0000000C 00000004
  05          LL_Init
              | Stack used (prev) :  00001316 000000B2
              | + function block  :  00000018 00000000
  06            HCI_L2CAPTaskRegister
                | Stack used (prev) :  000012F4 000000AC
                | + function block  :  00000000 00000002
  05          L2CAP_Init
              | Stack used (prev) :  000012F4 000000AE
              | + function block  :  00000014 00000000
  06            linkDB_Register
                | Stack used (prev) :  000012F4 000000AC
                | + function block  :  00000009 00000000
                |  Already listed
  06            GATTServApp_InitCharCfg
                | Stack used (prev) :  00000400 0000005C
                | + function block  :  00000022 00000000
                |  Already listed
  07              osal_mem_free
                  | Stack used (prev) :  00000000 00000000
                  | + function block  :  0000000A 00000002
                  |  Already listed
  07              osal_mem_alloc
                  | Stack used (prev) :  00000000 00000000
                  | + function block  :  00000018 00000000
                  |  Already listed
  07              osal_memset
                  | Stack used (prev) :  000003F4 0000005C
                  | + function block  :  00000018 00000000
                  |  Already listed
  06            gattServApp_SetNumPrepareWrites
                | Stack used (prev) :  000012F4 000000AC
                | + function block  :  00000017 00000000
  06            GATT_RegisterForReq
                | Stack used (prev) :  000012F4 000000AC
                | + function block  :  00000000 00000002
  05          GATTServApp_Init
              | Stack used (prev) :  0000130B 000000AE
              | + function block  :  00000012 00000000
  06            L2CAP_RegisterApp
                | Stack used (prev) :  000012F4 000000AC
                | + function block  :  00000000 00000003
                |  Already listed
  07              linkDB_Register
                  | Stack used (prev) :  000012F4 000000AC
                  | + function block  :  00000009 00000000
                  |  Already listed
  07              gattRegisterServer
                  | Stack used (prev) :  000012F4 000000AC
                  | + function block  :  00000000 00000002
  06            GATT_InitServer
                | Stack used (prev) :  000012FD 000000AE
                | + function block  :  00000014 00000000
  05          GATT_Init
              | Stack used (prev) :  00001311 000000AF
              | + function block  :  00000012 00000000
  06            HCI_GAPTaskRegister
                | Stack used (prev) :  000012F4 000000AC
                | + function block  :  00000000 00000002
  06            linkDB_Init
                | Stack used (prev) :  000012F4 000000AC
                | + function block  :  00000000 00000002
  06            L2CAP_RegisterApp
                | Stack used (prev) :  000012F4 000000AC
                | + function block  :  00000000 00000003
                |  Already listed
  05          GAP_Init
              | Stack used (prev) :  000012F4 000000AF
              | + function block  :  00000012 00000000
  04        osalInitTasks
            | Stack used (prev) :  000013FC 000000B6
            | + function block  :  00000000 00000004
  04        osal_pwrmgr_init
            | Stack used (prev) :  000012F4 000000AC
            | + function block  :  00000000 00000002
  05          osal_mem_free
              | Stack used (prev) :  00000000 00000000
              | + function block  :  0000000A 00000002
              |  Already listed
  05          osal_mem_alloc
              | Stack used (prev) :  00000000 00000000
              | + function block  :  00000018 00000000
              |  Already listed
  04        osal_mem_kick
            | Stack used (prev) :  000012F4 000000AC
            | + function block  :  0000000A 00000000
  04        osal_mem_init
            | Stack used (prev) :  000012F4 000000AC
            | + function block  :  00000000 00000002
  03      osal_init_system
          | Stack used (prev) :  000013FC 000000BA
          | + function block  :  00000000 00000004
  02    main
        | Stack used (prev) :  000013FC 000000BE
        | + function block  :  00000000 00000000
  01  ?call_main
      | Stack used (prev) :  000013FC 000000BE
      | + function block  :  00000000 00000000
  <-Sub-tree of type: Function tree
    | Stack used          :  000013FC 000000BE


  ->Sub-tree of type: Function tree
                             XSTACK   ISTACK
    | Stack used (prev) :  000013FC 000000BE
  01  __program_start
      | Stack used (prev) :  000013FC 000000BE
      | + function block  :  00000000 00000000
  <-Sub-tree of type: Function tree
    | Stack used          :  000013FC 000000BE


  ->Sub-tree of type: Function tree
                             XSTACK   ISTACK
    | Stack used (prev) :  000013FC 000000BE
  01  memset::?relay
      | Stack used (prev) :  000013FC 000000BE
      | + function block  :  00000000 00000000
  <-Sub-tree of type: Function tree
    | Stack used          :  000013FC 000000BE


  ->Sub-tree of type: Function tree
                             XSTACK   ISTACK
    | Stack used (prev) :  000013FC 000000BE
  01  strcat::?relay
      | Stack used (prev) :  000013FC 000000BE
      | + function block  :  00000000 00000000
  <-Sub-tree of type: Function tree
    | Stack used          :  000013FC 000000BE


  ->Sub-tree of type: Function tree
                             XSTACK   ISTACK
    | Stack used (prev) :  000013FC 000000BE
  01  strcpy::?relay
      | Stack used (prev) :  000013FC 000000BE
      | + function block  :  00000000 00000000
  <-Sub-tree of type: Function tree
    | Stack used          :  000013FC 000000BE


  ->Sub-tree of type: Function tree
                             XSTACK   ISTACK
    | Stack used (prev) :  000013FC 000000BE
  01  strlen::?relay
      | Stack used (prev) :  000013FC 000000BE
      | + function block  :  00000000 00000000
  <-Sub-tree of type: Function tree
    | Stack used          :  000013FC 000000BE




                ****************************************
                *                                      *
                *      SEGMENTS IN ADDRESS ORDER       *
                *                                      *
                ****************************************


SEGMENT              SPACE    START ADDRESS   END ADDRESS     SIZE  TYPE  ALIGN
=======              =====    =============   ===========     ====  ====  =====
INTVEC               CODE          00000000 - 00000085          86   com    0
CSTART               CODE          00000086 - 0000014C          C7   rel    0
BDATA_ID             CODE               0000014D                     dse    0
BIT_ID               CODE               0000014D                     dse    0
DATA_ID              CODE          0000014D - 0000014D           1   rel    0
PDATA_ID             CODE               0000014E                     dse    0
IXDATA_ID            CODE               0000014E                     dse    0
IDATA_ID             CODE               0000014E                     dse    0
XDATA_ID             CODE          0000014E - 00000478         32B   rel    0
BANK_RELAYS          CODE          00000479 - 000014E6        106E   rel    0
RCODE                CODE          000014E7 - 0000211E         C38   rel    0
CODE_N               CODE               0000211F                     dse    0
DIFUNCT              CODE               0000211F                     dse    0
NEAR_CODE            CODE          00002120 - 00003119         FFA   rel    2
<BANKED_CODE,CODE_C> 1
                     CODE          0000311C - 00007FF5        4EDA   rel    2
SLEEP_CODE           CODE          00007FF8 - 00007FFF           8   rel    0
<BANKED_CODE,XDATA_ROM_C_FLASH> 1
                     CODE          00008000 - 0000FFFE        7FFF   rel    2
<BANKED_CODE> 1      CODE          00010000 - 00017FF2        7FF3   rel    0
<BANKED_CODE> 2      CODE          00018000 - 0001D019        501A   rel    0
BLENV_ADDRESS_SPACE
                     CODE          0003E800 - 0003F7FF        1000   rel    0
REGISTERS            DATA          00000000 - 00000007           8   rel    0
VREG                 DATA          00000008 - 00000017          10   rel    0
PSP                  DATA               00000018                     dse    0
XSP                  DATA          00000018 - 00000019           2   rel    0
DATA_I               DATA          0000001A - 0000001A           1   rel    0
BREG                 BIT        00000020.0  -  00000020.7        8   rel    0
DATA_Z               DATA          00000021 - 00000028           8   rel    0
SFR_AN               DATA          00000080 - 00000080           1   rel    0
                     DATA          00000086 - 0000008D           8 
                     DATA          00000090 - 00000091           2 
                     DATA          00000094 - 00000097           4 
                     DATA          0000009A - 000000A9          10 
                     DATA          000000AB - 000000AF           5 
                     DATA          000000B3 - 000000B4           2 
                     DATA          000000B6 - 000000B6           1 
                     DATA          000000B8 - 000000C7          10 
                     DATA          000000C9 - 000000C9           1 
                     DATA          000000D1 - 000000D7           7 
                     DATA          000000D9 - 000000DB           3 
                     DATA          000000E1 - 000000E5           5 
                     DATA          000000E8 - 000000E9           2 
                     DATA          000000F1 - 000000F2           2 
                     DATA          000000F2 - 000000F5           4 
                     DATA          000000F7 - 000000FF           9 
XSTACK               XDATA         00000001 - 00000280         280   rel    0
XDATA_Z              XDATA         00000281 - 00000D65         AE5   rel    0
XDATA_I              XDATA         00000D66 - 00001090         32B   rel    0
<XDATA_N> 1          XDATA         00001091 - 00001C94         C04   rel    0
<XDATA_ROM_C> 1      CONST         00008000 - 00008545         546   rel    2
IDATA_I              IDATA              00000029                     dse    0
IDATA_Z              IDATA         00000029 - 0000002A           2   rel    0
ISTACK               IDATA         00000038 - 000000FF          C8   rel    0

                ****************************************
                *                                      *
                *        END OF CROSS REFERENCE        *
                *                                      *
                ****************************************

 122 887 bytes of CODE  memory
      35 bytes of DATA  memory (+ 88 absolute )
   7 316 bytes of XDATA memory
     202 bytes of IDATA memory
       8 bits  of BIT   memory
   1 350 bytes of CONST memory

Errors: none
Warnings: 2

